[0.236s] DEBUG:colcon:Command line arguments: ['/usr/bin/colcon', 'build']
[0.236s] DEBUG:colcon:Parsed command line arguments: Namespace(log_base=None, log_level=None, verb_name='build', build_base='build', install_base='install', merge_install=False, symlink_install=False, test_result_base=None, continue_on_error=False, executor='parallel', parallel_workers=6, event_handlers=None, ignore_user_meta=False, metas=['./colcon.meta'], base_paths=['.'], packages_ignore=None, packages_ignore_regex=None, paths=None, packages_up_to=None, packages_up_to_regex=None, packages_above=None, packages_above_and_dependencies=None, packages_above_depth=None, packages_select_by_dep=None, packages_skip_by_dep=None, packages_skip_up_to=None, packages_select_build_failed=False, packages_skip_build_finished=False, packages_select_test_failures=False, packages_skip_test_passed=False, packages_select=None, packages_skip=None, packages_select_regex=None, packages_skip_regex=None, packages_start=None, packages_end=None, allow_overriding=[], cmake_args=None, cmake_target=None, cmake_target_skip_unavailable=False, cmake_clean_cache=False, cmake_clean_first=False, cmake_force_configure=False, ament_cmake_args=None, catkin_cmake_args=None, catkin_skip_building_tests=False, verb_parser=<colcon_defaults.argument_parser.defaults.DefaultArgumentsDecorator object at 0xffffa4158d90>, verb_extension=<colcon_core.verb.build.BuildVerb object at 0xffffa4158880>, main=<bound method BuildVerb.main of <colcon_core.verb.build.BuildVerb object at 0xffffa4158880>>)
[0.625s] Level 1:colcon.colcon_core.package_discovery:discover_packages(colcon_meta) check parameters
[0.625s] Level 1:colcon.colcon_core.package_discovery:discover_packages(recursive) check parameters
[0.625s] Level 1:colcon.colcon_core.package_discovery:discover_packages(ignore) check parameters
[0.625s] Level 1:colcon.colcon_core.package_discovery:discover_packages(path) check parameters
[0.625s] Level 1:colcon.colcon_core.package_discovery:discover_packages(colcon_meta) discover
[0.625s] Level 1:colcon.colcon_core.package_discovery:discover_packages(recursive) discover
[0.626s] INFO:colcon.colcon_core.package_discovery:Crawling recursively for packages in '/home/dxf/Desktop/li/moveit_ws/src/micro_urdf'
[0.626s] Level 1:colcon.colcon_core.package_identification:_identify(.) by extensions ['ignore', 'ignore_ament_install']
[0.626s] Level 1:colcon.colcon_core.package_identification:_identify(.) by extension 'ignore'
[0.626s] Level 1:colcon.colcon_core.package_identification:_identify(.) by extension 'ignore_ament_install'
[0.627s] Level 1:colcon.colcon_core.package_identification:_identify(.) by extensions ['colcon_pkg']
[0.627s] Level 1:colcon.colcon_core.package_identification:_identify(.) by extension 'colcon_pkg'
[0.627s] Level 1:colcon.colcon_core.package_identification:_identify(.) by extensions ['colcon_meta']
[0.627s] Level 1:colcon.colcon_core.package_identification:_identify(.) by extension 'colcon_meta'
[0.627s] Level 1:colcon.colcon_core.package_identification:_identify(.) by extensions ['ros']
[0.627s] Level 1:colcon.colcon_core.package_identification:_identify(.) by extension 'ros'
[0.655s] DEBUG:colcon.colcon_core.package_identification:Package '.' with type 'ros.ament_cmake' and name 'micro_urdf'
[0.656s] Level 1:colcon.colcon_core.package_discovery:discover_packages(recursive) using defaults
[0.656s] Level 1:colcon.colcon_core.package_discovery:discover_packages(ignore) discover
[0.656s] Level 1:colcon.colcon_core.package_discovery:discover_packages(ignore) using defaults
[0.656s] Level 1:colcon.colcon_core.package_discovery:discover_packages(path) discover
[0.656s] Level 1:colcon.colcon_core.package_discovery:discover_packages(path) using defaults
[0.727s] Level 1:colcon.colcon_core.package_discovery:discover_packages(prefix_path) check parameters
[0.727s] Level 1:colcon.colcon_core.package_discovery:discover_packages(prefix_path) discover
[0.731s] DEBUG:colcon.colcon_installed_package_information.package_discovery:Found 2 installed packages in /home/dxf/Desktop/li/moveit_ws/install
[0.734s] DEBUG:colcon.colcon_installed_package_information.package_discovery:Found 396 installed packages in /opt/ros/humble
[0.738s] Level 1:colcon.colcon_core.package_discovery:discover_packages(prefix_path) using defaults
[0.839s] Level 5:colcon.colcon_core.verb:set package 'micro_urdf' build argument 'cmake_args' from command line to 'None'
[0.840s] Level 5:colcon.colcon_core.verb:set package 'micro_urdf' build argument 'cmake_target' from command line to 'None'
[0.840s] Level 5:colcon.colcon_core.verb:set package 'micro_urdf' build argument 'cmake_target_skip_unavailable' from command line to 'False'
[0.840s] Level 5:colcon.colcon_core.verb:set package 'micro_urdf' build argument 'cmake_clean_cache' from command line to 'False'
[0.840s] Level 5:colcon.colcon_core.verb:set package 'micro_urdf' build argument 'cmake_clean_first' from command line to 'False'
[0.840s] Level 5:colcon.colcon_core.verb:set package 'micro_urdf' build argument 'cmake_force_configure' from command line to 'False'
[0.840s] Level 5:colcon.colcon_core.verb:set package 'micro_urdf' build argument 'ament_cmake_args' from command line to 'None'
[0.840s] Level 5:colcon.colcon_core.verb:set package 'micro_urdf' build argument 'catkin_cmake_args' from command line to 'None'
[0.840s] Level 5:colcon.colcon_core.verb:set package 'micro_urdf' build argument 'catkin_skip_building_tests' from command line to 'False'
[0.840s] DEBUG:colcon.colcon_core.verb:Building package 'micro_urdf' with the following arguments: {'ament_cmake_args': None, 'build_base': '/home/dxf/Desktop/li/moveit_ws/src/micro_urdf/build/micro_urdf', 'catkin_cmake_args': None, 'catkin_skip_building_tests': False, 'cmake_args': None, 'cmake_clean_cache': False, 'cmake_clean_first': False, 'cmake_force_configure': False, 'cmake_target': None, 'cmake_target_skip_unavailable': False, 'install_base': '/home/dxf/Desktop/li/moveit_ws/src/micro_urdf/install/micro_urdf', 'merge_install': False, 'path': '/home/dxf/Desktop/li/moveit_ws/src/micro_urdf', 'symlink_install': False, 'test_result_base': None}
[0.840s] INFO:colcon.colcon_core.executor:Executing jobs using 'parallel' executor
[0.843s] DEBUG:colcon.colcon_parallel_executor.executor.parallel:run_until_complete
[0.844s] INFO:colcon.colcon_ros.task.ament_cmake.build:Building ROS package in '/home/dxf/Desktop/li/moveit_ws/src/micro_urdf' with build type 'ament_cmake'
[0.844s] INFO:colcon.colcon_cmake.task.cmake.build:Building CMake package in '/home/dxf/Desktop/li/moveit_ws/src/micro_urdf'
[0.848s] INFO:colcon.colcon_core.plugin_system:Skipping extension 'colcon_core.shell.bat': Not used on non-Windows systems
[0.849s] INFO:colcon.colcon_core.shell:Skip shell extension 'powershell' for command environment: Not usable outside of PowerShell
[0.849s] DEBUG:colcon.colcon_core.shell:Skip shell extension 'dsv' for command environment
[0.869s] DEBUG:colcon.colcon_core.event_handler.log_command:Invoking command in '/home/dxf/Desktop/li/moveit_ws/src/micro_urdf/build/micro_urdf': CMAKE_PREFIX_PATH=${CMAKE_PREFIX_PATH}:/opt/ros/humble /usr/bin/cmake /home/dxf/Desktop/li/moveit_ws/src/micro_urdf -DCMAKE_INSTALL_PREFIX=/home/dxf/Desktop/li/moveit_ws/src/micro_urdf/install/micro_urdf
[2.318s] DEBUG:colcon.colcon_core.event_handler.log_command:Invoked command in '/home/dxf/Desktop/li/moveit_ws/src/micro_urdf/build/micro_urdf' returned '0': CMAKE_PREFIX_PATH=${CMAKE_PREFIX_PATH}:/opt/ros/humble /usr/bin/cmake /home/dxf/Desktop/li/moveit_ws/src/micro_urdf -DCMAKE_INSTALL_PREFIX=/home/dxf/Desktop/li/moveit_ws/src/micro_urdf/install/micro_urdf
[2.323s] DEBUG:colcon.colcon_core.event_handler.log_command:Invoking command in '/home/dxf/Desktop/li/moveit_ws/src/micro_urdf/build/micro_urdf': CMAKE_PREFIX_PATH=${CMAKE_PREFIX_PATH}:/opt/ros/humble /usr/bin/cmake --build /home/dxf/Desktop/li/moveit_ws/src/micro_urdf/build/micro_urdf -- -j6 -l6
[2.413s] DEBUG:colcon.colcon_core.event_handler.log_command:Invoked command in '/home/dxf/Desktop/li/moveit_ws/src/micro_urdf/build/micro_urdf' returned '0': CMAKE_PREFIX_PATH=${CMAKE_PREFIX_PATH}:/opt/ros/humble /usr/bin/cmake --build /home/dxf/Desktop/li/moveit_ws/src/micro_urdf/build/micro_urdf -- -j6 -l6
[2.437s] DEBUG:colcon.colcon_core.event_handler.log_command:Invoking command in '/home/dxf/Desktop/li/moveit_ws/src/micro_urdf/build/micro_urdf': CMAKE_PREFIX_PATH=${CMAKE_PREFIX_PATH}:/opt/ros/humble /usr/bin/cmake --install /home/dxf/Desktop/li/moveit_ws/src/micro_urdf/build/micro_urdf
[2.470s] Level 1:colcon.colcon_core.environment:create_environment_scripts_only(micro_urdf)
[2.471s] DEBUG:colcon.colcon_core.event_handler.log_command:Invoked command in '/home/dxf/Desktop/li/moveit_ws/src/micro_urdf/build/micro_urdf' returned '0': CMAKE_PREFIX_PATH=${CMAKE_PREFIX_PATH}:/opt/ros/humble /usr/bin/cmake --install /home/dxf/Desktop/li/moveit_ws/src/micro_urdf/build/micro_urdf
[2.480s] Level 1:colcon.colcon_core.environment:checking '/home/dxf/Desktop/li/moveit_ws/src/micro_urdf/install/micro_urdf' for CMake module files
[2.481s] Level 1:colcon.colcon_core.environment:checking '/home/dxf/Desktop/li/moveit_ws/src/micro_urdf/install/micro_urdf' for CMake config files
[2.482s] Level 1:colcon.colcon_core.shell:create_environment_hook('micro_urdf', 'cmake_prefix_path')
[2.483s] INFO:colcon.colcon_core.shell:Creating environment hook '/home/dxf/Desktop/li/moveit_ws/src/micro_urdf/install/micro_urdf/share/micro_urdf/hook/cmake_prefix_path.ps1'
[2.486s] INFO:colcon.colcon_core.shell:Creating environment descriptor '/home/dxf/Desktop/li/moveit_ws/src/micro_urdf/install/micro_urdf/share/micro_urdf/hook/cmake_prefix_path.dsv'
[2.488s] INFO:colcon.colcon_core.shell:Creating environment hook '/home/dxf/Desktop/li/moveit_ws/src/micro_urdf/install/micro_urdf/share/micro_urdf/hook/cmake_prefix_path.sh'
[2.491s] Level 1:colcon.colcon_core.environment:checking '/home/dxf/Desktop/li/moveit_ws/src/micro_urdf/install/micro_urdf/bin'
[2.491s] Level 1:colcon.colcon_core.environment:checking '/home/dxf/Desktop/li/moveit_ws/src/micro_urdf/install/micro_urdf/lib/pkgconfig/micro_urdf.pc'
[2.492s] Level 1:colcon.colcon_core.environment:checking '/home/dxf/Desktop/li/moveit_ws/src/micro_urdf/install/micro_urdf/lib/python3.10/site-packages'
[2.494s] Level 1:colcon.colcon_core.environment:checking '/home/dxf/Desktop/li/moveit_ws/src/micro_urdf/install/micro_urdf/bin'
[2.495s] INFO:colcon.colcon_core.shell:Creating package script '/home/dxf/Desktop/li/moveit_ws/src/micro_urdf/install/micro_urdf/share/micro_urdf/package.ps1'
[2.498s] INFO:colcon.colcon_core.shell:Creating package descriptor '/home/dxf/Desktop/li/moveit_ws/src/micro_urdf/install/micro_urdf/share/micro_urdf/package.dsv'
[2.500s] INFO:colcon.colcon_core.shell:Creating package script '/home/dxf/Desktop/li/moveit_ws/src/micro_urdf/install/micro_urdf/share/micro_urdf/package.sh'
[2.502s] INFO:colcon.colcon_core.shell:Creating package script '/home/dxf/Desktop/li/moveit_ws/src/micro_urdf/install/micro_urdf/share/micro_urdf/package.bash'
[2.505s] INFO:colcon.colcon_core.shell:Creating package script '/home/dxf/Desktop/li/moveit_ws/src/micro_urdf/install/micro_urdf/share/micro_urdf/package.zsh'
[2.507s] Level 1:colcon.colcon_core.environment:create_file_with_runtime_dependencies(/home/dxf/Desktop/li/moveit_ws/src/micro_urdf/install/micro_urdf/share/colcon-core/packages/micro_urdf)
[2.510s] Level 1:colcon.colcon_core.environment:create_environment_scripts_only(micro_urdf)
[2.510s] Level 1:colcon.colcon_core.environment:checking '/home/dxf/Desktop/li/moveit_ws/src/micro_urdf/install/micro_urdf' for CMake module files
[2.512s] Level 1:colcon.colcon_core.environment:checking '/home/dxf/Desktop/li/moveit_ws/src/micro_urdf/install/micro_urdf' for CMake config files
[2.513s] Level 1:colcon.colcon_core.shell:create_environment_hook('micro_urdf', 'cmake_prefix_path')
[2.513s] INFO:colcon.colcon_core.shell:Creating environment hook '/home/dxf/Desktop/li/moveit_ws/src/micro_urdf/install/micro_urdf/share/micro_urdf/hook/cmake_prefix_path.ps1'
[2.515s] INFO:colcon.colcon_core.shell:Creating environment descriptor '/home/dxf/Desktop/li/moveit_ws/src/micro_urdf/install/micro_urdf/share/micro_urdf/hook/cmake_prefix_path.dsv'
[2.516s] INFO:colcon.colcon_core.shell:Creating environment hook '/home/dxf/Desktop/li/moveit_ws/src/micro_urdf/install/micro_urdf/share/micro_urdf/hook/cmake_prefix_path.sh'
[2.518s] Level 1:colcon.colcon_core.environment:checking '/home/dxf/Desktop/li/moveit_ws/src/micro_urdf/install/micro_urdf/bin'
[2.518s] Level 1:colcon.colcon_core.environment:checking '/home/dxf/Desktop/li/moveit_ws/src/micro_urdf/install/micro_urdf/lib/pkgconfig/micro_urdf.pc'
[2.519s] Level 1:colcon.colcon_core.environment:checking '/home/dxf/Desktop/li/moveit_ws/src/micro_urdf/install/micro_urdf/lib/python3.10/site-packages'
[2.520s] Level 1:colcon.colcon_core.environment:checking '/home/dxf/Desktop/li/moveit_ws/src/micro_urdf/install/micro_urdf/bin'
[2.521s] INFO:colcon.colcon_core.shell:Creating package script '/home/dxf/Desktop/li/moveit_ws/src/micro_urdf/install/micro_urdf/share/micro_urdf/package.ps1'
[2.523s] INFO:colcon.colcon_core.shell:Creating package descriptor '/home/dxf/Desktop/li/moveit_ws/src/micro_urdf/install/micro_urdf/share/micro_urdf/package.dsv'
[2.524s] INFO:colcon.colcon_core.shell:Creating package script '/home/dxf/Desktop/li/moveit_ws/src/micro_urdf/install/micro_urdf/share/micro_urdf/package.sh'
[2.526s] INFO:colcon.colcon_core.shell:Creating package script '/home/dxf/Desktop/li/moveit_ws/src/micro_urdf/install/micro_urdf/share/micro_urdf/package.bash'
[2.527s] INFO:colcon.colcon_core.shell:Creating package script '/home/dxf/Desktop/li/moveit_ws/src/micro_urdf/install/micro_urdf/share/micro_urdf/package.zsh'
[2.528s] Level 1:colcon.colcon_core.environment:create_file_with_runtime_dependencies(/home/dxf/Desktop/li/moveit_ws/src/micro_urdf/install/micro_urdf/share/colcon-core/packages/micro_urdf)
[2.529s] DEBUG:colcon.colcon_parallel_executor.executor.parallel:closing loop
[2.530s] DEBUG:colcon.colcon_parallel_executor.executor.parallel:loop closed
[2.530s] DEBUG:colcon.colcon_parallel_executor.executor.parallel:run_until_complete finished with '0'
[2.531s] DEBUG:colcon.colcon_core.event_reactor:joining thread
[2.549s] INFO:colcon.colcon_core.plugin_system:Skipping extension 'colcon_notification.desktop_notification.terminal_notifier': Not used on non-Darwin systems
[2.550s] INFO:colcon.colcon_core.plugin_system:Skipping extension 'colcon_notification.desktop_notification.win32': Not used on non-Windows systems
[2.550s] INFO:colcon.colcon_notification.desktop_notification:Sending desktop notification using 'notify2'
[2.583s] DEBUG:colcon.colcon_core.event_reactor:joined thread
[2.584s] INFO:colcon.colcon_core.shell:Creating prefix script '/home/dxf/Desktop/li/moveit_ws/src/micro_urdf/install/local_setup.ps1'
[2.588s] INFO:colcon.colcon_core.shell:Creating prefix util module '/home/dxf/Desktop/li/moveit_ws/src/micro_urdf/install/_local_setup_util_ps1.py'
[2.593s] INFO:colcon.colcon_core.shell:Creating prefix chain script '/home/dxf/Desktop/li/moveit_ws/src/micro_urdf/install/setup.ps1'
[2.597s] INFO:colcon.colcon_core.shell:Creating prefix script '/home/dxf/Desktop/li/moveit_ws/src/micro_urdf/install/local_setup.sh'
[2.599s] INFO:colcon.colcon_core.shell:Creating prefix util module '/home/dxf/Desktop/li/moveit_ws/src/micro_urdf/install/_local_setup_util_sh.py'
[2.601s] INFO:colcon.colcon_core.shell:Creating prefix chain script '/home/dxf/Desktop/li/moveit_ws/src/micro_urdf/install/setup.sh'
[2.605s] INFO:colcon.colcon_core.shell:Creating prefix script '/home/dxf/Desktop/li/moveit_ws/src/micro_urdf/install/local_setup.bash'
[2.607s] INFO:colcon.colcon_core.shell:Creating prefix chain script '/home/dxf/Desktop/li/moveit_ws/src/micro_urdf/install/setup.bash'
[2.611s] INFO:colcon.colcon_core.shell:Creating prefix script '/home/dxf/Desktop/li/moveit_ws/src/micro_urdf/install/local_setup.zsh'
[2.613s] INFO:colcon.colcon_core.shell:Creating prefix chain script '/home/dxf/Desktop/li/moveit_ws/src/micro_urdf/install/setup.zsh'
