[0.031s] Invoking command in '/home/dxf/Desktop/li/moveit_ws/build/my_robot_description': CMAKE_PREFIX_PATH=${CMAKE_PREFIX_PATH}:/opt/ros/humble /usr/bin/cmake --build /home/dxf/Desktop/li/moveit_ws/build/my_robot_description -- -j6 -l6
[0.178s] Invoked command in '/home/dxf/Desktop/li/moveit_ws/build/my_robot_description' returned '0': CMAKE_PREFIX_PATH=${CMAKE_PREFIX_PATH}:/opt/ros/humble /usr/bin/cmake --build /home/dxf/Desktop/li/moveit_ws/build/my_robot_description -- -j6 -l6
[0.209s] Invoking command in '/home/dxf/Desktop/li/moveit_ws/build/my_robot_description': CMAKE_PREFIX_PATH=${CMAKE_PREFIX_PATH}:/opt/ros/humble /usr/bin/cmake --install /home/dxf/Desktop/li/moveit_ws/build/my_robot_description
[0.229s] -- Install configuration: ""
[0.229s] -- Up-to-date: /home/dxf/Desktop/li/moveit_ws/install/my_robot_description/share/my_robot_description/launch
[0.230s] -- Up-to-date: /home/dxf/Desktop/li/moveit_ws/install/my_robot_description/share/my_robot_description/launch/display.launch
[0.230s] -- Up-to-date: /home/dxf/Desktop/li/moveit_ws/install/my_robot_description/share/my_robot_description/launch/gazebo.launch
[0.231s] -- Up-to-date: /home/dxf/Desktop/li/moveit_ws/install/my_robot_description/share/my_robot_description/meshes
[0.231s] -- Up-to-date: /home/dxf/Desktop/li/moveit_ws/install/my_robot_description/share/my_robot_description/meshes/Link_4.STL
[0.232s] -- Up-to-date: /home/dxf/Desktop/li/moveit_ws/install/my_robot_description/share/my_robot_description/meshes/link_3.STL
[0.232s] -- Up-to-date: /home/dxf/Desktop/li/moveit_ws/install/my_robot_description/share/my_robot_description/meshes/link_1.STL
[0.232s] -- Up-to-date: /home/dxf/Desktop/li/moveit_ws/install/my_robot_description/share/my_robot_description/meshes/link_2.STL
[0.232s] -- Up-to-date: /home/dxf/Desktop/li/moveit_ws/install/my_robot_description/share/my_robot_description/meshes/grab.STL
[0.233s] -- Up-to-date: /home/dxf/Desktop/li/moveit_ws/install/my_robot_description/share/my_robot_description/meshes/base_link.STL
[0.233s] -- Up-to-date: /home/dxf/Desktop/li/moveit_ws/install/my_robot_description/share/my_robot_description/urdf
[0.233s] -- Installing: /home/dxf/Desktop/li/moveit_ws/install/my_robot_description/share/my_robot_description/urdf/my_robot_description.urdf
[0.233s] -- Up-to-date: /home/dxf/Desktop/li/moveit_ws/install/my_robot_description/share/my_robot_description/urdf/my_robot_description.csv
[0.233s] -- Up-to-date: /home/dxf/Desktop/li/moveit_ws/install/my_robot_description/share/my_robot_description/textures
[0.234s] -- Up-to-date: /home/dxf/Desktop/li/moveit_ws/install/my_robot_description/share/my_robot_description/config
[0.234s] -- Up-to-date: /home/dxf/Desktop/li/moveit_ws/install/my_robot_description/share/my_robot_description/config/joint_names_robotic arm mine.STEP.SLDASM.yaml
[0.234s] -- Up-to-date: /home/dxf/Desktop/li/moveit_ws/install/my_robot_description/share/ament_index/resource_index/package_run_dependencies/my_robot_description
[0.234s] -- Up-to-date: /home/dxf/Desktop/li/moveit_ws/install/my_robot_description/share/ament_index/resource_index/parent_prefix_path/my_robot_description
[0.234s] -- Up-to-date: /home/dxf/Desktop/li/moveit_ws/install/my_robot_description/share/my_robot_description/environment/ament_prefix_path.sh
[0.235s] -- Up-to-date: /home/dxf/Desktop/li/moveit_ws/install/my_robot_description/share/my_robot_description/environment/ament_prefix_path.dsv
[0.236s] -- Up-to-date: /home/dxf/Desktop/li/moveit_ws/install/my_robot_description/share/my_robot_description/environment/path.sh
[0.237s] -- Up-to-date: /home/dxf/Desktop/li/moveit_ws/install/my_robot_description/share/my_robot_description/environment/path.dsv
[0.239s] -- Up-to-date: /home/dxf/Desktop/li/moveit_ws/install/my_robot_description/share/my_robot_description/local_setup.bash
[0.239s] -- Up-to-date: /home/dxf/Desktop/li/moveit_ws/install/my_robot_description/share/my_robot_description/local_setup.sh
[0.240s] -- Up-to-date: /home/dxf/Desktop/li/moveit_ws/install/my_robot_description/share/my_robot_description/local_setup.zsh
[0.240s] -- Up-to-date: /home/dxf/Desktop/li/moveit_ws/install/my_robot_description/share/my_robot_description/local_setup.dsv
[0.241s] -- Installing: /home/dxf/Desktop/li/moveit_ws/install/my_robot_description/share/my_robot_description/package.dsv
[0.241s] -- Up-to-date: /home/dxf/Desktop/li/moveit_ws/install/my_robot_description/share/ament_index/resource_index/packages/my_robot_description
[0.242s] -- Up-to-date: /home/dxf/Desktop/li/moveit_ws/install/my_robot_description/share/my_robot_description/cmake/my_robot_descriptionConfig.cmake
[0.242s] -- Up-to-date: /home/dxf/Desktop/li/moveit_ws/install/my_robot_description/share/my_robot_description/cmake/my_robot_descriptionConfig-version.cmake
[0.243s] -- Up-to-date: /home/dxf/Desktop/li/moveit_ws/install/my_robot_description/share/my_robot_description/package.xml
[0.244s] Invoked command in '/home/dxf/Desktop/li/moveit_ws/build/my_robot_description' returned '0': CMAKE_PREFIX_PATH=${CMAKE_PREFIX_PATH}:/opt/ros/humble /usr/bin/cmake --install /home/dxf/Desktop/li/moveit_ws/build/my_robot_description
