[0.024s] Invoking command in '/home/dxf/Desktop/li/moveit_ws/build/micro_urdf': CMAKE_PREFIX_PATH=${CMAKE_PREFIX_PATH}:/opt/ros/humble /usr/bin/cmake /home/dxf/Desktop/li/moveit_ws/src/micro_urdf -DCMAKE_INSTALL_PREFIX=/home/dxf/Desktop/li/moveit_ws/install/micro_urdf
[0.045s] -- Found ament_cmake: 1.3.12 (/opt/ros/humble/share/ament_cmake/cmake)
[0.507s] -- Configuring done
[0.514s] -- Generating done
[0.520s] -- Build files have been written to: /home/dxf/Desktop/li/moveit_ws/build/micro_urdf
[0.527s] Invoked command in '/home/dxf/Desktop/li/moveit_ws/build/micro_urdf' returned '0': CMAKE_PREFIX_PATH=${CMAKE_PREFIX_PATH}:/opt/ros/humble /usr/bin/cmake /home/dxf/Desktop/li/moveit_ws/src/micro_urdf -DCMAKE_INSTALL_PREFIX=/home/dxf/Desktop/li/moveit_ws/install/micro_urdf
[0.533s] Invoking command in '/home/dxf/Desktop/li/moveit_ws/build/micro_urdf': CMAKE_PREFIX_PATH=${CMAKE_PREFIX_PATH}:/opt/ros/humble /usr/bin/cmake --build /home/dxf/Desktop/li/moveit_ws/build/micro_urdf -- -j6 -l6
[0.622s] Invoked command in '/home/dxf/Desktop/li/moveit_ws/build/micro_urdf' returned '0': CMAKE_PREFIX_PATH=${CMAKE_PREFIX_PATH}:/opt/ros/humble /usr/bin/cmake --build /home/dxf/Desktop/li/moveit_ws/build/micro_urdf -- -j6 -l6
[0.649s] Invoking command in '/home/dxf/Desktop/li/moveit_ws/build/micro_urdf': CMAKE_PREFIX_PATH=${CMAKE_PREFIX_PATH}:/opt/ros/humble /usr/bin/cmake --install /home/dxf/Desktop/li/moveit_ws/build/micro_urdf
[0.673s] -- Install configuration: ""
[0.676s] -- Installing: /home/dxf/Desktop/li/moveit_ws/install/micro_urdf/share/ament_index/resource_index/package_run_dependencies/micro_urdf
[0.678s] -- Installing: /home/dxf/Desktop/li/moveit_ws/install/micro_urdf/share/ament_index/resource_index/parent_prefix_path/micro_urdf
[0.679s] -- Installing: /home/dxf/Desktop/li/moveit_ws/install/micro_urdf/share/micro_urdf/environment/ament_prefix_path.sh
[0.679s] -- Installing: /home/dxf/Desktop/li/moveit_ws/install/micro_urdf/share/micro_urdf/environment/ament_prefix_path.dsv
[0.680s] -- Installing: /home/dxf/Desktop/li/moveit_ws/install/micro_urdf/share/micro_urdf/environment/path.sh
[0.681s] -- Installing: /home/dxf/Desktop/li/moveit_ws/install/micro_urdf/share/micro_urdf/environment/path.dsv
[0.681s] -- Installing: /home/dxf/Desktop/li/moveit_ws/install/micro_urdf/share/micro_urdf/local_setup.bash
[0.684s] -- Installing: /home/dxf/Desktop/li/moveit_ws/install/micro_urdf/share/micro_urdf/local_setup.sh
[0.684s] -- Installing: /home/dxf/Desktop/li/moveit_ws/install/micro_urdf/share/micro_urdf/local_setup.zsh
[0.684s] -- Installing: /home/dxf/Desktop/li/moveit_ws/install/micro_urdf/share/micro_urdf/local_setup.dsv
[0.684s] -- Installing: /home/dxf/Desktop/li/moveit_ws/install/micro_urdf/share/micro_urdf/package.dsv
[0.685s] -- Installing: /home/dxf/Desktop/li/moveit_ws/install/micro_urdf/share/ament_index/resource_index/packages/micro_urdf
[0.685s] -- Installing: /home/dxf/Desktop/li/moveit_ws/install/micro_urdf/share/micro_urdf/cmake/micro_urdfConfig.cmake
[0.685s] -- Installing: /home/dxf/Desktop/li/moveit_ws/install/micro_urdf/share/micro_urdf/cmake/micro_urdfConfig-version.cmake
[0.686s] -- Installing: /home/dxf/Desktop/li/moveit_ws/install/micro_urdf/share/micro_urdf/package.xml
[0.687s] -- Installing: /home/dxf/Desktop/li/moveit_ws/install/micro_urdf/share/micro_urdf/launch
[0.687s] -- Installing: /home/dxf/Desktop/li/moveit_ws/install/micro_urdf/share/micro_urdf/launch/setup_assistant.launch.py
[0.688s] -- Installing: /home/dxf/Desktop/li/moveit_ws/install/micro_urdf/share/micro_urdf/launch/demo.launch.py
[0.688s] -- Installing: /home/dxf/Desktop/li/moveit_ws/install/micro_urdf/share/micro_urdf/launch/static_virtual_joint_tfs.launch.py
[0.689s] -- Installing: /home/dxf/Desktop/li/moveit_ws/install/micro_urdf/share/micro_urdf/launch/rsp.launch.py
[0.689s] -- Installing: /home/dxf/Desktop/li/moveit_ws/install/micro_urdf/share/micro_urdf/launch/moveit_rviz.launch.py
[0.689s] -- Installing: /home/dxf/Desktop/li/moveit_ws/install/micro_urdf/share/micro_urdf/launch/spawn_controllers.launch.py
[0.691s] -- Installing: /home/dxf/Desktop/li/moveit_ws/install/micro_urdf/share/micro_urdf/launch/move_group.launch.py
[0.691s] -- Installing: /home/dxf/Desktop/li/moveit_ws/install/micro_urdf/share/micro_urdf/launch/warehouse_db.launch.py
[0.692s] -- Installing: /home/dxf/Desktop/li/moveit_ws/install/micro_urdf/share/micro_urdf/config
[0.692s] -- Installing: /home/dxf/Desktop/li/moveit_ws/install/micro_urdf/share/micro_urdf/config/ros2_controllers.yaml
[0.692s] -- Installing: /home/dxf/Desktop/li/moveit_ws/install/micro_urdf/share/micro_urdf/config/moveit.rviz
[0.693s] -- Installing: /home/dxf/Desktop/li/moveit_ws/install/micro_urdf/share/micro_urdf/config/joint_limits.yaml
[0.693s] -- Installing: /home/dxf/Desktop/li/moveit_ws/install/micro_urdf/share/micro_urdf/config/my_robot_description.srdf
[0.694s] -- Installing: /home/dxf/Desktop/li/moveit_ws/install/micro_urdf/share/micro_urdf/config/kinematics.yaml
[0.695s] -- Installing: /home/dxf/Desktop/li/moveit_ws/install/micro_urdf/share/micro_urdf/config/moveit_controllers.yaml
[0.696s] -- Installing: /home/dxf/Desktop/li/moveit_ws/install/micro_urdf/share/micro_urdf/config/pilz_cartesian_limits.yaml
[0.697s] -- Installing: /home/dxf/Desktop/li/moveit_ws/install/micro_urdf/share/micro_urdf/.setup_assistant
[0.704s] Invoked command in '/home/dxf/Desktop/li/moveit_ws/build/micro_urdf' returned '0': CMAKE_PREFIX_PATH=${CMAKE_PREFIX_PATH}:/opt/ros/humble /usr/bin/cmake --install /home/dxf/Desktop/li/moveit_ws/build/micro_urdf
