In file included from [01m[K/usr/include/aarch64-linux-gnu/c++/11/bits/c++allocator.h:33[m[K,
                 from [01m[K/usr/include/c++/11/bits/allocator.h:46[m[K,
                 from [01m[K/usr/include/c++/11/unordered_map:40[m[K,
                 from [01m[K/usr/include/c++/11/functional:61[m[K,
                 from [01m[K/usr/include/c++/11/pstl/glue_algorithm_defs.h:13[m[K,
                 from [01m[K/usr/include/c++/11/algorithm:74[m[K,
                 from [01m[K/usr/include/aarch64-linux-gnu/qt5/QtCore/qglobal.h:142[m[K,
                 from [01m[K/usr/include/aarch64-linux-gnu/qt5/QtGui/qtguiglobal.h:43[m[K,
                 from [01m[K/usr/include/aarch64-linux-gnu/qt5/QtWidgets/qtwidgetsglobal.h:43[m[K,
                 from [01m[K/usr/include/aarch64-linux-gnu/qt5/QtWidgets/qwidget.h:43[m[K,
                 from [01m[K/usr/include/aarch64-linux-gnu/qt5/QtWidgets/QWidget:1[m[K,
                 from [01m[K/home/dxf/Desktop/li/ros2_ws/src/robot_arm_gui/include/robot_arm_gui/rviz_panel.hpp:4[m[K,
                 from [01m[K/home/dxf/Desktop/li/ros2_ws/src/robot_arm_gui/src/rviz_panel.cpp:1[m[K:
/usr/include/c++/11/ext/new_allocator.h: In instantiation of ‘[01m[Kvoid __gnu_cxx::new_allocator<_Tp>::construct(_Up*, _Args&& ...) [with _Up = RosNodeAbstractionWrapper; _Args = {std::shared_ptr<rclcpp::Node>&}; _Tp = RosNodeAbstractionWrapper][m[K’:
[01m[K/usr/include/c++/11/bits/alloc_traits.h:516:17:[m[K   required from ‘[01m[Kstatic void std::allocator_traits<std::allocator<_Tp1> >::construct(std::allocator_traits<std::allocator<_Tp1> >::allocator_type&, _Up*, _Args&& ...) [with _Up = RosNodeAbstractionWrapper; _Args = {std::shared_ptr<rclcpp::Node>&}; _Tp = RosNodeAbstractionWrapper; std::allocator_traits<std::allocator<_Tp1> >::allocator_type = std::allocator<RosNodeAbstractionWrapper>][m[K’
[01m[K/usr/include/c++/11/bits/shared_ptr_base.h:519:39:[m[K   required from ‘[01m[Kstd::_Sp_counted_ptr_inplace<_Tp, _Alloc, _Lp>::_Sp_counted_ptr_inplace(_Alloc, _Args&& ...) [with _Args = {std::shared_ptr<rclcpp::Node>&}; _Tp = RosNodeAbstractionWrapper; _Alloc = std::allocator<RosNodeAbstractionWrapper>; __gnu_cxx::_Lock_policy _Lp = __gnu_cxx::_S_atomic][m[K’
[01m[K/usr/include/c++/11/bits/shared_ptr_base.h:650:16:[m[K   required from ‘[01m[Kstd::__shared_count<_Lp>::__shared_count(_Tp*&, std::_Sp_alloc_shared_tag<_Alloc>, _Args&& ...) [with _Tp = RosNodeAbstractionWrapper; _Alloc = std::allocator<RosNodeAbstractionWrapper>; _Args = {std::shared_ptr<rclcpp::Node>&}; __gnu_cxx::_Lock_policy _Lp = __gnu_cxx::_S_atomic][m[K’
[01m[K/usr/include/c++/11/bits/shared_ptr_base.h:1342:14:[m[K   required from ‘[01m[Kstd::__shared_ptr<_Tp, _Lp>::__shared_ptr(std::_Sp_alloc_shared_tag<_Tp>, _Args&& ...) [with _Alloc = std::allocator<RosNodeAbstractionWrapper>; _Args = {std::shared_ptr<rclcpp::Node>&}; _Tp = RosNodeAbstractionWrapper; __gnu_cxx::_Lock_policy _Lp = __gnu_cxx::_S_atomic][m[K’
[01m[K/usr/include/c++/11/bits/shared_ptr.h:409:59:[m[K   required from ‘[01m[Kstd::shared_ptr<_Tp>::shared_ptr(std::_Sp_alloc_shared_tag<_Tp>, _Args&& ...) [with _Alloc = std::allocator<RosNodeAbstractionWrapper>; _Args = {std::shared_ptr<rclcpp::Node>&}; _Tp = RosNodeAbstractionWrapper][m[K’
[01m[K/usr/include/c++/11/bits/shared_ptr.h:862:14:[m[K   required from ‘[01m[Kstd::shared_ptr<_Tp> std::allocate_shared(const _Alloc&, _Args&& ...) [with _Tp = RosNodeAbstractionWrapper; _Alloc = std::allocator<RosNodeAbstractionWrapper>; _Args = {std::shared_ptr<rclcpp::Node>&}][m[K’
[01m[K/usr/include/c++/11/bits/shared_ptr.h:878:39:[m[K   required from ‘[01m[Kstd::shared_ptr<_Tp> std::make_shared(_Args&& ...) [with _Tp = RosNodeAbstractionWrapper; _Args = {std::shared_ptr<rclcpp::Node>&}][m[K’
[01m[K/home/dxf/Desktop/li/ros2_ws/src/robot_arm_gui/src/rviz_panel.cpp:104:76:[m[K   required from here
[01m[K/usr/include/c++/11/ext/new_allocator.h:162:11:[m[K [01;31m[Kerror: [m[Kinvalid new-expression of abstract class type ‘[01m[KRosNodeAbstractionWrapper[m[K’
  162 |         { [01;31m[K::new((void *)__p) _Up(std::forward<_Args>(__args)...)[m[K; }
      |           [01;31m[K^~~~~~~~~~~~~~~~~~~~~~~~~~~~~~~~~~~~~~~~~~~~~~~~~~~~~~[m[K
[01m[K/home/dxf/Desktop/li/ros2_ws/src/robot_arm_gui/src/rviz_panel.cpp:31:7:[m[K [01;36m[Knote: [m[K  because the following virtual functions are pure within ‘[01m[KRosNodeAbstractionWrapper[m[K’:
   31 | class [01;36m[KRosNodeAbstractionWrapper[m[K : public rviz_common::ros_integration::RosNodeAbstractionIface
      |       [01;36m[K^~~~~~~~~~~~~~~~~~~~~~~~~[m[K
In file included from [01m[K/opt/ros/humble/include/rviz_common/rviz_common/display_context.hpp:40[m[K,
                 from [01m[K/opt/ros/humble/include/rviz_common/rviz_common/visualization_manager.hpp:44[m[K,
                 from [01m[K/home/dxf/Desktop/li/ros2_ws/src/robot_arm_gui/include/robot_arm_gui/rviz_panel.hpp:10[m[K,
                 from [01m[K/home/dxf/Desktop/li/ros2_ws/src/robot_arm_gui/src/rviz_panel.cpp:1[m[K:
[01m[K/opt/ros/humble/include/rviz_common/rviz_common/ros_integration/ros_node_abstraction_iface.hpp:56:3:[m[K [01;36m[Knote: [m[K    ‘[01m[Kvirtual std::map<std::__cxx11::basic_string<char>, std::vector<std::__cxx11::basic_string<char> > > rviz_common::ros_integration::RosNodeAbstractionIface::get_topic_names_and_types() const[m[K’
   56 |   [01;36m[Kget_topic_names_and_types[m[K() const = 0;
      |   [01;36m[K^~~~~~~~~~~~~~~~~~~~~~~~~[m[K
gmake[2]: *** [CMakeFiles/robot_arm_gui.dir/build.make:118：CMakeFiles/robot_arm_gui.dir/src/rviz_panel.cpp.o] 错误 1
gmake[1]: *** [CMakeFiles/Makefile2:138：CMakeFiles/robot_arm_gui.dir/all] 错误 2
gmake: *** [Makefile:146：all] 错误 2
