[0.431s] DEBUG:colcon:Command line arguments: ['/usr/bin/colcon', 'build', '--packages-select', 'robot_arm_gui']
[0.431s] DEBUG:colcon:Parsed command line arguments: Namespace(log_base=None, log_level=None, verb_name='build', build_base='build', install_base='install', merge_install=False, symlink_install=False, test_result_base=None, continue_on_error=False, executor='parallel', parallel_workers=6, event_handlers=None, ignore_user_meta=False, metas=['./colcon.meta'], base_paths=['.'], packages_ignore=None, packages_ignore_regex=None, paths=None, packages_up_to=None, packages_up_to_regex=None, packages_above=None, packages_above_and_dependencies=None, packages_above_depth=None, packages_select_by_dep=None, packages_skip_by_dep=None, packages_skip_up_to=None, packages_select_build_failed=False, packages_skip_build_finished=False, packages_select_test_failures=False, packages_skip_test_passed=False, packages_select=['robot_arm_gui'], packages_skip=None, packages_select_regex=None, packages_skip_regex=None, packages_start=None, packages_end=None, allow_overriding=[], cmake_args=None, cmake_target=None, cmake_target_skip_unavailable=False, cmake_clean_cache=False, cmake_clean_first=False, cmake_force_configure=False, ament_cmake_args=None, catkin_cmake_args=None, catkin_skip_building_tests=False, verb_parser=<colcon_defaults.argument_parser.defaults.DefaultArgumentsDecorator object at 0xffffb7a8cee0>, verb_extension=<colcon_core.verb.build.BuildVerb object at 0xffffb7a8c9d0>, main=<bound method BuildVerb.main of <colcon_core.verb.build.BuildVerb object at 0xffffb7a8c9d0>>)
[0.969s] Level 1:colcon.colcon_core.package_discovery:discover_packages(colcon_meta) check parameters
[0.969s] Level 1:colcon.colcon_core.package_discovery:discover_packages(recursive) check parameters
[0.970s] Level 1:colcon.colcon_core.package_discovery:discover_packages(ignore) check parameters
[0.970s] Level 1:colcon.colcon_core.package_discovery:discover_packages(path) check parameters
[0.970s] Level 1:colcon.colcon_core.package_discovery:discover_packages(colcon_meta) discover
[0.970s] Level 1:colcon.colcon_core.package_discovery:discover_packages(recursive) discover
[0.970s] INFO:colcon.colcon_core.package_discovery:Crawling recursively for packages in '/home/dxf/Desktop/li/ros2_ws'
[0.970s] Level 1:colcon.colcon_core.package_identification:_identify(.) by extensions ['ignore', 'ignore_ament_install']
[0.971s] Level 1:colcon.colcon_core.package_identification:_identify(.) by extension 'ignore'
[0.971s] Level 1:colcon.colcon_core.package_identification:_identify(.) by extension 'ignore_ament_install'
[0.971s] Level 1:colcon.colcon_core.package_identification:_identify(.) by extensions ['colcon_pkg']
[0.971s] Level 1:colcon.colcon_core.package_identification:_identify(.) by extension 'colcon_pkg'
[0.971s] Level 1:colcon.colcon_core.package_identification:_identify(.) by extensions ['colcon_meta']
[0.971s] Level 1:colcon.colcon_core.package_identification:_identify(.) by extension 'colcon_meta'
[0.971s] Level 1:colcon.colcon_core.package_identification:_identify(.) by extensions ['ros']
[0.972s] Level 1:colcon.colcon_core.package_identification:_identify(.) by extension 'ros'
[0.997s] Level 1:colcon.colcon_core.package_identification:_identify(.) by extensions ['cmake', 'python']
[0.998s] Level 1:colcon.colcon_core.package_identification:_identify(.) by extension 'cmake'
[0.998s] Level 1:colcon.colcon_core.package_identification:_identify(.) by extension 'python'
[0.998s] Level 1:colcon.colcon_core.package_identification:_identify(.) by extensions ['python_setup_py']
[0.998s] Level 1:colcon.colcon_core.package_identification:_identify(.) by extension 'python_setup_py'
[0.998s] Level 1:colcon.colcon_core.package_identification:_identify(build) by extensions ['ignore', 'ignore_ament_install']
[0.999s] Level 1:colcon.colcon_core.package_identification:_identify(build) by extension 'ignore'
[0.999s] Level 1:colcon.colcon_core.package_identification:_identify(build) ignored
[0.999s] Level 1:colcon.colcon_core.package_identification:_identify(install) by extensions ['ignore', 'ignore_ament_install']
[0.999s] Level 1:colcon.colcon_core.package_identification:_identify(install) by extension 'ignore'
[0.999s] Level 1:colcon.colcon_core.package_identification:_identify(install) ignored
[1.000s] Level 1:colcon.colcon_core.package_identification:_identify(log) by extensions ['ignore', 'ignore_ament_install']
[1.000s] Level 1:colcon.colcon_core.package_identification:_identify(log) by extension 'ignore'
[1.000s] Level 1:colcon.colcon_core.package_identification:_identify(log) ignored
[1.000s] Level 1:colcon.colcon_core.package_identification:_identify(src) by extensions ['ignore', 'ignore_ament_install']
[1.000s] Level 1:colcon.colcon_core.package_identification:_identify(src) by extension 'ignore'
[1.001s] Level 1:colcon.colcon_core.package_identification:_identify(src) by extension 'ignore_ament_install'
[1.001s] Level 1:colcon.colcon_core.package_identification:_identify(src) by extensions ['colcon_pkg']
[1.001s] Level 1:colcon.colcon_core.package_identification:_identify(src) by extension 'colcon_pkg'
[1.001s] Level 1:colcon.colcon_core.package_identification:_identify(src) by extensions ['colcon_meta']
[1.001s] Level 1:colcon.colcon_core.package_identification:_identify(src) by extension 'colcon_meta'
[1.001s] Level 1:colcon.colcon_core.package_identification:_identify(src) by extensions ['ros']
[1.001s] Level 1:colcon.colcon_core.package_identification:_identify(src) by extension 'ros'
[1.001s] Level 1:colcon.colcon_core.package_identification:_identify(src) by extensions ['cmake', 'python']
[1.001s] Level 1:colcon.colcon_core.package_identification:_identify(src) by extension 'cmake'
[1.002s] Level 1:colcon.colcon_core.package_identification:_identify(src) by extension 'python'
[1.002s] Level 1:colcon.colcon_core.package_identification:_identify(src) by extensions ['python_setup_py']
[1.002s] Level 1:colcon.colcon_core.package_identification:_identify(src) by extension 'python_setup_py'
[1.002s] Level 1:colcon.colcon_core.package_identification:_identify(src/my_robot_description) by extensions ['ignore', 'ignore_ament_install']
[1.002s] Level 1:colcon.colcon_core.package_identification:_identify(src/my_robot_description) by extension 'ignore'
[1.002s] Level 1:colcon.colcon_core.package_identification:_identify(src/my_robot_description) by extension 'ignore_ament_install'
[1.002s] Level 1:colcon.colcon_core.package_identification:_identify(src/my_robot_description) by extensions ['colcon_pkg']
[1.002s] Level 1:colcon.colcon_core.package_identification:_identify(src/my_robot_description) by extension 'colcon_pkg'
[1.003s] Level 1:colcon.colcon_core.package_identification:_identify(src/my_robot_description) by extensions ['colcon_meta']
[1.003s] Level 1:colcon.colcon_core.package_identification:_identify(src/my_robot_description) by extension 'colcon_meta'
[1.003s] Level 1:colcon.colcon_core.package_identification:_identify(src/my_robot_description) by extensions ['ros']
[1.003s] Level 1:colcon.colcon_core.package_identification:_identify(src/my_robot_description) by extension 'ros'
[1.009s] DEBUG:colcon.colcon_core.package_identification:Package 'src/my_robot_description' with type 'ros.ament_cmake' and name 'my_robot_description'
[1.010s] Level 1:colcon.colcon_core.package_identification:_identify(src/robot_arm_gui) by extensions ['ignore', 'ignore_ament_install']
[1.010s] Level 1:colcon.colcon_core.package_identification:_identify(src/robot_arm_gui) by extension 'ignore'
[1.010s] Level 1:colcon.colcon_core.package_identification:_identify(src/robot_arm_gui) by extension 'ignore_ament_install'
[1.010s] Level 1:colcon.colcon_core.package_identification:_identify(src/robot_arm_gui) by extensions ['colcon_pkg']
[1.010s] Level 1:colcon.colcon_core.package_identification:_identify(src/robot_arm_gui) by extension 'colcon_pkg'
[1.011s] Level 1:colcon.colcon_core.package_identification:_identify(src/robot_arm_gui) by extensions ['colcon_meta']
[1.011s] Level 1:colcon.colcon_core.package_identification:_identify(src/robot_arm_gui) by extension 'colcon_meta'
[1.011s] Level 1:colcon.colcon_core.package_identification:_identify(src/robot_arm_gui) by extensions ['ros']
[1.011s] Level 1:colcon.colcon_core.package_identification:_identify(src/robot_arm_gui) by extension 'ros'
[1.013s] DEBUG:colcon.colcon_core.package_identification:Package 'src/robot_arm_gui' with type 'ros.ament_cmake' and name 'robot_arm_gui'
[1.013s] Level 1:colcon.colcon_core.package_discovery:discover_packages(recursive) using defaults
[1.014s] Level 1:colcon.colcon_core.package_discovery:discover_packages(ignore) discover
[1.014s] Level 1:colcon.colcon_core.package_discovery:discover_packages(ignore) using defaults
[1.014s] Level 1:colcon.colcon_core.package_discovery:discover_packages(path) discover
[1.014s] Level 1:colcon.colcon_core.package_discovery:discover_packages(path) using defaults
[1.103s] INFO:colcon.colcon_core.package_selection:Skipping not selected package 'my_robot_description' in 'src/my_robot_description'
[1.104s] Level 1:colcon.colcon_core.package_discovery:discover_packages(prefix_path) check parameters
[1.104s] Level 1:colcon.colcon_core.package_discovery:discover_packages(prefix_path) discover
[1.111s] DEBUG:colcon.colcon_installed_package_information.package_discovery:Found 1 installed packages in /home/dxf/Desktop/li/ros2_ws/install
[1.115s] DEBUG:colcon.colcon_installed_package_information.package_discovery:Found 397 installed packages in /opt/ros/humble
[1.118s] Level 1:colcon.colcon_core.package_discovery:discover_packages(prefix_path) using defaults
[1.289s] Level 5:colcon.colcon_core.verb:set package 'robot_arm_gui' build argument 'cmake_args' from command line to 'None'
[1.290s] Level 5:colcon.colcon_core.verb:set package 'robot_arm_gui' build argument 'cmake_target' from command line to 'None'
[1.290s] Level 5:colcon.colcon_core.verb:set package 'robot_arm_gui' build argument 'cmake_target_skip_unavailable' from command line to 'False'
[1.290s] Level 5:colcon.colcon_core.verb:set package 'robot_arm_gui' build argument 'cmake_clean_cache' from command line to 'False'
[1.290s] Level 5:colcon.colcon_core.verb:set package 'robot_arm_gui' build argument 'cmake_clean_first' from command line to 'False'
[1.290s] Level 5:colcon.colcon_core.verb:set package 'robot_arm_gui' build argument 'cmake_force_configure' from command line to 'False'
[1.290s] Level 5:colcon.colcon_core.verb:set package 'robot_arm_gui' build argument 'ament_cmake_args' from command line to 'None'
[1.290s] Level 5:colcon.colcon_core.verb:set package 'robot_arm_gui' build argument 'catkin_cmake_args' from command line to 'None'
[1.290s] Level 5:colcon.colcon_core.verb:set package 'robot_arm_gui' build argument 'catkin_skip_building_tests' from command line to 'False'
[1.290s] DEBUG:colcon.colcon_core.verb:Building package 'robot_arm_gui' with the following arguments: {'ament_cmake_args': None, 'build_base': '/home/dxf/Desktop/li/ros2_ws/build/robot_arm_gui', 'catkin_cmake_args': None, 'catkin_skip_building_tests': False, 'cmake_args': None, 'cmake_clean_cache': False, 'cmake_clean_first': False, 'cmake_force_configure': False, 'cmake_target': None, 'cmake_target_skip_unavailable': False, 'install_base': '/home/dxf/Desktop/li/ros2_ws/install/robot_arm_gui', 'merge_install': False, 'path': '/home/dxf/Desktop/li/ros2_ws/src/robot_arm_gui', 'symlink_install': False, 'test_result_base': None}
[1.291s] INFO:colcon.colcon_core.executor:Executing jobs using 'parallel' executor
[1.293s] DEBUG:colcon.colcon_parallel_executor.executor.parallel:run_until_complete
[1.294s] INFO:colcon.colcon_ros.task.ament_cmake.build:Building ROS package in '/home/dxf/Desktop/li/ros2_ws/src/robot_arm_gui' with build type 'ament_cmake'
[1.295s] INFO:colcon.colcon_cmake.task.cmake.build:Building CMake package in '/home/dxf/Desktop/li/ros2_ws/src/robot_arm_gui'
[1.302s] INFO:colcon.colcon_core.plugin_system:Skipping extension 'colcon_core.shell.bat': Not used on non-Windows systems
[1.303s] INFO:colcon.colcon_core.shell:Skip shell extension 'powershell' for command environment: Not usable outside of PowerShell
[1.303s] DEBUG:colcon.colcon_core.shell:Skip shell extension 'dsv' for command environment
[1.322s] DEBUG:colcon.colcon_core.event_handler.log_command:Invoking command in '/home/dxf/Desktop/li/ros2_ws/build/robot_arm_gui': CMAKE_PREFIX_PATH=${CMAKE_PREFIX_PATH}:/opt/ros/humble /usr/bin/cmake --build /home/dxf/Desktop/li/ros2_ws/build/robot_arm_gui -- -j6 -l6
[21.337s] DEBUG:colcon.colcon_core.event_handler.log_command:Invoked command in '/home/dxf/Desktop/li/ros2_ws/build/robot_arm_gui' returned '0': CMAKE_PREFIX_PATH=${CMAKE_PREFIX_PATH}:/opt/ros/humble /usr/bin/cmake --build /home/dxf/Desktop/li/ros2_ws/build/robot_arm_gui -- -j6 -l6
[21.393s] DEBUG:colcon.colcon_core.event_handler.log_command:Invoking command in '/home/dxf/Desktop/li/ros2_ws/build/robot_arm_gui': CMAKE_PREFIX_PATH=${CMAKE_PREFIX_PATH}:/opt/ros/humble /usr/bin/cmake --install /home/dxf/Desktop/li/ros2_ws/build/robot_arm_gui
[21.433s] Level 1:colcon.colcon_core.environment:create_environment_scripts_only(robot_arm_gui)
[21.445s] DEBUG:colcon.colcon_core.event_handler.log_command:Invoked command in '/home/dxf/Desktop/li/ros2_ws/build/robot_arm_gui' returned '0': CMAKE_PREFIX_PATH=${CMAKE_PREFIX_PATH}:/opt/ros/humble /usr/bin/cmake --install /home/dxf/Desktop/li/ros2_ws/build/robot_arm_gui
[21.468s] Level 1:colcon.colcon_core.environment:checking '/home/dxf/Desktop/li/ros2_ws/install/robot_arm_gui' for CMake module files
[21.470s] Level 1:colcon.colcon_core.environment:checking '/home/dxf/Desktop/li/ros2_ws/install/robot_arm_gui' for CMake config files
[21.471s] Level 1:colcon.colcon_core.shell:create_environment_hook('robot_arm_gui', 'cmake_prefix_path')
[21.472s] INFO:colcon.colcon_core.shell:Creating environment hook '/home/dxf/Desktop/li/ros2_ws/install/robot_arm_gui/share/robot_arm_gui/hook/cmake_prefix_path.ps1'
[21.478s] INFO:colcon.colcon_core.shell:Creating environment descriptor '/home/dxf/Desktop/li/ros2_ws/install/robot_arm_gui/share/robot_arm_gui/hook/cmake_prefix_path.dsv'
[21.480s] INFO:colcon.colcon_core.shell:Creating environment hook '/home/dxf/Desktop/li/ros2_ws/install/robot_arm_gui/share/robot_arm_gui/hook/cmake_prefix_path.sh'
[21.484s] Level 1:colcon.colcon_core.environment:checking '/home/dxf/Desktop/li/ros2_ws/install/robot_arm_gui/lib'
[21.485s] Level 1:colcon.colcon_core.environment:checking '/home/dxf/Desktop/li/ros2_ws/install/robot_arm_gui/bin'
[21.485s] Level 1:colcon.colcon_core.environment:checking '/home/dxf/Desktop/li/ros2_ws/install/robot_arm_gui/lib/pkgconfig/robot_arm_gui.pc'
[21.486s] Level 1:colcon.colcon_core.environment:checking '/home/dxf/Desktop/li/ros2_ws/install/robot_arm_gui/lib/python3.10/site-packages'
[21.487s] Level 1:colcon.colcon_core.environment:checking '/home/dxf/Desktop/li/ros2_ws/install/robot_arm_gui/bin'
[21.488s] INFO:colcon.colcon_core.shell:Creating package script '/home/dxf/Desktop/li/ros2_ws/install/robot_arm_gui/share/robot_arm_gui/package.ps1'
[21.491s] INFO:colcon.colcon_core.shell:Creating package descriptor '/home/dxf/Desktop/li/ros2_ws/install/robot_arm_gui/share/robot_arm_gui/package.dsv'
[21.492s] INFO:colcon.colcon_core.shell:Creating package script '/home/dxf/Desktop/li/ros2_ws/install/robot_arm_gui/share/robot_arm_gui/package.sh'
[21.494s] INFO:colcon.colcon_core.shell:Creating package script '/home/dxf/Desktop/li/ros2_ws/install/robot_arm_gui/share/robot_arm_gui/package.bash'
[21.496s] INFO:colcon.colcon_core.shell:Creating package script '/home/dxf/Desktop/li/ros2_ws/install/robot_arm_gui/share/robot_arm_gui/package.zsh'
[21.499s] Level 1:colcon.colcon_core.environment:create_file_with_runtime_dependencies(/home/dxf/Desktop/li/ros2_ws/install/robot_arm_gui/share/colcon-core/packages/robot_arm_gui)
[21.502s] Level 1:colcon.colcon_core.environment:create_environment_scripts_only(robot_arm_gui)
[21.502s] Level 1:colcon.colcon_core.environment:checking '/home/dxf/Desktop/li/ros2_ws/install/robot_arm_gui' for CMake module files
[21.503s] Level 1:colcon.colcon_core.environment:checking '/home/dxf/Desktop/li/ros2_ws/install/robot_arm_gui' for CMake config files
[21.504s] Level 1:colcon.colcon_core.shell:create_environment_hook('robot_arm_gui', 'cmake_prefix_path')
[21.504s] INFO:colcon.colcon_core.shell:Creating environment hook '/home/dxf/Desktop/li/ros2_ws/install/robot_arm_gui/share/robot_arm_gui/hook/cmake_prefix_path.ps1'
[21.505s] INFO:colcon.colcon_core.shell:Creating environment descriptor '/home/dxf/Desktop/li/ros2_ws/install/robot_arm_gui/share/robot_arm_gui/hook/cmake_prefix_path.dsv'
[21.506s] INFO:colcon.colcon_core.shell:Creating environment hook '/home/dxf/Desktop/li/ros2_ws/install/robot_arm_gui/share/robot_arm_gui/hook/cmake_prefix_path.sh'
[21.508s] Level 1:colcon.colcon_core.environment:checking '/home/dxf/Desktop/li/ros2_ws/install/robot_arm_gui/lib'
[21.508s] Level 1:colcon.colcon_core.environment:checking '/home/dxf/Desktop/li/ros2_ws/install/robot_arm_gui/bin'
[21.508s] Level 1:colcon.colcon_core.environment:checking '/home/dxf/Desktop/li/ros2_ws/install/robot_arm_gui/lib/pkgconfig/robot_arm_gui.pc'
[21.509s] Level 1:colcon.colcon_core.environment:checking '/home/dxf/Desktop/li/ros2_ws/install/robot_arm_gui/lib/python3.10/site-packages'
[21.509s] Level 1:colcon.colcon_core.environment:checking '/home/dxf/Desktop/li/ros2_ws/install/robot_arm_gui/bin'
[21.510s] INFO:colcon.colcon_core.shell:Creating package script '/home/dxf/Desktop/li/ros2_ws/install/robot_arm_gui/share/robot_arm_gui/package.ps1'
[21.511s] INFO:colcon.colcon_core.shell:Creating package descriptor '/home/dxf/Desktop/li/ros2_ws/install/robot_arm_gui/share/robot_arm_gui/package.dsv'
[21.513s] INFO:colcon.colcon_core.shell:Creating package script '/home/dxf/Desktop/li/ros2_ws/install/robot_arm_gui/share/robot_arm_gui/package.sh'
[21.514s] INFO:colcon.colcon_core.shell:Creating package script '/home/dxf/Desktop/li/ros2_ws/install/robot_arm_gui/share/robot_arm_gui/package.bash'
[21.515s] INFO:colcon.colcon_core.shell:Creating package script '/home/dxf/Desktop/li/ros2_ws/install/robot_arm_gui/share/robot_arm_gui/package.zsh'
[21.516s] Level 1:colcon.colcon_core.environment:create_file_with_runtime_dependencies(/home/dxf/Desktop/li/ros2_ws/install/robot_arm_gui/share/colcon-core/packages/robot_arm_gui)
[21.518s] DEBUG:colcon.colcon_parallel_executor.executor.parallel:closing loop
[21.521s] DEBUG:colcon.colcon_parallel_executor.executor.parallel:loop closed
[21.522s] DEBUG:colcon.colcon_parallel_executor.executor.parallel:run_until_complete finished with '0'
[21.522s] DEBUG:colcon.colcon_core.event_reactor:joining thread
[21.559s] INFO:colcon.colcon_core.plugin_system:Skipping extension 'colcon_notification.desktop_notification.terminal_notifier': Not used on non-Darwin systems
[21.559s] INFO:colcon.colcon_core.plugin_system:Skipping extension 'colcon_notification.desktop_notification.win32': Not used on non-Windows systems
[21.560s] INFO:colcon.colcon_notification.desktop_notification:Sending desktop notification using 'notify2'
[21.717s] DEBUG:colcon.colcon_core.event_reactor:joined thread
[21.718s] INFO:colcon.colcon_core.shell:Creating prefix script '/home/dxf/Desktop/li/ros2_ws/install/local_setup.ps1'
[21.721s] INFO:colcon.colcon_core.shell:Creating prefix util module '/home/dxf/Desktop/li/ros2_ws/install/_local_setup_util_ps1.py'
[21.725s] INFO:colcon.colcon_core.shell:Creating prefix chain script '/home/dxf/Desktop/li/ros2_ws/install/setup.ps1'
[21.729s] INFO:colcon.colcon_core.shell:Creating prefix script '/home/dxf/Desktop/li/ros2_ws/install/local_setup.sh'
[21.730s] INFO:colcon.colcon_core.shell:Creating prefix util module '/home/dxf/Desktop/li/ros2_ws/install/_local_setup_util_sh.py'
[21.732s] INFO:colcon.colcon_core.shell:Creating prefix chain script '/home/dxf/Desktop/li/ros2_ws/install/setup.sh'
[21.735s] INFO:colcon.colcon_core.shell:Creating prefix script '/home/dxf/Desktop/li/ros2_ws/install/local_setup.bash'
[21.736s] INFO:colcon.colcon_core.shell:Creating prefix chain script '/home/dxf/Desktop/li/ros2_ws/install/setup.bash'
[21.739s] INFO:colcon.colcon_core.shell:Creating prefix script '/home/dxf/Desktop/li/ros2_ws/install/local_setup.zsh'
[21.740s] INFO:colcon.colcon_core.shell:Creating prefix chain script '/home/dxf/Desktop/li/ros2_ws/install/setup.zsh'
