[0.018s] Invoking command in '/home/dxf/Desktop/li/moveit_ws/build/micro_urdf': CMAKE_PREFIX_PATH=${CMAKE_PREFIX_PATH}:/opt/ros/humble /usr/bin/cmake /home/dxf/Desktop/li/moveit_ws/src/micro_urdf -DCMAKE_INSTALL_PREFIX=/home/dxf/Desktop/li/moveit_ws/install/micro_urdf
[0.130s] -- The C compiler identification is GNU 11.4.0
[0.248s] -- The CXX compiler identification is GNU 11.4.0
[0.261s] -- Detecting C compiler ABI info
[0.403s] -- Detecting C compiler ABI info - done
[0.421s] -- Check for working C compiler: /usr/bin/cc - skipped
[0.421s] -- Detecting C compile features
[0.422s] -- Detecting C compile features - done
[0.431s] -- Detecting CXX compiler ABI info
[0.600s] -- Detecting CXX compiler ABI info - done
[0.622s] -- Check for working CXX compiler: /usr/bin/c++ - skipped
[0.622s] -- Detecting CXX compile features
[0.624s] -- Detecting CXX compile features - done
[0.633s] -- Found ament_cmake: 1.3.12 (/opt/ros/humble/share/ament_cmake/cmake)
[0.996s] -- Found Python3: /usr/bin/python3 (found version "3.10.12") found components: Interpreter 
[1.354s] [31mCMake Error at /opt/ros/humble/share/ament_cmake_core/cmake/core/ament_package_xml.cmake:53 (message):
[1.354s]   ament_package_xml() package name 'micro_urdf' in '/package.xml' does not
[1.354s]   match current PROJECT_NAME 'src'.  You must call project() with the same
[1.354s]   package name before.
[1.354s] Call Stack (most recent call first):
[1.355s]   /opt/ros/humble/share/ament_cmake_core/cmake/core/ament_package.cmake:63 (ament_package_xml)
[1.355s]   CMakeLists.txt:6 (ament_package)
[1.355s] 
[1.355s] [0m
[1.355s] -- Configuring incomplete, errors occurred!
[1.355s] See also "/home/dxf/Desktop/li/moveit_ws/build/micro_urdf/CMakeFiles/CMakeOutput.log".
[1.366s] Invoked command in '/home/dxf/Desktop/li/moveit_ws/build/micro_urdf' returned '1': CMAKE_PREFIX_PATH=${CMAKE_PREFIX_PATH}:/opt/ros/humble /usr/bin/cmake /home/dxf/Desktop/li/moveit_ws/src/micro_urdf -DCMAKE_INSTALL_PREFIX=/home/dxf/Desktop/li/moveit_ws/install/micro_urdf
