[0.257s] DEBUG:colcon:Command line arguments: ['/usr/bin/colcon', 'build']
[0.257s] DEBUG:colcon:Parsed command line arguments: Namespace(log_base=None, log_level=None, verb_name='build', build_base='build', install_base='install', merge_install=False, symlink_install=False, test_result_base=None, continue_on_error=False, executor='parallel', parallel_workers=6, event_handlers=None, ignore_user_meta=False, metas=['./colcon.meta'], base_paths=['.'], packages_ignore=None, packages_ignore_regex=None, paths=None, packages_up_to=None, packages_up_to_regex=None, packages_above=None, packages_above_and_dependencies=None, packages_above_depth=None, packages_select_by_dep=None, packages_skip_by_dep=None, packages_skip_up_to=None, packages_select_build_failed=False, packages_skip_build_finished=False, packages_select_test_failures=False, packages_skip_test_passed=False, packages_select=None, packages_skip=None, packages_select_regex=None, packages_skip_regex=None, packages_start=None, packages_end=None, allow_overriding=[], cmake_args=None, cmake_target=None, cmake_target_skip_unavailable=False, cmake_clean_cache=False, cmake_clean_first=False, cmake_force_configure=False, ament_cmake_args=None, catkin_cmake_args=None, catkin_skip_building_tests=False, verb_parser=<colcon_defaults.argument_parser.defaults.DefaultArgumentsDecorator object at 0xffffb98a8dc0>, verb_extension=<colcon_core.verb.build.BuildVerb object at 0xffffb98a88b0>, main=<bound method BuildVerb.main of <colcon_core.verb.build.BuildVerb object at 0xffffb98a88b0>>)
[0.676s] Level 1:colcon.colcon_core.package_discovery:discover_packages(colcon_meta) check parameters
[0.677s] Level 1:colcon.colcon_core.package_discovery:discover_packages(recursive) check parameters
[0.677s] Level 1:colcon.colcon_core.package_discovery:discover_packages(ignore) check parameters
[0.677s] Level 1:colcon.colcon_core.package_discovery:discover_packages(path) check parameters
[0.677s] Level 1:colcon.colcon_core.package_discovery:discover_packages(colcon_meta) discover
[0.677s] Level 1:colcon.colcon_core.package_discovery:discover_packages(recursive) discover
[0.678s] INFO:colcon.colcon_core.package_discovery:Crawling recursively for packages in '/home/dxf/Desktop/li/moveit_ws'
[0.678s] Level 1:colcon.colcon_core.package_identification:_identify(.) by extensions ['ignore', 'ignore_ament_install']
[0.679s] Level 1:colcon.colcon_core.package_identification:_identify(.) by extension 'ignore'
[0.679s] Level 1:colcon.colcon_core.package_identification:_identify(.) by extension 'ignore_ament_install'
[0.679s] Level 1:colcon.colcon_core.package_identification:_identify(.) by extensions ['colcon_pkg']
[0.679s] Level 1:colcon.colcon_core.package_identification:_identify(.) by extension 'colcon_pkg'
[0.679s] Level 1:colcon.colcon_core.package_identification:_identify(.) by extensions ['colcon_meta']
[0.679s] Level 1:colcon.colcon_core.package_identification:_identify(.) by extension 'colcon_meta'
[0.679s] Level 1:colcon.colcon_core.package_identification:_identify(.) by extensions ['ros']
[0.679s] Level 1:colcon.colcon_core.package_identification:_identify(.) by extension 'ros'
[0.705s] Level 1:colcon.colcon_core.package_identification:_identify(.) by extensions ['cmake', 'python']
[0.705s] Level 1:colcon.colcon_core.package_identification:_identify(.) by extension 'cmake'
[0.706s] Level 1:colcon.colcon_core.package_identification:_identify(.) by extension 'python'
[0.706s] Level 1:colcon.colcon_core.package_identification:_identify(.) by extensions ['python_setup_py']
[0.706s] Level 1:colcon.colcon_core.package_identification:_identify(.) by extension 'python_setup_py'
[0.706s] Level 1:colcon.colcon_core.package_identification:_identify(build) by extensions ['ignore', 'ignore_ament_install']
[0.706s] Level 1:colcon.colcon_core.package_identification:_identify(build) by extension 'ignore'
[0.706s] Level 1:colcon.colcon_core.package_identification:_identify(build) ignored
[0.707s] Level 1:colcon.colcon_core.package_identification:_identify(install) by extensions ['ignore', 'ignore_ament_install']
[0.707s] Level 1:colcon.colcon_core.package_identification:_identify(install) by extension 'ignore'
[0.707s] Level 1:colcon.colcon_core.package_identification:_identify(install) ignored
[0.707s] Level 1:colcon.colcon_core.package_identification:_identify(log) by extensions ['ignore', 'ignore_ament_install']
[0.708s] Level 1:colcon.colcon_core.package_identification:_identify(log) by extension 'ignore'
[0.708s] Level 1:colcon.colcon_core.package_identification:_identify(log) ignored
[0.708s] Level 1:colcon.colcon_core.package_identification:_identify(src) by extensions ['ignore', 'ignore_ament_install']
[0.708s] Level 1:colcon.colcon_core.package_identification:_identify(src) by extension 'ignore'
[0.708s] Level 1:colcon.colcon_core.package_identification:_identify(src) by extension 'ignore_ament_install'
[0.709s] Level 1:colcon.colcon_core.package_identification:_identify(src) by extensions ['colcon_pkg']
[0.709s] Level 1:colcon.colcon_core.package_identification:_identify(src) by extension 'colcon_pkg'
[0.709s] Level 1:colcon.colcon_core.package_identification:_identify(src) by extensions ['colcon_meta']
[0.709s] Level 1:colcon.colcon_core.package_identification:_identify(src) by extension 'colcon_meta'
[0.709s] Level 1:colcon.colcon_core.package_identification:_identify(src) by extensions ['ros']
[0.709s] Level 1:colcon.colcon_core.package_identification:_identify(src) by extension 'ros'
[0.709s] Level 1:colcon.colcon_core.package_identification:_identify(src) by extensions ['cmake', 'python']
[0.709s] Level 1:colcon.colcon_core.package_identification:_identify(src) by extension 'cmake'
[0.709s] Level 1:colcon.colcon_core.package_identification:_identify(src) by extension 'python'
[0.710s] Level 1:colcon.colcon_core.package_identification:_identify(src) by extensions ['python_setup_py']
[0.710s] Level 1:colcon.colcon_core.package_identification:_identify(src) by extension 'python_setup_py'
[0.710s] Level 1:colcon.colcon_core.package_identification:_identify(src/micro_urdf) by extensions ['ignore', 'ignore_ament_install']
[0.710s] Level 1:colcon.colcon_core.package_identification:_identify(src/micro_urdf) by extension 'ignore'
[0.710s] Level 1:colcon.colcon_core.package_identification:_identify(src/micro_urdf) by extension 'ignore_ament_install'
[0.710s] Level 1:colcon.colcon_core.package_identification:_identify(src/micro_urdf) by extensions ['colcon_pkg']
[0.710s] Level 1:colcon.colcon_core.package_identification:_identify(src/micro_urdf) by extension 'colcon_pkg'
[0.711s] Level 1:colcon.colcon_core.package_identification:_identify(src/micro_urdf) by extensions ['colcon_meta']
[0.711s] Level 1:colcon.colcon_core.package_identification:_identify(src/micro_urdf) by extension 'colcon_meta'
[0.711s] Level 1:colcon.colcon_core.package_identification:_identify(src/micro_urdf) by extensions ['ros']
[0.711s] Level 1:colcon.colcon_core.package_identification:_identify(src/micro_urdf) by extension 'ros'
[0.718s] DEBUG:colcon.colcon_core.package_identification:Package 'src/micro_urdf' with type 'ros.ament_cmake' and name 'micro_urdf'
[0.718s] Level 1:colcon.colcon_core.package_discovery:discover_packages(recursive) using defaults
[0.718s] Level 1:colcon.colcon_core.package_discovery:discover_packages(ignore) discover
[0.718s] Level 1:colcon.colcon_core.package_discovery:discover_packages(ignore) using defaults
[0.719s] Level 1:colcon.colcon_core.package_discovery:discover_packages(path) discover
[0.719s] Level 1:colcon.colcon_core.package_discovery:discover_packages(path) using defaults
[0.795s] Level 1:colcon.colcon_core.package_discovery:discover_packages(prefix_path) check parameters
[0.795s] Level 1:colcon.colcon_core.package_discovery:discover_packages(prefix_path) discover
[0.801s] DEBUG:colcon.colcon_installed_package_information.package_discovery:Found 396 installed packages in /opt/ros/humble
[0.805s] Level 1:colcon.colcon_core.package_discovery:discover_packages(prefix_path) using defaults
[0.909s] Level 5:colcon.colcon_core.verb:set package 'micro_urdf' build argument 'cmake_args' from command line to 'None'
[0.910s] Level 5:colcon.colcon_core.verb:set package 'micro_urdf' build argument 'cmake_target' from command line to 'None'
[0.910s] Level 5:colcon.colcon_core.verb:set package 'micro_urdf' build argument 'cmake_target_skip_unavailable' from command line to 'False'
[0.910s] Level 5:colcon.colcon_core.verb:set package 'micro_urdf' build argument 'cmake_clean_cache' from command line to 'False'
[0.910s] Level 5:colcon.colcon_core.verb:set package 'micro_urdf' build argument 'cmake_clean_first' from command line to 'False'
[0.910s] Level 5:colcon.colcon_core.verb:set package 'micro_urdf' build argument 'cmake_force_configure' from command line to 'False'
[0.910s] Level 5:colcon.colcon_core.verb:set package 'micro_urdf' build argument 'ament_cmake_args' from command line to 'None'
[0.910s] Level 5:colcon.colcon_core.verb:set package 'micro_urdf' build argument 'catkin_cmake_args' from command line to 'None'
[0.910s] Level 5:colcon.colcon_core.verb:set package 'micro_urdf' build argument 'catkin_skip_building_tests' from command line to 'False'
[0.910s] DEBUG:colcon.colcon_core.verb:Building package 'micro_urdf' with the following arguments: {'ament_cmake_args': None, 'build_base': '/home/dxf/Desktop/li/moveit_ws/build/micro_urdf', 'catkin_cmake_args': None, 'catkin_skip_building_tests': False, 'cmake_args': None, 'cmake_clean_cache': False, 'cmake_clean_first': False, 'cmake_force_configure': False, 'cmake_target': None, 'cmake_target_skip_unavailable': False, 'install_base': '/home/dxf/Desktop/li/moveit_ws/install/micro_urdf', 'merge_install': False, 'path': '/home/dxf/Desktop/li/moveit_ws/src/micro_urdf', 'symlink_install': False, 'test_result_base': None}
[0.911s] INFO:colcon.colcon_core.executor:Executing jobs using 'parallel' executor
[0.913s] DEBUG:colcon.colcon_parallel_executor.executor.parallel:run_until_complete
[0.913s] INFO:colcon.colcon_ros.task.ament_cmake.build:Building ROS package in '/home/dxf/Desktop/li/moveit_ws/src/micro_urdf' with build type 'ament_cmake'
[0.914s] INFO:colcon.colcon_cmake.task.cmake.build:Building CMake package in '/home/dxf/Desktop/li/moveit_ws/src/micro_urdf'
[0.919s] INFO:colcon.colcon_core.plugin_system:Skipping extension 'colcon_core.shell.bat': Not used on non-Windows systems
[0.919s] INFO:colcon.colcon_core.shell:Skip shell extension 'powershell' for command environment: Not usable outside of PowerShell
[0.919s] DEBUG:colcon.colcon_core.shell:Skip shell extension 'dsv' for command environment
[0.939s] DEBUG:colcon.colcon_core.event_handler.log_command:Invoking command in '/home/dxf/Desktop/li/moveit_ws/build/micro_urdf': CMAKE_PREFIX_PATH=${CMAKE_PREFIX_PATH}:/opt/ros/humble /usr/bin/cmake /home/dxf/Desktop/li/moveit_ws/src/micro_urdf -DCMAKE_INSTALL_PREFIX=/home/dxf/Desktop/li/moveit_ws/install/micro_urdf
[1.443s] DEBUG:colcon.colcon_core.event_handler.log_command:Invoked command in '/home/dxf/Desktop/li/moveit_ws/build/micro_urdf' returned '0': CMAKE_PREFIX_PATH=${CMAKE_PREFIX_PATH}:/opt/ros/humble /usr/bin/cmake /home/dxf/Desktop/li/moveit_ws/src/micro_urdf -DCMAKE_INSTALL_PREFIX=/home/dxf/Desktop/li/moveit_ws/install/micro_urdf
[1.448s] DEBUG:colcon.colcon_core.event_handler.log_command:Invoking command in '/home/dxf/Desktop/li/moveit_ws/build/micro_urdf': CMAKE_PREFIX_PATH=${CMAKE_PREFIX_PATH}:/opt/ros/humble /usr/bin/cmake --build /home/dxf/Desktop/li/moveit_ws/build/micro_urdf -- -j6 -l6
[1.537s] DEBUG:colcon.colcon_core.event_handler.log_command:Invoked command in '/home/dxf/Desktop/li/moveit_ws/build/micro_urdf' returned '0': CMAKE_PREFIX_PATH=${CMAKE_PREFIX_PATH}:/opt/ros/humble /usr/bin/cmake --build /home/dxf/Desktop/li/moveit_ws/build/micro_urdf -- -j6 -l6
[1.564s] DEBUG:colcon.colcon_core.event_handler.log_command:Invoking command in '/home/dxf/Desktop/li/moveit_ws/build/micro_urdf': CMAKE_PREFIX_PATH=${CMAKE_PREFIX_PATH}:/opt/ros/humble /usr/bin/cmake --install /home/dxf/Desktop/li/moveit_ws/build/micro_urdf
[1.617s] Level 1:colcon.colcon_core.environment:create_environment_scripts_only(micro_urdf)
[1.619s] DEBUG:colcon.colcon_core.event_handler.log_command:Invoked command in '/home/dxf/Desktop/li/moveit_ws/build/micro_urdf' returned '0': CMAKE_PREFIX_PATH=${CMAKE_PREFIX_PATH}:/opt/ros/humble /usr/bin/cmake --install /home/dxf/Desktop/li/moveit_ws/build/micro_urdf
[1.624s] Level 1:colcon.colcon_core.environment:checking '/home/dxf/Desktop/li/moveit_ws/install/micro_urdf' for CMake module files
[1.626s] Level 1:colcon.colcon_core.environment:checking '/home/dxf/Desktop/li/moveit_ws/install/micro_urdf' for CMake config files
[1.626s] Level 1:colcon.colcon_core.shell:create_environment_hook('micro_urdf', 'cmake_prefix_path')
[1.627s] INFO:colcon.colcon_core.shell:Creating environment hook '/home/dxf/Desktop/li/moveit_ws/install/micro_urdf/share/micro_urdf/hook/cmake_prefix_path.ps1'
[1.630s] INFO:colcon.colcon_core.shell:Creating environment descriptor '/home/dxf/Desktop/li/moveit_ws/install/micro_urdf/share/micro_urdf/hook/cmake_prefix_path.dsv'
[1.632s] INFO:colcon.colcon_core.shell:Creating environment hook '/home/dxf/Desktop/li/moveit_ws/install/micro_urdf/share/micro_urdf/hook/cmake_prefix_path.sh'
[1.636s] Level 1:colcon.colcon_core.environment:checking '/home/dxf/Desktop/li/moveit_ws/install/micro_urdf/bin'
[1.636s] Level 1:colcon.colcon_core.environment:checking '/home/dxf/Desktop/li/moveit_ws/install/micro_urdf/lib/pkgconfig/micro_urdf.pc'
[1.637s] Level 1:colcon.colcon_core.environment:checking '/home/dxf/Desktop/li/moveit_ws/install/micro_urdf/lib/python3.10/site-packages'
[1.638s] Level 1:colcon.colcon_core.environment:checking '/home/dxf/Desktop/li/moveit_ws/install/micro_urdf/bin'
[1.639s] INFO:colcon.colcon_core.shell:Creating package script '/home/dxf/Desktop/li/moveit_ws/install/micro_urdf/share/micro_urdf/package.ps1'
[1.642s] INFO:colcon.colcon_core.shell:Creating package descriptor '/home/dxf/Desktop/li/moveit_ws/install/micro_urdf/share/micro_urdf/package.dsv'
[1.644s] INFO:colcon.colcon_core.shell:Creating package script '/home/dxf/Desktop/li/moveit_ws/install/micro_urdf/share/micro_urdf/package.sh'
[1.647s] INFO:colcon.colcon_core.shell:Creating package script '/home/dxf/Desktop/li/moveit_ws/install/micro_urdf/share/micro_urdf/package.bash'
[1.649s] INFO:colcon.colcon_core.shell:Creating package script '/home/dxf/Desktop/li/moveit_ws/install/micro_urdf/share/micro_urdf/package.zsh'
[1.652s] Level 1:colcon.colcon_core.environment:create_file_with_runtime_dependencies(/home/dxf/Desktop/li/moveit_ws/install/micro_urdf/share/colcon-core/packages/micro_urdf)
[1.654s] Level 1:colcon.colcon_core.environment:create_environment_scripts_only(micro_urdf)
[1.655s] Level 1:colcon.colcon_core.environment:checking '/home/dxf/Desktop/li/moveit_ws/install/micro_urdf' for CMake module files
[1.656s] Level 1:colcon.colcon_core.environment:checking '/home/dxf/Desktop/li/moveit_ws/install/micro_urdf' for CMake config files
[1.656s] Level 1:colcon.colcon_core.shell:create_environment_hook('micro_urdf', 'cmake_prefix_path')
[1.657s] INFO:colcon.colcon_core.shell:Creating environment hook '/home/dxf/Desktop/li/moveit_ws/install/micro_urdf/share/micro_urdf/hook/cmake_prefix_path.ps1'
[1.659s] INFO:colcon.colcon_core.shell:Creating environment descriptor '/home/dxf/Desktop/li/moveit_ws/install/micro_urdf/share/micro_urdf/hook/cmake_prefix_path.dsv'
[1.660s] INFO:colcon.colcon_core.shell:Creating environment hook '/home/dxf/Desktop/li/moveit_ws/install/micro_urdf/share/micro_urdf/hook/cmake_prefix_path.sh'
[1.662s] Level 1:colcon.colcon_core.environment:checking '/home/dxf/Desktop/li/moveit_ws/install/micro_urdf/bin'
[1.663s] Level 1:colcon.colcon_core.environment:checking '/home/dxf/Desktop/li/moveit_ws/install/micro_urdf/lib/pkgconfig/micro_urdf.pc'
[1.663s] Level 1:colcon.colcon_core.environment:checking '/home/dxf/Desktop/li/moveit_ws/install/micro_urdf/lib/python3.10/site-packages'
[1.664s] Level 1:colcon.colcon_core.environment:checking '/home/dxf/Desktop/li/moveit_ws/install/micro_urdf/bin'
[1.665s] INFO:colcon.colcon_core.shell:Creating package script '/home/dxf/Desktop/li/moveit_ws/install/micro_urdf/share/micro_urdf/package.ps1'
[1.667s] INFO:colcon.colcon_core.shell:Creating package descriptor '/home/dxf/Desktop/li/moveit_ws/install/micro_urdf/share/micro_urdf/package.dsv'
[1.668s] INFO:colcon.colcon_core.shell:Creating package script '/home/dxf/Desktop/li/moveit_ws/install/micro_urdf/share/micro_urdf/package.sh'
[1.670s] INFO:colcon.colcon_core.shell:Creating package script '/home/dxf/Desktop/li/moveit_ws/install/micro_urdf/share/micro_urdf/package.bash'
[1.671s] INFO:colcon.colcon_core.shell:Creating package script '/home/dxf/Desktop/li/moveit_ws/install/micro_urdf/share/micro_urdf/package.zsh'
[1.673s] Level 1:colcon.colcon_core.environment:create_file_with_runtime_dependencies(/home/dxf/Desktop/li/moveit_ws/install/micro_urdf/share/colcon-core/packages/micro_urdf)
[1.675s] DEBUG:colcon.colcon_parallel_executor.executor.parallel:closing loop
[1.675s] DEBUG:colcon.colcon_parallel_executor.executor.parallel:loop closed
[1.676s] DEBUG:colcon.colcon_parallel_executor.executor.parallel:run_until_complete finished with '0'
[1.676s] DEBUG:colcon.colcon_core.event_reactor:joining thread
[1.688s] INFO:colcon.colcon_core.plugin_system:Skipping extension 'colcon_notification.desktop_notification.terminal_notifier': Not used on non-Darwin systems
[1.689s] INFO:colcon.colcon_core.plugin_system:Skipping extension 'colcon_notification.desktop_notification.win32': Not used on non-Windows systems
[1.689s] INFO:colcon.colcon_notification.desktop_notification:Sending desktop notification using 'notify2'
[1.715s] DEBUG:colcon.colcon_core.event_reactor:joined thread
[1.715s] INFO:colcon.colcon_core.shell:Creating prefix script '/home/dxf/Desktop/li/moveit_ws/install/local_setup.ps1'
[1.719s] INFO:colcon.colcon_core.shell:Creating prefix util module '/home/dxf/Desktop/li/moveit_ws/install/_local_setup_util_ps1.py'
[1.722s] INFO:colcon.colcon_core.shell:Creating prefix chain script '/home/dxf/Desktop/li/moveit_ws/install/setup.ps1'
[1.725s] INFO:colcon.colcon_core.shell:Creating prefix script '/home/dxf/Desktop/li/moveit_ws/install/local_setup.sh'
[1.726s] INFO:colcon.colcon_core.shell:Creating prefix util module '/home/dxf/Desktop/li/moveit_ws/install/_local_setup_util_sh.py'
[1.727s] INFO:colcon.colcon_core.shell:Creating prefix chain script '/home/dxf/Desktop/li/moveit_ws/install/setup.sh'
[1.729s] INFO:colcon.colcon_core.shell:Creating prefix script '/home/dxf/Desktop/li/moveit_ws/install/local_setup.bash'
[1.730s] INFO:colcon.colcon_core.shell:Creating prefix chain script '/home/dxf/Desktop/li/moveit_ws/install/setup.bash'
[1.732s] INFO:colcon.colcon_core.shell:Creating prefix script '/home/dxf/Desktop/li/moveit_ws/install/local_setup.zsh'
[1.734s] INFO:colcon.colcon_core.shell:Creating prefix chain script '/home/dxf/Desktop/li/moveit_ws/install/setup.zsh'
