-- Found ament_cmake: 1.3.12 (/opt/ros/humble/share/ament_cmake/cmake)
-- Found rclcpp: 16.0.16 (/opt/ros/humble/share/rclcpp/cmake)
-- Found rosidl_generator_c: 3.1.7 (/opt/ros/humble/share/rosidl_generator_c/cmake)
-- Found rosidl_adapter: 3.1.7 (/opt/ros/humble/share/rosidl_adapter/cmake)
-- Found rosidl_generator_cpp: 3.1.7 (/opt/ros/humble/share/rosidl_generator_cpp/cmake)
-- Using all available rosidl_typesupport_c: rosidl_typesupport_fastrtps_c;rosidl_typesupport_introspection_c
-- Using all available rosidl_typesupport_cpp: rosidl_typesupport_fastrtps_cpp;rosidl_typesupport_introspection_cpp
-- Found rmw_implementation_cmake: 6.1.2 (/opt/ros/humble/share/rmw_implementation_cmake/cmake)
-- Found rmw_fastrtps_cpp: 6.2.9 (/opt/ros/humble/share/rmw_fastrtps_cpp/cmake)
-- Using RMW implementation 'rmw_fastrtps_cpp' as default
-- Found rviz_common: 11.2.23 (/opt/ros/humble/share/rviz_common/cmake)
-- Setting assimp_DIR to: '/opt/ros/humble/share/rviz_assimp_vendor/cmake/../../../opt/rviz_assimp_vendor/lib/cmake/assimp-4.1'
-- Setting OGRE_DIR to: '/opt/ros/humble/share/rviz_ogre_vendor/cmake/../../../opt/rviz_ogre_vendor/lib/OGRE/cmake'
-- Found OGRE
--   static     : OFF
--   components : HLMS;MeshLodGenerator;Overlay;Paging;Property;RTShaderSystem;Terrain;Volume
--   plugins    : Plugin_BSPSceneManager;Plugin_OctreeSceneManager;Plugin_PCZSceneManager;Plugin_ParticleFX;RenderSystem_GL;RenderSystem_GL3Plus;Codec_STBI
--   media      : /opt/ros/humble/opt/rviz_ogre_vendor/share/OGRE/Media
-- OGRE_LIBRARIES: OgreHLMS;OgreMeshLodGenerator;OgreOverlay;OgrePaging;OgreProperty;OgreRTShaderSystem;OgreTerrain;OgreVolume;OgreMain
-- OGRE_LIBRARY_DIRS: /opt/ros/humble/opt/rviz_ogre_vendor/lib
-- OGRE_PLUGINS: Plugin_BSPSceneManager;Plugin_OctreeSceneManager;Plugin_PCZSceneManager;Plugin_ParticleFX;RenderSystem_GL;RenderSystem_GL3Plus;Codec_STBI
-- OGRE_PLUGIN_DIR: /opt/ros/humble/opt/rviz_ogre_vendor/lib/OGRE
-- rviz_ogre_vendor::OgreOverlay for IMPORTED_LOCATION_RELEASE: /opt/ros/humble/opt/rviz_ogre_vendor/lib/libOgreOverlay.so
-- rviz_ogre_vendor::OgreOverlay for IMPORTED_LOCATION_DEBUG: /opt/ros/humble/opt/rviz_ogre_vendor/lib/libOgreOverlay.so
-- rviz_ogre_vendor::OgreMain for IMPORTED_LOCATION_RELEASE: /opt/ros/humble/opt/rviz_ogre_vendor/lib/libOgreMain.so
-- rviz_ogre_vendor::OgreMain for IMPORTED_LOCATION_DEBUG: /opt/ros/humble/opt/rviz_ogre_vendor/lib/libOgreMain.so
-- library: /usr/lib/aarch64-linux-gnu/libcurl.so
-- Ensuring Eigen3 include directory is part of orocos-kdl CMake target
-- Found rviz_default_plugins: 11.2.23 (/opt/ros/humble/share/rviz_default_plugins/cmake)
-- Configuring done
-- Generating done
-- Build files have been written to: /home/dxf/Desktop/li/ros2_ws/build/robot_arm_gui
[ 14%] [34m[1mAutomatic MOC and UIC for target robot_arm_gui[0m
[ 14%] Built target robot_arm_gui_autogen
[35m[1mConsolidate compiler generated dependencies of target robot_arm_gui[0m
[ 28%] [32mBuilding CXX object CMakeFiles/robot_arm_gui.dir/src/main.cpp.o[0m
[ 57%] [32mBuilding CXX object CMakeFiles/robot_arm_gui.dir/src/joint_control_panel.cpp.o[0m
[ 57%] [32mBuilding CXX object CMakeFiles/robot_arm_gui.dir/src/rviz_panel.cpp.o[0m
[ 71%] [32mBuilding CXX object CMakeFiles/robot_arm_gui.dir/src/main_window.cpp.o[0m
[01m[K/home/dxf/Desktop/li/ros2_ws/src/robot_arm_gui/src/rviz_panel.cpp:42:17:[m[K [01;31m[Kerror: [m[K‘[01m[Kstd::string RosNodeAbstractionWrapper::get_namespace() const[m[K’ marked ‘[01m[Koverride[m[K’, but does not override
   42 |     std::string [01;31m[Kget_namespace[m[K() const override {
      |                 [01;31m[K^~~~~~~~~~~~~[m[K
In file included from [01m[K/usr/include/aarch64-linux-gnu/c++/11/bits/c++allocator.h:33[m[K,
                 from [01m[K/usr/include/c++/11/bits/allocator.h:46[m[K,
                 from [01m[K/usr/include/c++/11/unordered_map:40[m[K,
                 from [01m[K/usr/include/c++/11/functional:61[m[K,
                 from [01m[K/usr/include/c++/11/pstl/glue_algorithm_defs.h:13[m[K,
                 from [01m[K/usr/include/c++/11/algorithm:74[m[K,
                 from [01m[K/usr/include/aarch64-linux-gnu/qt5/QtCore/qglobal.h:142[m[K,
                 from [01m[K/usr/include/aarch64-linux-gnu/qt5/QtGui/qtguiglobal.h:43[m[K,
                 from [01m[K/usr/include/aarch64-linux-gnu/qt5/QtWidgets/qtwidgetsglobal.h:43[m[K,
                 from [01m[K/usr/include/aarch64-linux-gnu/qt5/QtWidgets/qwidget.h:43[m[K,
                 from [01m[K/usr/include/aarch64-linux-gnu/qt5/QtWidgets/QWidget:1[m[K,
                 from [01m[K/home/dxf/Desktop/li/ros2_ws/src/robot_arm_gui/include/robot_arm_gui/rviz_panel.hpp:4[m[K,
                 from [01m[K/home/dxf/Desktop/li/ros2_ws/src/robot_arm_gui/src/rviz_panel.cpp:1[m[K:
/usr/include/c++/11/ext/new_allocator.h: In instantiation of ‘[01m[Kvoid __gnu_cxx::new_allocator<_Tp>::construct(_Up*, _Args&& ...) [with _Up = RosNodeAbstractionWrapper; _Args = {std::shared_ptr<rclcpp::Node>&}; _Tp = RosNodeAbstractionWrapper][m[K’:
[01m[K/usr/include/c++/11/bits/alloc_traits.h:516:17:[m[K   required from ‘[01m[Kstatic void std::allocator_traits<std::allocator<_Tp1> >::construct(std::allocator_traits<std::allocator<_Tp1> >::allocator_type&, _Up*, _Args&& ...) [with _Up = RosNodeAbstractionWrapper; _Args = {std::shared_ptr<rclcpp::Node>&}; _Tp = RosNodeAbstractionWrapper; std::allocator_traits<std::allocator<_Tp1> >::allocator_type = std::allocator<RosNodeAbstractionWrapper>][m[K’
[01m[K/usr/include/c++/11/bits/shared_ptr_base.h:519:39:[m[K   required from ‘[01m[Kstd::_Sp_counted_ptr_inplace<_Tp, _Alloc, _Lp>::_Sp_counted_ptr_inplace(_Alloc, _Args&& ...) [with _Args = {std::shared_ptr<rclcpp::Node>&}; _Tp = RosNodeAbstractionWrapper; _Alloc = std::allocator<RosNodeAbstractionWrapper>; __gnu_cxx::_Lock_policy _Lp = __gnu_cxx::_S_atomic][m[K’
[01m[K/usr/include/c++/11/bits/shared_ptr_base.h:650:16:[m[K   required from ‘[01m[Kstd::__shared_count<_Lp>::__shared_count(_Tp*&, std::_Sp_alloc_shared_tag<_Alloc>, _Args&& ...) [with _Tp = RosNodeAbstractionWrapper; _Alloc = std::allocator<RosNodeAbstractionWrapper>; _Args = {std::shared_ptr<rclcpp::Node>&}; __gnu_cxx::_Lock_policy _Lp = __gnu_cxx::_S_atomic][m[K’
[01m[K/usr/include/c++/11/bits/shared_ptr_base.h:1342:14:[m[K   required from ‘[01m[Kstd::__shared_ptr<_Tp, _Lp>::__shared_ptr(std::_Sp_alloc_shared_tag<_Tp>, _Args&& ...) [with _Alloc = std::allocator<RosNodeAbstractionWrapper>; _Args = {std::shared_ptr<rclcpp::Node>&}; _Tp = RosNodeAbstractionWrapper; __gnu_cxx::_Lock_policy _Lp = __gnu_cxx::_S_atomic][m[K’
[01m[K/usr/include/c++/11/bits/shared_ptr.h:409:59:[m[K   required from ‘[01m[Kstd::shared_ptr<_Tp>::shared_ptr(std::_Sp_alloc_shared_tag<_Tp>, _Args&& ...) [with _Alloc = std::allocator<RosNodeAbstractionWrapper>; _Args = {std::shared_ptr<rclcpp::Node>&}; _Tp = RosNodeAbstractionWrapper][m[K’
[01m[K/usr/include/c++/11/bits/shared_ptr.h:862:14:[m[K   required from ‘[01m[Kstd::shared_ptr<_Tp> std::allocate_shared(const _Alloc&, _Args&& ...) [with _Tp = RosNodeAbstractionWrapper; _Alloc = std::allocator<RosNodeAbstractionWrapper>; _Args = {std::shared_ptr<rclcpp::Node>&}][m[K’
[01m[K/usr/include/c++/11/bits/shared_ptr.h:878:39:[m[K   required from ‘[01m[Kstd::shared_ptr<_Tp> std::make_shared(_Args&& ...) [with _Tp = RosNodeAbstractionWrapper; _Args = {std::shared_ptr<rclcpp::Node>&}][m[K’
[01m[K/home/dxf/Desktop/li/ros2_ws/src/robot_arm_gui/src/rviz_panel.cpp:104:76:[m[K   required from here
[01m[K/usr/include/c++/11/ext/new_allocator.h:162:11:[m[K [01;31m[Kerror: [m[Kinvalid new-expression of abstract class type ‘[01m[KRosNodeAbstractionWrapper[m[K’
  162 |         { [01;31m[K::new((void *)__p) _Up(std::forward<_Args>(__args)...)[m[K; }
      |           [01;31m[K^~~~~~~~~~~~~~~~~~~~~~~~~~~~~~~~~~~~~~~~~~~~~~~~~~~~~~[m[K
[01m[K/home/dxf/Desktop/li/ros2_ws/src/robot_arm_gui/src/rviz_panel.cpp:31:7:[m[K [01;36m[Knote: [m[K  because the following virtual functions are pure within ‘[01m[KRosNodeAbstractionWrapper[m[K’:
   31 | class [01;36m[KRosNodeAbstractionWrapper[m[K : public rviz_common::ros_integration::RosNodeAbstractionIface
      |       [01;36m[K^~~~~~~~~~~~~~~~~~~~~~~~~[m[K
In file included from [01m[K/opt/ros/humble/include/rviz_common/rviz_common/display_context.hpp:40[m[K,
                 from [01m[K/opt/ros/humble/include/rviz_common/rviz_common/visualization_manager.hpp:44[m[K,
                 from [01m[K/home/dxf/Desktop/li/ros2_ws/src/robot_arm_gui/include/robot_arm_gui/rviz_panel.hpp:10[m[K,
                 from [01m[K/home/dxf/Desktop/li/ros2_ws/src/robot_arm_gui/src/rviz_panel.cpp:1[m[K:
[01m[K/opt/ros/humble/include/rviz_common/rviz_common/ros_integration/ros_node_abstraction_iface.hpp:56:3:[m[K [01;36m[Knote: [m[K    ‘[01m[Kvirtual std::map<std::__cxx11::basic_string<char>, std::vector<std::__cxx11::basic_string<char> > > rviz_common::ros_integration::RosNodeAbstractionIface::get_topic_names_and_types() const[m[K’
   56 |   [01;36m[Kget_topic_names_and_types[m[K() const = 0;
      |   [01;36m[K^~~~~~~~~~~~~~~~~~~~~~~~~[m[K
gmake[2]: *** [CMakeFiles/robot_arm_gui.dir/build.make:118：CMakeFiles/robot_arm_gui.dir/src/rviz_panel.cpp.o] 错误 1
gmake[2]: *** 正在等待未完成的任务....
gmake[1]: *** [CMakeFiles/Makefile2:138：CMakeFiles/robot_arm_gui.dir/all] 错误 2
gmake: *** [Makefile:146：all] 错误 2
