[0.223s] DEBUG:colcon:Command line arguments: ['/usr/bin/colcon', 'build']
[0.223s] DEBUG:colcon:Parsed command line arguments: Namespace(log_base=None, log_level=None, verb_name='build', build_base='build', install_base='install', merge_install=False, symlink_install=False, test_result_base=None, continue_on_error=False, executor='parallel', parallel_workers=6, event_handlers=None, ignore_user_meta=False, metas=['./colcon.meta'], base_paths=['.'], packages_ignore=None, packages_ignore_regex=None, paths=None, packages_up_to=None, packages_up_to_regex=None, packages_above=None, packages_above_and_dependencies=None, packages_above_depth=None, packages_select_by_dep=None, packages_skip_by_dep=None, packages_skip_up_to=None, packages_select_build_failed=False, packages_skip_build_finished=False, packages_select_test_failures=False, packages_skip_test_passed=False, packages_select=None, packages_skip=None, packages_select_regex=None, packages_skip_regex=None, packages_start=None, packages_end=None, allow_overriding=[], cmake_args=None, cmake_target=None, cmake_target_skip_unavailable=False, cmake_clean_cache=False, cmake_clean_first=False, cmake_force_configure=False, ament_cmake_args=None, catkin_cmake_args=None, catkin_skip_building_tests=False, verb_parser=<colcon_defaults.argument_parser.defaults.DefaultArgumentsDecorator object at 0xffff8ec08d90>, verb_extension=<colcon_core.verb.build.BuildVerb object at 0xffff8ec08880>, main=<bound method BuildVerb.main of <colcon_core.verb.build.BuildVerb object at 0xffff8ec08880>>)
[0.602s] Level 1:colcon.colcon_core.package_discovery:discover_packages(colcon_meta) check parameters
[0.602s] Level 1:colcon.colcon_core.package_discovery:discover_packages(recursive) check parameters
[0.602s] Level 1:colcon.colcon_core.package_discovery:discover_packages(ignore) check parameters
[0.602s] Level 1:colcon.colcon_core.package_discovery:discover_packages(path) check parameters
[0.602s] Level 1:colcon.colcon_core.package_discovery:discover_packages(colcon_meta) discover
[0.603s] Level 1:colcon.colcon_core.package_discovery:discover_packages(recursive) discover
[0.603s] INFO:colcon.colcon_core.package_discovery:Crawling recursively for packages in '/home/dxf/Desktop/li/moveit_ws'
[0.603s] Level 1:colcon.colcon_core.package_identification:_identify(.) by extensions ['ignore', 'ignore_ament_install']
[0.603s] Level 1:colcon.colcon_core.package_identification:_identify(.) by extension 'ignore'
[0.604s] Level 1:colcon.colcon_core.package_identification:_identify(.) by extension 'ignore_ament_install'
[0.604s] Level 1:colcon.colcon_core.package_identification:_identify(.) by extensions ['colcon_pkg']
[0.604s] Level 1:colcon.colcon_core.package_identification:_identify(.) by extension 'colcon_pkg'
[0.604s] Level 1:colcon.colcon_core.package_identification:_identify(.) by extensions ['colcon_meta']
[0.604s] Level 1:colcon.colcon_core.package_identification:_identify(.) by extension 'colcon_meta'
[0.604s] Level 1:colcon.colcon_core.package_identification:_identify(.) by extensions ['ros']
[0.604s] Level 1:colcon.colcon_core.package_identification:_identify(.) by extension 'ros'
[0.626s] Level 1:colcon.colcon_core.package_identification:_identify(.) by extensions ['cmake', 'python']
[0.627s] Level 1:colcon.colcon_core.package_identification:_identify(.) by extension 'cmake'
[0.627s] Level 1:colcon.colcon_core.package_identification:_identify(.) by extension 'python'
[0.627s] Level 1:colcon.colcon_core.package_identification:_identify(.) by extensions ['python_setup_py']
[0.627s] Level 1:colcon.colcon_core.package_identification:_identify(.) by extension 'python_setup_py'
[0.627s] Level 1:colcon.colcon_core.package_identification:_identify(build) by extensions ['ignore', 'ignore_ament_install']
[0.628s] Level 1:colcon.colcon_core.package_identification:_identify(build) by extension 'ignore'
[0.628s] Level 1:colcon.colcon_core.package_identification:_identify(build) ignored
[0.628s] Level 1:colcon.colcon_core.package_identification:_identify(install) by extensions ['ignore', 'ignore_ament_install']
[0.628s] Level 1:colcon.colcon_core.package_identification:_identify(install) by extension 'ignore'
[0.628s] Level 1:colcon.colcon_core.package_identification:_identify(install) ignored
[0.629s] Level 1:colcon.colcon_core.package_identification:_identify(log) by extensions ['ignore', 'ignore_ament_install']
[0.629s] Level 1:colcon.colcon_core.package_identification:_identify(log) by extension 'ignore'
[0.629s] Level 1:colcon.colcon_core.package_identification:_identify(log) ignored
[0.629s] Level 1:colcon.colcon_core.package_identification:_identify(src) by extensions ['ignore', 'ignore_ament_install']
[0.629s] Level 1:colcon.colcon_core.package_identification:_identify(src) by extension 'ignore'
[0.629s] Level 1:colcon.colcon_core.package_identification:_identify(src) by extension 'ignore_ament_install'
[0.629s] Level 1:colcon.colcon_core.package_identification:_identify(src) by extensions ['colcon_pkg']
[0.629s] Level 1:colcon.colcon_core.package_identification:_identify(src) by extension 'colcon_pkg'
[0.630s] Level 1:colcon.colcon_core.package_identification:_identify(src) by extensions ['colcon_meta']
[0.630s] Level 1:colcon.colcon_core.package_identification:_identify(src) by extension 'colcon_meta'
[0.630s] Level 1:colcon.colcon_core.package_identification:_identify(src) by extensions ['ros']
[0.630s] Level 1:colcon.colcon_core.package_identification:_identify(src) by extension 'ros'
[0.630s] Level 1:colcon.colcon_core.package_identification:_identify(src) by extensions ['cmake', 'python']
[0.630s] Level 1:colcon.colcon_core.package_identification:_identify(src) by extension 'cmake'
[0.630s] Level 1:colcon.colcon_core.package_identification:_identify(src) by extension 'python'
[0.630s] Level 1:colcon.colcon_core.package_identification:_identify(src) by extensions ['python_setup_py']
[0.630s] Level 1:colcon.colcon_core.package_identification:_identify(src) by extension 'python_setup_py'
[0.631s] Level 1:colcon.colcon_core.package_identification:_identify(src/micro_urdf) by extensions ['ignore', 'ignore_ament_install']
[0.631s] Level 1:colcon.colcon_core.package_identification:_identify(src/micro_urdf) by extension 'ignore'
[0.631s] Level 1:colcon.colcon_core.package_identification:_identify(src/micro_urdf) by extension 'ignore_ament_install'
[0.631s] Level 1:colcon.colcon_core.package_identification:_identify(src/micro_urdf) by extensions ['colcon_pkg']
[0.631s] Level 1:colcon.colcon_core.package_identification:_identify(src/micro_urdf) by extension 'colcon_pkg'
[0.631s] Level 1:colcon.colcon_core.package_identification:_identify(src/micro_urdf) by extensions ['colcon_meta']
[0.631s] Level 1:colcon.colcon_core.package_identification:_identify(src/micro_urdf) by extension 'colcon_meta'
[0.631s] Level 1:colcon.colcon_core.package_identification:_identify(src/micro_urdf) by extensions ['ros']
[0.631s] Level 1:colcon.colcon_core.package_identification:_identify(src/micro_urdf) by extension 'ros'
[0.637s] DEBUG:colcon.colcon_core.package_identification:Package 'src/micro_urdf' with type 'ros.ament_cmake' and name 'micro_urdf'
[0.637s] Level 1:colcon.colcon_core.package_identification:_identify(src/my_robot_description) by extensions ['ignore', 'ignore_ament_install']
[0.637s] Level 1:colcon.colcon_core.package_identification:_identify(src/my_robot_description) by extension 'ignore'
[0.637s] Level 1:colcon.colcon_core.package_identification:_identify(src/my_robot_description) by extension 'ignore_ament_install'
[0.638s] Level 1:colcon.colcon_core.package_identification:_identify(src/my_robot_description) by extensions ['colcon_pkg']
[0.638s] Level 1:colcon.colcon_core.package_identification:_identify(src/my_robot_description) by extension 'colcon_pkg'
[0.638s] Level 1:colcon.colcon_core.package_identification:_identify(src/my_robot_description) by extensions ['colcon_meta']
[0.638s] Level 1:colcon.colcon_core.package_identification:_identify(src/my_robot_description) by extension 'colcon_meta'
[0.638s] Level 1:colcon.colcon_core.package_identification:_identify(src/my_robot_description) by extensions ['ros']
[0.638s] Level 1:colcon.colcon_core.package_identification:_identify(src/my_robot_description) by extension 'ros'
[0.639s] DEBUG:colcon.colcon_core.package_identification:Package 'src/my_robot_description' with type 'ros.ament_cmake' and name 'my_robot_description'
[0.639s] Level 1:colcon.colcon_core.package_discovery:discover_packages(recursive) using defaults
[0.639s] Level 1:colcon.colcon_core.package_discovery:discover_packages(ignore) discover
[0.640s] Level 1:colcon.colcon_core.package_discovery:discover_packages(ignore) using defaults
[0.640s] Level 1:colcon.colcon_core.package_discovery:discover_packages(path) discover
[0.640s] Level 1:colcon.colcon_core.package_discovery:discover_packages(path) using defaults
[0.709s] Level 1:colcon.colcon_core.package_discovery:discover_packages(prefix_path) check parameters
[0.709s] Level 1:colcon.colcon_core.package_discovery:discover_packages(prefix_path) discover
[0.713s] DEBUG:colcon.colcon_installed_package_information.package_discovery:Found 1 installed packages in /home/dxf/Desktop/li/moveit_ws/install
[0.716s] DEBUG:colcon.colcon_installed_package_information.package_discovery:Found 396 installed packages in /opt/ros/humble
[0.720s] Level 1:colcon.colcon_core.package_discovery:discover_packages(prefix_path) using defaults
[0.821s] Level 5:colcon.colcon_core.verb:set package 'my_robot_description' build argument 'cmake_args' from command line to 'None'
[0.821s] Level 5:colcon.colcon_core.verb:set package 'my_robot_description' build argument 'cmake_target' from command line to 'None'
[0.821s] Level 5:colcon.colcon_core.verb:set package 'my_robot_description' build argument 'cmake_target_skip_unavailable' from command line to 'False'
[0.821s] Level 5:colcon.colcon_core.verb:set package 'my_robot_description' build argument 'cmake_clean_cache' from command line to 'False'
[0.821s] Level 5:colcon.colcon_core.verb:set package 'my_robot_description' build argument 'cmake_clean_first' from command line to 'False'
[0.821s] Level 5:colcon.colcon_core.verb:set package 'my_robot_description' build argument 'cmake_force_configure' from command line to 'False'
[0.821s] Level 5:colcon.colcon_core.verb:set package 'my_robot_description' build argument 'ament_cmake_args' from command line to 'None'
[0.822s] Level 5:colcon.colcon_core.verb:set package 'my_robot_description' build argument 'catkin_cmake_args' from command line to 'None'
[0.822s] Level 5:colcon.colcon_core.verb:set package 'my_robot_description' build argument 'catkin_skip_building_tests' from command line to 'False'
[0.822s] DEBUG:colcon.colcon_core.verb:Building package 'my_robot_description' with the following arguments: {'ament_cmake_args': None, 'build_base': '/home/dxf/Desktop/li/moveit_ws/build/my_robot_description', 'catkin_cmake_args': None, 'catkin_skip_building_tests': False, 'cmake_args': None, 'cmake_clean_cache': False, 'cmake_clean_first': False, 'cmake_force_configure': False, 'cmake_target': None, 'cmake_target_skip_unavailable': False, 'install_base': '/home/dxf/Desktop/li/moveit_ws/install/my_robot_description', 'merge_install': False, 'path': '/home/dxf/Desktop/li/moveit_ws/src/my_robot_description', 'symlink_install': False, 'test_result_base': None}
[0.822s] Level 5:colcon.colcon_core.verb:set package 'micro_urdf' build argument 'cmake_args' from command line to 'None'
[0.822s] Level 5:colcon.colcon_core.verb:set package 'micro_urdf' build argument 'cmake_target' from command line to 'None'
[0.823s] Level 5:colcon.colcon_core.verb:set package 'micro_urdf' build argument 'cmake_target_skip_unavailable' from command line to 'False'
[0.823s] Level 5:colcon.colcon_core.verb:set package 'micro_urdf' build argument 'cmake_clean_cache' from command line to 'False'
[0.823s] Level 5:colcon.colcon_core.verb:set package 'micro_urdf' build argument 'cmake_clean_first' from command line to 'False'
[0.823s] Level 5:colcon.colcon_core.verb:set package 'micro_urdf' build argument 'cmake_force_configure' from command line to 'False'
[0.823s] Level 5:colcon.colcon_core.verb:set package 'micro_urdf' build argument 'ament_cmake_args' from command line to 'None'
[0.823s] Level 5:colcon.colcon_core.verb:set package 'micro_urdf' build argument 'catkin_cmake_args' from command line to 'None'
[0.823s] Level 5:colcon.colcon_core.verb:set package 'micro_urdf' build argument 'catkin_skip_building_tests' from command line to 'False'
[0.823s] DEBUG:colcon.colcon_core.verb:Building package 'micro_urdf' with the following arguments: {'ament_cmake_args': None, 'build_base': '/home/dxf/Desktop/li/moveit_ws/build/micro_urdf', 'catkin_cmake_args': None, 'catkin_skip_building_tests': False, 'cmake_args': None, 'cmake_clean_cache': False, 'cmake_clean_first': False, 'cmake_force_configure': False, 'cmake_target': None, 'cmake_target_skip_unavailable': False, 'install_base': '/home/dxf/Desktop/li/moveit_ws/install/micro_urdf', 'merge_install': False, 'path': '/home/dxf/Desktop/li/moveit_ws/src/micro_urdf', 'symlink_install': False, 'test_result_base': None}
[0.823s] INFO:colcon.colcon_core.executor:Executing jobs using 'parallel' executor
[0.826s] DEBUG:colcon.colcon_parallel_executor.executor.parallel:run_until_complete
[0.827s] INFO:colcon.colcon_ros.task.ament_cmake.build:Building ROS package in '/home/dxf/Desktop/li/moveit_ws/src/my_robot_description' with build type 'ament_cmake'
[0.827s] INFO:colcon.colcon_cmake.task.cmake.build:Building CMake package in '/home/dxf/Desktop/li/moveit_ws/src/my_robot_description'
[0.831s] INFO:colcon.colcon_core.plugin_system:Skipping extension 'colcon_core.shell.bat': Not used on non-Windows systems
[0.831s] INFO:colcon.colcon_core.shell:Skip shell extension 'powershell' for command environment: Not usable outside of PowerShell
[0.831s] DEBUG:colcon.colcon_core.shell:Skip shell extension 'dsv' for command environment
[0.851s] DEBUG:colcon.colcon_core.event_handler.log_command:Invoking command in '/home/dxf/Desktop/li/moveit_ws/build/my_robot_description': CMAKE_PREFIX_PATH=${CMAKE_PREFIX_PATH}:/opt/ros/humble /usr/bin/cmake /home/dxf/Desktop/li/moveit_ws/src/my_robot_description -DCMAKE_INSTALL_PREFIX=/home/dxf/Desktop/li/moveit_ws/install/my_robot_description
[2.440s] DEBUG:colcon.colcon_core.event_handler.log_command:Invoked command in '/home/dxf/Desktop/li/moveit_ws/build/my_robot_description' returned '0': CMAKE_PREFIX_PATH=${CMAKE_PREFIX_PATH}:/opt/ros/humble /usr/bin/cmake /home/dxf/Desktop/li/moveit_ws/src/my_robot_description -DCMAKE_INSTALL_PREFIX=/home/dxf/Desktop/li/moveit_ws/install/my_robot_description
[2.446s] DEBUG:colcon.colcon_core.event_handler.log_command:Invoking command in '/home/dxf/Desktop/li/moveit_ws/build/my_robot_description': CMAKE_PREFIX_PATH=${CMAKE_PREFIX_PATH}:/opt/ros/humble /usr/bin/cmake --build /home/dxf/Desktop/li/moveit_ws/build/my_robot_description -- -j6 -l6
[2.536s] DEBUG:colcon.colcon_core.event_handler.log_command:Invoked command in '/home/dxf/Desktop/li/moveit_ws/build/my_robot_description' returned '0': CMAKE_PREFIX_PATH=${CMAKE_PREFIX_PATH}:/opt/ros/humble /usr/bin/cmake --build /home/dxf/Desktop/li/moveit_ws/build/my_robot_description -- -j6 -l6
[2.561s] DEBUG:colcon.colcon_core.event_handler.log_command:Invoking command in '/home/dxf/Desktop/li/moveit_ws/build/my_robot_description': CMAKE_PREFIX_PATH=${CMAKE_PREFIX_PATH}:/opt/ros/humble /usr/bin/cmake --install /home/dxf/Desktop/li/moveit_ws/build/my_robot_description
[2.598s] Level 1:colcon.colcon_core.environment:create_environment_scripts_only(my_robot_description)
[2.600s] DEBUG:colcon.colcon_core.event_handler.log_command:Invoked command in '/home/dxf/Desktop/li/moveit_ws/build/my_robot_description' returned '0': CMAKE_PREFIX_PATH=${CMAKE_PREFIX_PATH}:/opt/ros/humble /usr/bin/cmake --install /home/dxf/Desktop/li/moveit_ws/build/my_robot_description
[2.608s] Level 1:colcon.colcon_core.environment:checking '/home/dxf/Desktop/li/moveit_ws/install/my_robot_description' for CMake module files
[2.609s] Level 1:colcon.colcon_core.environment:checking '/home/dxf/Desktop/li/moveit_ws/install/my_robot_description' for CMake config files
[2.610s] Level 1:colcon.colcon_core.shell:create_environment_hook('my_robot_description', 'cmake_prefix_path')
[2.611s] INFO:colcon.colcon_core.shell:Creating environment hook '/home/dxf/Desktop/li/moveit_ws/install/my_robot_description/share/my_robot_description/hook/cmake_prefix_path.ps1'
[2.614s] INFO:colcon.colcon_core.shell:Creating environment descriptor '/home/dxf/Desktop/li/moveit_ws/install/my_robot_description/share/my_robot_description/hook/cmake_prefix_path.dsv'
[2.615s] INFO:colcon.colcon_core.shell:Creating environment hook '/home/dxf/Desktop/li/moveit_ws/install/my_robot_description/share/my_robot_description/hook/cmake_prefix_path.sh'
[2.619s] Level 1:colcon.colcon_core.environment:checking '/home/dxf/Desktop/li/moveit_ws/install/my_robot_description/bin'
[2.619s] Level 1:colcon.colcon_core.environment:checking '/home/dxf/Desktop/li/moveit_ws/install/my_robot_description/lib/pkgconfig/my_robot_description.pc'
[2.620s] Level 1:colcon.colcon_core.environment:checking '/home/dxf/Desktop/li/moveit_ws/install/my_robot_description/lib/python3.10/site-packages'
[2.621s] Level 1:colcon.colcon_core.environment:checking '/home/dxf/Desktop/li/moveit_ws/install/my_robot_description/bin'
[2.622s] INFO:colcon.colcon_core.shell:Creating package script '/home/dxf/Desktop/li/moveit_ws/install/my_robot_description/share/my_robot_description/package.ps1'
[2.625s] INFO:colcon.colcon_core.shell:Creating package descriptor '/home/dxf/Desktop/li/moveit_ws/install/my_robot_description/share/my_robot_description/package.dsv'
[2.627s] INFO:colcon.colcon_core.shell:Creating package script '/home/dxf/Desktop/li/moveit_ws/install/my_robot_description/share/my_robot_description/package.sh'
[2.629s] INFO:colcon.colcon_core.shell:Creating package script '/home/dxf/Desktop/li/moveit_ws/install/my_robot_description/share/my_robot_description/package.bash'
[2.632s] INFO:colcon.colcon_core.shell:Creating package script '/home/dxf/Desktop/li/moveit_ws/install/my_robot_description/share/my_robot_description/package.zsh'
[2.635s] Level 1:colcon.colcon_core.environment:create_file_with_runtime_dependencies(/home/dxf/Desktop/li/moveit_ws/install/my_robot_description/share/colcon-core/packages/my_robot_description)
[2.637s] Level 1:colcon.colcon_core.environment:create_environment_scripts_only(my_robot_description)
[2.638s] Level 1:colcon.colcon_core.environment:checking '/home/dxf/Desktop/li/moveit_ws/install/my_robot_description' for CMake module files
[2.640s] Level 1:colcon.colcon_core.environment:checking '/home/dxf/Desktop/li/moveit_ws/install/my_robot_description' for CMake config files
[2.641s] Level 1:colcon.colcon_core.shell:create_environment_hook('my_robot_description', 'cmake_prefix_path')
[2.642s] INFO:colcon.colcon_core.shell:Creating environment hook '/home/dxf/Desktop/li/moveit_ws/install/my_robot_description/share/my_robot_description/hook/cmake_prefix_path.ps1'
[2.643s] INFO:colcon.colcon_core.shell:Creating environment descriptor '/home/dxf/Desktop/li/moveit_ws/install/my_robot_description/share/my_robot_description/hook/cmake_prefix_path.dsv'
[2.644s] INFO:colcon.colcon_core.shell:Creating environment hook '/home/dxf/Desktop/li/moveit_ws/install/my_robot_description/share/my_robot_description/hook/cmake_prefix_path.sh'
[2.646s] Level 1:colcon.colcon_core.environment:checking '/home/dxf/Desktop/li/moveit_ws/install/my_robot_description/bin'
[2.647s] Level 1:colcon.colcon_core.environment:checking '/home/dxf/Desktop/li/moveit_ws/install/my_robot_description/lib/pkgconfig/my_robot_description.pc'
[2.647s] Level 1:colcon.colcon_core.environment:checking '/home/dxf/Desktop/li/moveit_ws/install/my_robot_description/lib/python3.10/site-packages'
[2.649s] Level 1:colcon.colcon_core.environment:checking '/home/dxf/Desktop/li/moveit_ws/install/my_robot_description/bin'
[2.650s] INFO:colcon.colcon_core.shell:Creating package script '/home/dxf/Desktop/li/moveit_ws/install/my_robot_description/share/my_robot_description/package.ps1'
[2.652s] INFO:colcon.colcon_core.shell:Creating package descriptor '/home/dxf/Desktop/li/moveit_ws/install/my_robot_description/share/my_robot_description/package.dsv'
[2.653s] INFO:colcon.colcon_core.shell:Creating package script '/home/dxf/Desktop/li/moveit_ws/install/my_robot_description/share/my_robot_description/package.sh'
[2.655s] INFO:colcon.colcon_core.shell:Creating package script '/home/dxf/Desktop/li/moveit_ws/install/my_robot_description/share/my_robot_description/package.bash'
[2.657s] INFO:colcon.colcon_core.shell:Creating package script '/home/dxf/Desktop/li/moveit_ws/install/my_robot_description/share/my_robot_description/package.zsh'
[2.658s] Level 1:colcon.colcon_core.environment:create_file_with_runtime_dependencies(/home/dxf/Desktop/li/moveit_ws/install/my_robot_description/share/colcon-core/packages/my_robot_description)
[2.659s] INFO:colcon.colcon_ros.task.ament_cmake.build:Building ROS package in '/home/dxf/Desktop/li/moveit_ws/src/micro_urdf' with build type 'ament_cmake'
[2.660s] INFO:colcon.colcon_cmake.task.cmake.build:Building CMake package in '/home/dxf/Desktop/li/moveit_ws/src/micro_urdf'
[2.661s] INFO:colcon.colcon_core.shell:Skip shell extension 'powershell' for command environment: Not usable outside of PowerShell
[2.661s] DEBUG:colcon.colcon_core.shell:Skip shell extension 'dsv' for command environment
[2.689s] DEBUG:colcon.colcon_core.event_handler.log_command:Invoking command in '/home/dxf/Desktop/li/moveit_ws/build/micro_urdf': AMENT_PREFIX_PATH=/home/dxf/Desktop/li/moveit_ws/install/my_robot_description:${AMENT_PREFIX_PATH} CMAKE_PREFIX_PATH=/home/dxf/Desktop/li/moveit_ws/install/my_robot_description:/home/dxf/Desktop/li/moveit_ws/install/micro_urdf:/usr/local/opencv410:/usr/local/opencv410:/opt/ros/humble /usr/bin/cmake --build /home/dxf/Desktop/li/moveit_ws/build/micro_urdf -- -j6 -l6
[2.771s] DEBUG:colcon.colcon_core.event_handler.log_command:Invoked command in '/home/dxf/Desktop/li/moveit_ws/build/micro_urdf' returned '0': AMENT_PREFIX_PATH=/home/dxf/Desktop/li/moveit_ws/install/my_robot_description:${AMENT_PREFIX_PATH} CMAKE_PREFIX_PATH=/home/dxf/Desktop/li/moveit_ws/install/my_robot_description:/home/dxf/Desktop/li/moveit_ws/install/micro_urdf:/usr/local/opencv410:/usr/local/opencv410:/opt/ros/humble /usr/bin/cmake --build /home/dxf/Desktop/li/moveit_ws/build/micro_urdf -- -j6 -l6
[2.776s] DEBUG:colcon.colcon_core.event_handler.log_command:Invoking command in '/home/dxf/Desktop/li/moveit_ws/build/micro_urdf': AMENT_PREFIX_PATH=/home/dxf/Desktop/li/moveit_ws/install/my_robot_description:${AMENT_PREFIX_PATH} CMAKE_PREFIX_PATH=/home/dxf/Desktop/li/moveit_ws/install/my_robot_description:/home/dxf/Desktop/li/moveit_ws/install/micro_urdf:/usr/local/opencv410:/usr/local/opencv410:/opt/ros/humble /usr/bin/cmake --install /home/dxf/Desktop/li/moveit_ws/build/micro_urdf
[2.802s] Level 1:colcon.colcon_core.environment:create_environment_scripts_only(micro_urdf)
[2.803s] Level 1:colcon.colcon_core.environment:checking '/home/dxf/Desktop/li/moveit_ws/install/micro_urdf' for CMake module files
[2.805s] DEBUG:colcon.colcon_core.event_handler.log_command:Invoked command in '/home/dxf/Desktop/li/moveit_ws/build/micro_urdf' returned '0': AMENT_PREFIX_PATH=/home/dxf/Desktop/li/moveit_ws/install/my_robot_description:${AMENT_PREFIX_PATH} CMAKE_PREFIX_PATH=/home/dxf/Desktop/li/moveit_ws/install/my_robot_description:/home/dxf/Desktop/li/moveit_ws/install/micro_urdf:/usr/local/opencv410:/usr/local/opencv410:/opt/ros/humble /usr/bin/cmake --install /home/dxf/Desktop/li/moveit_ws/build/micro_urdf
[2.806s] Level 1:colcon.colcon_core.environment:checking '/home/dxf/Desktop/li/moveit_ws/install/micro_urdf' for CMake config files
[2.807s] Level 1:colcon.colcon_core.shell:create_environment_hook('micro_urdf', 'cmake_prefix_path')
[2.808s] INFO:colcon.colcon_core.shell:Creating environment hook '/home/dxf/Desktop/li/moveit_ws/install/micro_urdf/share/micro_urdf/hook/cmake_prefix_path.ps1'
[2.810s] INFO:colcon.colcon_core.shell:Creating environment descriptor '/home/dxf/Desktop/li/moveit_ws/install/micro_urdf/share/micro_urdf/hook/cmake_prefix_path.dsv'
[2.811s] INFO:colcon.colcon_core.shell:Creating environment hook '/home/dxf/Desktop/li/moveit_ws/install/micro_urdf/share/micro_urdf/hook/cmake_prefix_path.sh'
[2.814s] Level 1:colcon.colcon_core.environment:checking '/home/dxf/Desktop/li/moveit_ws/install/micro_urdf/bin'
[2.814s] Level 1:colcon.colcon_core.environment:checking '/home/dxf/Desktop/li/moveit_ws/install/micro_urdf/lib/pkgconfig/micro_urdf.pc'
[2.815s] Level 1:colcon.colcon_core.environment:checking '/home/dxf/Desktop/li/moveit_ws/install/micro_urdf/lib/python3.10/site-packages'
[2.816s] Level 1:colcon.colcon_core.environment:checking '/home/dxf/Desktop/li/moveit_ws/install/micro_urdf/bin'
[2.817s] INFO:colcon.colcon_core.shell:Creating package script '/home/dxf/Desktop/li/moveit_ws/install/micro_urdf/share/micro_urdf/package.ps1'
[2.819s] INFO:colcon.colcon_core.shell:Creating package descriptor '/home/dxf/Desktop/li/moveit_ws/install/micro_urdf/share/micro_urdf/package.dsv'
[2.821s] INFO:colcon.colcon_core.shell:Creating package script '/home/dxf/Desktop/li/moveit_ws/install/micro_urdf/share/micro_urdf/package.sh'
[2.822s] INFO:colcon.colcon_core.shell:Creating package script '/home/dxf/Desktop/li/moveit_ws/install/micro_urdf/share/micro_urdf/package.bash'
[2.824s] INFO:colcon.colcon_core.shell:Creating package script '/home/dxf/Desktop/li/moveit_ws/install/micro_urdf/share/micro_urdf/package.zsh'
[2.825s] Level 1:colcon.colcon_core.environment:create_file_with_runtime_dependencies(/home/dxf/Desktop/li/moveit_ws/install/micro_urdf/share/colcon-core/packages/micro_urdf)
[2.827s] Level 1:colcon.colcon_core.environment:create_environment_scripts_only(micro_urdf)
[2.828s] Level 1:colcon.colcon_core.environment:checking '/home/dxf/Desktop/li/moveit_ws/install/micro_urdf' for CMake module files
[2.830s] Level 1:colcon.colcon_core.environment:checking '/home/dxf/Desktop/li/moveit_ws/install/micro_urdf' for CMake config files
[2.830s] Level 1:colcon.colcon_core.shell:create_environment_hook('micro_urdf', 'cmake_prefix_path')
[2.831s] INFO:colcon.colcon_core.shell:Creating environment hook '/home/dxf/Desktop/li/moveit_ws/install/micro_urdf/share/micro_urdf/hook/cmake_prefix_path.ps1'
[2.833s] INFO:colcon.colcon_core.shell:Creating environment descriptor '/home/dxf/Desktop/li/moveit_ws/install/micro_urdf/share/micro_urdf/hook/cmake_prefix_path.dsv'
[2.835s] INFO:colcon.colcon_core.shell:Creating environment hook '/home/dxf/Desktop/li/moveit_ws/install/micro_urdf/share/micro_urdf/hook/cmake_prefix_path.sh'
[2.837s] Level 1:colcon.colcon_core.environment:checking '/home/dxf/Desktop/li/moveit_ws/install/micro_urdf/bin'
[2.837s] Level 1:colcon.colcon_core.environment:checking '/home/dxf/Desktop/li/moveit_ws/install/micro_urdf/lib/pkgconfig/micro_urdf.pc'
[2.838s] Level 1:colcon.colcon_core.environment:checking '/home/dxf/Desktop/li/moveit_ws/install/micro_urdf/lib/python3.10/site-packages'
[2.839s] Level 1:colcon.colcon_core.environment:checking '/home/dxf/Desktop/li/moveit_ws/install/micro_urdf/bin'
[2.841s] INFO:colcon.colcon_core.shell:Creating package script '/home/dxf/Desktop/li/moveit_ws/install/micro_urdf/share/micro_urdf/package.ps1'
[2.843s] INFO:colcon.colcon_core.shell:Creating package descriptor '/home/dxf/Desktop/li/moveit_ws/install/micro_urdf/share/micro_urdf/package.dsv'
[2.844s] INFO:colcon.colcon_core.shell:Creating package script '/home/dxf/Desktop/li/moveit_ws/install/micro_urdf/share/micro_urdf/package.sh'
[2.846s] INFO:colcon.colcon_core.shell:Creating package script '/home/dxf/Desktop/li/moveit_ws/install/micro_urdf/share/micro_urdf/package.bash'
[2.848s] INFO:colcon.colcon_core.shell:Creating package script '/home/dxf/Desktop/li/moveit_ws/install/micro_urdf/share/micro_urdf/package.zsh'
[2.849s] Level 1:colcon.colcon_core.environment:create_file_with_runtime_dependencies(/home/dxf/Desktop/li/moveit_ws/install/micro_urdf/share/colcon-core/packages/micro_urdf)
[2.850s] DEBUG:colcon.colcon_parallel_executor.executor.parallel:closing loop
[2.851s] DEBUG:colcon.colcon_parallel_executor.executor.parallel:loop closed
[2.852s] DEBUG:colcon.colcon_parallel_executor.executor.parallel:run_until_complete finished with '0'
[2.852s] DEBUG:colcon.colcon_core.event_reactor:joining thread
[2.869s] INFO:colcon.colcon_core.plugin_system:Skipping extension 'colcon_notification.desktop_notification.terminal_notifier': Not used on non-Darwin systems
[2.869s] INFO:colcon.colcon_core.plugin_system:Skipping extension 'colcon_notification.desktop_notification.win32': Not used on non-Windows systems
[2.870s] INFO:colcon.colcon_notification.desktop_notification:Sending desktop notification using 'notify2'
[2.904s] DEBUG:colcon.colcon_core.event_reactor:joined thread
[2.906s] INFO:colcon.colcon_core.shell:Creating prefix script '/home/dxf/Desktop/li/moveit_ws/install/local_setup.ps1'
[2.910s] INFO:colcon.colcon_core.shell:Creating prefix util module '/home/dxf/Desktop/li/moveit_ws/install/_local_setup_util_ps1.py'
[2.916s] INFO:colcon.colcon_core.shell:Creating prefix chain script '/home/dxf/Desktop/li/moveit_ws/install/setup.ps1'
[2.919s] INFO:colcon.colcon_core.shell:Creating prefix script '/home/dxf/Desktop/li/moveit_ws/install/local_setup.sh'
[2.921s] INFO:colcon.colcon_core.shell:Creating prefix util module '/home/dxf/Desktop/li/moveit_ws/install/_local_setup_util_sh.py'
[2.924s] INFO:colcon.colcon_core.shell:Creating prefix chain script '/home/dxf/Desktop/li/moveit_ws/install/setup.sh'
[2.928s] INFO:colcon.colcon_core.shell:Creating prefix script '/home/dxf/Desktop/li/moveit_ws/install/local_setup.bash'
[2.929s] INFO:colcon.colcon_core.shell:Creating prefix chain script '/home/dxf/Desktop/li/moveit_ws/install/setup.bash'
[2.933s] INFO:colcon.colcon_core.shell:Creating prefix script '/home/dxf/Desktop/li/moveit_ws/install/local_setup.zsh'
[2.935s] INFO:colcon.colcon_core.shell:Creating prefix chain script '/home/dxf/Desktop/li/moveit_ws/install/setup.zsh'
