-- Install configuration: ""
-- Up-to-date: /home/dxf/Desktop/li/moveit_ws/install/micro_urdf/share/ament_index/resource_index/package_run_dependencies/micro_urdf
-- Up-to-date: /home/dxf/Desktop/li/moveit_ws/install/micro_urdf/share/ament_index/resource_index/parent_prefix_path/micro_urdf
-- Up-to-date: /home/dxf/Desktop/li/moveit_ws/install/micro_urdf/share/micro_urdf/environment/ament_prefix_path.sh
-- Up-to-date: /home/dxf/Desktop/li/moveit_ws/install/micro_urdf/share/micro_urdf/environment/ament_prefix_path.dsv
-- Up-to-date: /home/dxf/Desktop/li/moveit_ws/install/micro_urdf/share/micro_urdf/environment/path.sh
-- Up-to-date: /home/dxf/Desktop/li/moveit_ws/install/micro_urdf/share/micro_urdf/environment/path.dsv
-- Up-to-date: /home/dxf/Desktop/li/moveit_ws/install/micro_urdf/share/micro_urdf/local_setup.bash
-- Up-to-date: /home/dxf/Desktop/li/moveit_ws/install/micro_urdf/share/micro_urdf/local_setup.sh
-- Up-to-date: /home/dxf/Desktop/li/moveit_ws/install/micro_urdf/share/micro_urdf/local_setup.zsh
-- Up-to-date: /home/dxf/Desktop/li/moveit_ws/install/micro_urdf/share/micro_urdf/local_setup.dsv
-- Up-to-date: /home/dxf/Desktop/li/moveit_ws/install/micro_urdf/share/micro_urdf/package.dsv
-- Up-to-date: /home/dxf/Desktop/li/moveit_ws/install/micro_urdf/share/ament_index/resource_index/packages/micro_urdf
-- Up-to-date: /home/dxf/Desktop/li/moveit_ws/install/micro_urdf/share/micro_urdf/cmake/micro_urdfConfig.cmake
-- Up-to-date: /home/dxf/Desktop/li/moveit_ws/install/micro_urdf/share/micro_urdf/cmake/micro_urdfConfig-version.cmake
-- Up-to-date: /home/dxf/Desktop/li/moveit_ws/install/micro_urdf/share/micro_urdf/package.xml
-- Up-to-date: /home/dxf/Desktop/li/moveit_ws/install/micro_urdf/share/micro_urdf/launch
-- Installing: /home/dxf/Desktop/li/moveit_ws/install/micro_urdf/share/micro_urdf/launch/setup_assistant.launch.py
-- Installing: /home/dxf/Desktop/li/moveit_ws/install/micro_urdf/share/micro_urdf/launch/demo.launch.py
-- Installing: /home/dxf/Desktop/li/moveit_ws/install/micro_urdf/share/micro_urdf/launch/static_virtual_joint_tfs.launch.py
-- Installing: /home/dxf/Desktop/li/moveit_ws/install/micro_urdf/share/micro_urdf/launch/rsp.launch.py
-- Installing: /home/dxf/Desktop/li/moveit_ws/install/micro_urdf/share/micro_urdf/launch/moveit_rviz.launch.py
-- Installing: /home/dxf/Desktop/li/moveit_ws/install/micro_urdf/share/micro_urdf/launch/spawn_controllers.launch.py
-- Installing: /home/dxf/Desktop/li/moveit_ws/install/micro_urdf/share/micro_urdf/launch/move_group.launch.py
-- Installing: /home/dxf/Desktop/li/moveit_ws/install/micro_urdf/share/micro_urdf/launch/warehouse_db.launch.py
-- Up-to-date: /home/dxf/Desktop/li/moveit_ws/install/micro_urdf/share/micro_urdf/config
-- Up-to-date: /home/dxf/Desktop/li/moveit_ws/install/micro_urdf/share/micro_urdf/config/ros2_controllers.yaml
-- Up-to-date: /home/dxf/Desktop/li/moveit_ws/install/micro_urdf/share/micro_urdf/config/moveit.rviz
-- Up-to-date: /home/dxf/Desktop/li/moveit_ws/install/micro_urdf/share/micro_urdf/config/joint_limits.yaml
-- Up-to-date: /home/dxf/Desktop/li/moveit_ws/install/micro_urdf/share/micro_urdf/config/my_robot_description.srdf
-- Up-to-date: /home/dxf/Desktop/li/moveit_ws/install/micro_urdf/share/micro_urdf/config/kinematics.yaml
-- Up-to-date: /home/dxf/Desktop/li/moveit_ws/install/micro_urdf/share/micro_urdf/config/moveit_controllers.yaml
-- Up-to-date: /home/dxf/Desktop/li/moveit_ws/install/micro_urdf/share/micro_urdf/config/pilz_cartesian_limits.yaml
-- Up-to-date: /home/dxf/Desktop/li/moveit_ws/install/micro_urdf/share/micro_urdf/.setup_assistant
