[0.018s] Invoking command in '/home/dxf/Desktop/li/li_ros2/build/Final_light_assembly_URDF': /usr/bin/cmake /home/dxf/Desktop/li/li_ros2/src/URDF_FAZE4 -DCMAKE_INSTALL_PREFIX=/home/dxf/Desktop/li/li_ros2/install/Final_light_assembly_URDF
[0.066s] [0mCMake Deprecation Warning at CMakeLists.txt:1 (cmake_minimum_required):
[0.066s]   Compatibility with CMake < 2.8.12 will be removed from a future version of
[0.066s]   CMake.
[0.066s] 
[0.067s]   Update the VERSION argument <min> value or use a ...<max> suffix to tell
[0.067s]   CMake that the project does not need compatibility with older versions.
[0.067s] 
[0.067s] [0m
[0.264s] -- The C compiler identification is GNU 11.4.0
[0.443s] -- The CXX compiler identification is GNU 11.4.0
[0.463s] -- Detecting C compiler ABI info
[0.615s] -- Detecting C compiler ABI info - done
[0.632s] -- Check for working C compiler: /usr/bin/cc - skipped
[0.632s] -- Detecting C compile features
[0.634s] -- Detecting C compile features - done
[0.644s] -- Detecting CXX compiler ABI info
[0.816s] -- Detecting CXX compiler ABI info - done
[0.844s] -- Check for working CXX compiler: /usr/bin/c++ - skipped
[0.844s] -- Detecting CXX compile features
[0.846s] -- Detecting CXX compile features - done
[0.892s] [31mCMake Error at CMakeLists.txt:5 (find_package):
[0.893s]   By not providing "Findcatkin.cmake" in CMAKE_MODULE_PATH this project has
[0.893s]   asked CMake to find a package configuration file provided by "catkin", but
[0.893s]   CMake did not find one.
[0.894s] 
[0.894s]   Could not find a package configuration file provided by "catkin" with any
[0.894s]   of the following names:
[0.894s] 
[0.894s]     catkinConfig.cmake
[0.894s]     catkin-config.cmake
[0.895s] 
[0.895s]   Add the installation prefix of "catkin" to CMAKE_PREFIX_PATH or set
[0.895s]   "catkin_DIR" to a directory containing one of the above files.  If "catkin"
[0.895s]   provides a separate development package or SDK, be sure it has been
[0.895s]   installed.
[0.895s] 
[0.896s] [0m
[0.896s] -- Configuring incomplete, errors occurred!
[0.896s] See also "/home/dxf/Desktop/li/li_ros2/build/Final_light_assembly_URDF/CMakeFiles/CMakeOutput.log".
[0.903s] Invoked command in '/home/dxf/Desktop/li/li_ros2/build/Final_light_assembly_URDF' returned '1': /usr/bin/cmake /home/dxf/Desktop/li/li_ros2/src/URDF_FAZE4 -DCMAKE_INSTALL_PREFIX=/home/dxf/Desktop/li/li_ros2/install/Final_light_assembly_URDF
