[0.023s] Invoking command in '/home/dxf/Desktop/li/moveit_ws/build/my_robot_description': CMAKE_PREFIX_PATH=${CMAKE_PREFIX_PATH}:/opt/ros/humble /usr/bin/cmake /home/dxf/Desktop/li/moveit_ws/src/my_robot_description -DCMAKE_INSTALL_PREFIX=/home/dxf/Desktop/li/moveit_ws/install/my_robot_description
[0.138s] -- The C compiler identification is GNU 11.4.0
[0.258s] -- The CXX compiler identification is GNU 11.4.0
[0.282s] -- Detecting C compiler ABI info
[0.445s] -- Detecting C compiler ABI info - done
[0.470s] -- Check for working C compiler: /usr/bin/cc - skipped
[0.471s] -- Detecting C compile features
[0.472s] -- Detecting C compile features - done
[0.483s] -- Detecting CXX compiler ABI info
[0.658s] -- Detecting CXX compiler ABI info - done
[0.684s] -- Check for working CXX compiler: /usr/bin/c++ - skipped
[0.684s] -- Detecting CXX compile features
[0.686s] -- Detecting CXX compile features - done
[0.697s] -- Found ament_cmake: 1.3.12 (/opt/ros/humble/share/ament_cmake/cmake)
[1.060s] -- Found Python3: /usr/bin/python3 (found version "3.10.12") found components: Interpreter 
[1.311s] -- Found urdf: 2.6.1 (/opt/ros/humble/share/urdf/cmake)
[1.585s] -- Configuring done
[1.592s] -- Generating done
[1.596s] -- Build files have been written to: /home/dxf/Desktop/li/moveit_ws/build/my_robot_description
[1.612s] Invoked command in '/home/dxf/Desktop/li/moveit_ws/build/my_robot_description' returned '0': CMAKE_PREFIX_PATH=${CMAKE_PREFIX_PATH}:/opt/ros/humble /usr/bin/cmake /home/dxf/Desktop/li/moveit_ws/src/my_robot_description -DCMAKE_INSTALL_PREFIX=/home/dxf/Desktop/li/moveit_ws/install/my_robot_description
[1.618s] Invoking command in '/home/dxf/Desktop/li/moveit_ws/build/my_robot_description': CMAKE_PREFIX_PATH=${CMAKE_PREFIX_PATH}:/opt/ros/humble /usr/bin/cmake --build /home/dxf/Desktop/li/moveit_ws/build/my_robot_description -- -j6 -l6
[1.708s] Invoked command in '/home/dxf/Desktop/li/moveit_ws/build/my_robot_description' returned '0': CMAKE_PREFIX_PATH=${CMAKE_PREFIX_PATH}:/opt/ros/humble /usr/bin/cmake --build /home/dxf/Desktop/li/moveit_ws/build/my_robot_description -- -j6 -l6
[1.733s] Invoking command in '/home/dxf/Desktop/li/moveit_ws/build/my_robot_description': CMAKE_PREFIX_PATH=${CMAKE_PREFIX_PATH}:/opt/ros/humble /usr/bin/cmake --install /home/dxf/Desktop/li/moveit_ws/build/my_robot_description
[1.753s] -- Install configuration: ""
[1.753s] -- Installing: /home/dxf/Desktop/li/moveit_ws/install/my_robot_description/share/my_robot_description/launch
[1.753s] -- Installing: /home/dxf/Desktop/li/moveit_ws/install/my_robot_description/share/my_robot_description/launch/display.launch
[1.754s] -- Installing: /home/dxf/Desktop/li/moveit_ws/install/my_robot_description/share/my_robot_description/launch/gazebo.launch
[1.754s] -- Installing: /home/dxf/Desktop/li/moveit_ws/install/my_robot_description/share/my_robot_description/meshes
[1.754s] -- Installing: /home/dxf/Desktop/li/moveit_ws/install/my_robot_description/share/my_robot_description/meshes/Link_4.STL
[1.755s] -- Installing: /home/dxf/Desktop/li/moveit_ws/install/my_robot_description/share/my_robot_description/meshes/link_3.STL
[1.757s] -- Installing: /home/dxf/Desktop/li/moveit_ws/install/my_robot_description/share/my_robot_description/meshes/link_1.STL
[1.757s] -- Installing: /home/dxf/Desktop/li/moveit_ws/install/my_robot_description/share/my_robot_description/meshes/link_2.STL
[1.758s] -- Installing: /home/dxf/Desktop/li/moveit_ws/install/my_robot_description/share/my_robot_description/meshes/grab.STL
[1.759s] -- Installing: /home/dxf/Desktop/li/moveit_ws/install/my_robot_description/share/my_robot_description/meshes/base_link.STL
[1.760s] -- Installing: /home/dxf/Desktop/li/moveit_ws/install/my_robot_description/share/my_robot_description/urdf
[1.760s] -- Installing: /home/dxf/Desktop/li/moveit_ws/install/my_robot_description/share/my_robot_description/urdf/my_robot_description.urdf
[1.761s] -- Installing: /home/dxf/Desktop/li/moveit_ws/install/my_robot_description/share/my_robot_description/urdf/my_robot_description.csv
[1.761s] -- Installing: /home/dxf/Desktop/li/moveit_ws/install/my_robot_description/share/my_robot_description/textures
[1.761s] -- Installing: /home/dxf/Desktop/li/moveit_ws/install/my_robot_description/share/ament_index/resource_index/package_run_dependencies/my_robot_description
[1.762s] -- Installing: /home/dxf/Desktop/li/moveit_ws/install/my_robot_description/share/ament_index/resource_index/parent_prefix_path/my_robot_description
[1.762s] -- Installing: /home/dxf/Desktop/li/moveit_ws/install/my_robot_description/share/my_robot_description/environment/ament_prefix_path.sh
[1.762s] -- Installing: /home/dxf/Desktop/li/moveit_ws/install/my_robot_description/share/my_robot_description/environment/ament_prefix_path.dsv
[1.763s] -- Installing: /home/dxf/Desktop/li/moveit_ws/install/my_robot_description/share/my_robot_description/environment/path.sh
[1.763s] -- Installing: /home/dxf/Desktop/li/moveit_ws/install/my_robot_description/share/my_robot_description/environment/path.dsv
[1.764s] -- Installing: /home/dxf/Desktop/li/moveit_ws/install/my_robot_description/share/my_robot_description/local_setup.bash
[1.764s] -- Installing: /home/dxf/Desktop/li/moveit_ws/install/my_robot_description/share/my_robot_description/local_setup.sh
[1.764s] -- Installing: /home/dxf/Desktop/li/moveit_ws/install/my_robot_description/share/my_robot_description/local_setup.zsh
[1.765s] -- Installing: /home/dxf/Desktop/li/moveit_ws/install/my_robot_description/share/my_robot_description/local_setup.dsv
[1.765s] -- Installing: /home/dxf/Desktop/li/moveit_ws/install/my_robot_description/share/my_robot_description/package.dsv
[1.765s] -- Installing: /home/dxf/Desktop/li/moveit_ws/install/my_robot_description/share/ament_index/resource_index/packages/my_robot_description
[1.766s] -- Installing: /home/dxf/Desktop/li/moveit_ws/install/my_robot_description/share/my_robot_description/cmake/my_robot_descriptionConfig.cmake
[1.766s] -- Installing: /home/dxf/Desktop/li/moveit_ws/install/my_robot_description/share/my_robot_description/cmake/my_robot_descriptionConfig-version.cmake
[1.766s] -- Installing: /home/dxf/Desktop/li/moveit_ws/install/my_robot_description/share/my_robot_description/package.xml
[1.772s] Invoked command in '/home/dxf/Desktop/li/moveit_ws/build/my_robot_description' returned '0': CMAKE_PREFIX_PATH=${CMAKE_PREFIX_PATH}:/opt/ros/humble /usr/bin/cmake --install /home/dxf/Desktop/li/moveit_ws/build/my_robot_description
