-- Found ament_cmake: 1.3.12 (/opt/ros/humble/share/ament_cmake/cmake)
-- Found Python3: /usr/bin/python3 (found version "3.10.12") found components: Interpreter 
-- Override CMake install command with custom implementation using symlinks instead of copying resources
-- Found urdf: 2.6.1 (/opt/ros/humble/share/urdf/cmake)
-- Configuring done
-- Generating done
-- Build files have been written to: /home/dxf/Desktop/li/ros2_ws/build/my_robot_description
-- Install configuration: ""
-- Execute custom install script
-- Symlinking: /home/dxf/Desktop/li/ros2_ws/install/my_robot_description/share/my_robot_description/launch/display.launch
-- Symlinking: /home/dxf/Desktop/li/ros2_ws/install/my_robot_description/share/my_robot_description/launch/gazebo.launch
-- Symlinking: /home/dxf/Desktop/li/ros2_ws/install/my_robot_description/share/my_robot_description/meshes/Link_4.STL
-- Symlinking: /home/dxf/Desktop/li/ros2_ws/install/my_robot_description/share/my_robot_description/meshes/base_link.STL
-- Symlinking: /home/dxf/Desktop/li/ros2_ws/install/my_robot_description/share/my_robot_description/meshes/grab.STL
-- Symlinking: /home/dxf/Desktop/li/ros2_ws/install/my_robot_description/share/my_robot_description/meshes/link_1.STL
-- Symlinking: /home/dxf/Desktop/li/ros2_ws/install/my_robot_description/share/my_robot_description/meshes/link_2.STL
-- Symlinking: /home/dxf/Desktop/li/ros2_ws/install/my_robot_description/share/my_robot_description/meshes/link_3.STL
-- Symlinking: /home/dxf/Desktop/li/ros2_ws/install/my_robot_description/share/my_robot_description/urdf/robotic arm mine.STEP.SLDASM.csv
-- Symlinking: /home/dxf/Desktop/li/ros2_ws/install/my_robot_description/share/my_robot_description/urdf/robotic arm mine.STEP.SLDASM.urdf
-- Symlinking: /home/dxf/Desktop/li/ros2_ws/install/my_robot_description/share/ament_index/resource_index/package_run_dependencies/my_robot_description
-- Symlinking: /home/dxf/Desktop/li/ros2_ws/install/my_robot_description/share/ament_index/resource_index/parent_prefix_path/my_robot_description
-- Symlinking: /home/dxf/Desktop/li/ros2_ws/install/my_robot_description/share/my_robot_description/environment/ament_prefix_path.sh
-- Symlinking: /home/dxf/Desktop/li/ros2_ws/install/my_robot_description/share/my_robot_description/environment/ament_prefix_path.dsv
-- Symlinking: /home/dxf/Desktop/li/ros2_ws/install/my_robot_description/share/my_robot_description/environment/path.sh
-- Symlinking: /home/dxf/Desktop/li/ros2_ws/install/my_robot_description/share/my_robot_description/environment/path.dsv
-- Symlinking: /home/dxf/Desktop/li/ros2_ws/install/my_robot_description/share/my_robot_description/local_setup.bash
-- Symlinking: /home/dxf/Desktop/li/ros2_ws/install/my_robot_description/share/my_robot_description/local_setup.sh
-- Symlinking: /home/dxf/Desktop/li/ros2_ws/install/my_robot_description/share/my_robot_description/local_setup.zsh
-- Symlinking: /home/dxf/Desktop/li/ros2_ws/install/my_robot_description/share/my_robot_description/local_setup.dsv
-- Symlinking: /home/dxf/Desktop/li/ros2_ws/install/my_robot_description/share/my_robot_description/package.dsv
-- Symlinking: /home/dxf/Desktop/li/ros2_ws/install/my_robot_description/share/ament_index/resource_index/packages/my_robot_description
-- Symlinking: /home/dxf/Desktop/li/ros2_ws/install/my_robot_description/share/my_robot_description/cmake/my_robot_descriptionConfig.cmake
-- Symlinking: /home/dxf/Desktop/li/ros2_ws/install/my_robot_description/share/my_robot_description/cmake/my_robot_descriptionConfig-version.cmake
-- Symlinking: /home/dxf/Desktop/li/ros2_ws/install/my_robot_description/share/my_robot_description/package.xml
