[0.020s] Invoking command in '/home/dxf/Desktop/li/ros2_ws/build/my_robot_description': CMAKE_PREFIX_PATH=${CMAKE_PREFIX_PATH}:/opt/ros/humble /usr/bin/cmake /home/dxf/Desktop/li/ros2_ws/src/my_robot_description -DAMENT_CMAKE_SYMLINK_INSTALL=1 -DCMAKE_INSTALL_PREFIX=/home/dxf/Desktop/li/ros2_ws/install/my_robot_description
[0.055s] -- Found ament_cmake: 1.3.12 (/opt/ros/humble/share/ament_cmake/cmake)
[0.406s] -- Found Python3: /usr/bin/python3 (found version "3.10.12") found components: Interpreter 
[0.560s] -- Override CMake install command with custom implementation using symlinks instead of copying resources
[0.682s] -- Found urdf: 2.6.1 (/opt/ros/humble/share/urdf/cmake)
[0.970s] -- Configuring done
[0.979s] -- Generating done
[0.983s] -- Build files have been written to: /home/dxf/Desktop/li/ros2_ws/build/my_robot_description
[0.997s] Invoked command in '/home/dxf/Desktop/li/ros2_ws/build/my_robot_description' returned '0': CMAKE_PREFIX_PATH=${CMAKE_PREFIX_PATH}:/opt/ros/humble /usr/bin/cmake /home/dxf/Desktop/li/ros2_ws/src/my_robot_description -DAMENT_CMAKE_SYMLINK_INSTALL=1 -DCMAKE_INSTALL_PREFIX=/home/dxf/Desktop/li/ros2_ws/install/my_robot_description
[1.002s] Invoking command in '/home/dxf/Desktop/li/ros2_ws/build/my_robot_description': CMAKE_PREFIX_PATH=${CMAKE_PREFIX_PATH}:/opt/ros/humble /usr/bin/cmake --build /home/dxf/Desktop/li/ros2_ws/build/my_robot_description -- -j6 -l6
[1.095s] Invoked command in '/home/dxf/Desktop/li/ros2_ws/build/my_robot_description' returned '0': CMAKE_PREFIX_PATH=${CMAKE_PREFIX_PATH}:/opt/ros/humble /usr/bin/cmake --build /home/dxf/Desktop/li/ros2_ws/build/my_robot_description -- -j6 -l6
[1.121s] Invoking command in '/home/dxf/Desktop/li/ros2_ws/build/my_robot_description': CMAKE_PREFIX_PATH=${CMAKE_PREFIX_PATH}:/opt/ros/humble /usr/bin/cmake --install /home/dxf/Desktop/li/ros2_ws/build/my_robot_description
[1.141s] -- Install configuration: ""
[1.141s] -- Execute custom install script
[1.142s] -- Symlinking: /home/dxf/Desktop/li/ros2_ws/install/my_robot_description/share/my_robot_description/launch/display.launch
[1.163s] -- Symlinking: /home/dxf/Desktop/li/ros2_ws/install/my_robot_description/share/my_robot_description/launch/gazebo.launch
[1.183s] -- Symlinking: /home/dxf/Desktop/li/ros2_ws/install/my_robot_description/share/my_robot_description/meshes/Link_4.STL
[1.203s] -- Symlinking: /home/dxf/Desktop/li/ros2_ws/install/my_robot_description/share/my_robot_description/meshes/base_link.STL
[1.225s] -- Symlinking: /home/dxf/Desktop/li/ros2_ws/install/my_robot_description/share/my_robot_description/meshes/grab.STL
[1.246s] -- Symlinking: /home/dxf/Desktop/li/ros2_ws/install/my_robot_description/share/my_robot_description/meshes/link_1.STL
[1.268s] -- Symlinking: /home/dxf/Desktop/li/ros2_ws/install/my_robot_description/share/my_robot_description/meshes/link_2.STL
[1.289s] -- Symlinking: /home/dxf/Desktop/li/ros2_ws/install/my_robot_description/share/my_robot_description/meshes/link_3.STL
[1.310s] -- Symlinking: /home/dxf/Desktop/li/ros2_ws/install/my_robot_description/share/my_robot_description/urdf/robotic arm mine.STEP.SLDASM.csv
[1.332s] -- Symlinking: /home/dxf/Desktop/li/ros2_ws/install/my_robot_description/share/my_robot_description/urdf/robotic arm mine.STEP.SLDASM.urdf
[1.355s] -- Symlinking: /home/dxf/Desktop/li/ros2_ws/install/my_robot_description/share/ament_index/resource_index/package_run_dependencies/my_robot_description
[1.377s] -- Symlinking: /home/dxf/Desktop/li/ros2_ws/install/my_robot_description/share/ament_index/resource_index/parent_prefix_path/my_robot_description
[1.399s] -- Symlinking: /home/dxf/Desktop/li/ros2_ws/install/my_robot_description/share/my_robot_description/environment/ament_prefix_path.sh
[1.420s] -- Symlinking: /home/dxf/Desktop/li/ros2_ws/install/my_robot_description/share/my_robot_description/environment/ament_prefix_path.dsv
[1.442s] -- Symlinking: /home/dxf/Desktop/li/ros2_ws/install/my_robot_description/share/my_robot_description/environment/path.sh
[1.463s] -- Symlinking: /home/dxf/Desktop/li/ros2_ws/install/my_robot_description/share/my_robot_description/environment/path.dsv
[1.484s] -- Symlinking: /home/dxf/Desktop/li/ros2_ws/install/my_robot_description/share/my_robot_description/local_setup.bash
[1.504s] -- Symlinking: /home/dxf/Desktop/li/ros2_ws/install/my_robot_description/share/my_robot_description/local_setup.sh
[1.525s] -- Symlinking: /home/dxf/Desktop/li/ros2_ws/install/my_robot_description/share/my_robot_description/local_setup.zsh
[1.549s] -- Symlinking: /home/dxf/Desktop/li/ros2_ws/install/my_robot_description/share/my_robot_description/local_setup.dsv
[1.565s] -- Symlinking: /home/dxf/Desktop/li/ros2_ws/install/my_robot_description/share/my_robot_description/package.dsv
[1.584s] -- Symlinking: /home/dxf/Desktop/li/ros2_ws/install/my_robot_description/share/ament_index/resource_index/packages/my_robot_description
[1.606s] -- Symlinking: /home/dxf/Desktop/li/ros2_ws/install/my_robot_description/share/my_robot_description/cmake/my_robot_descriptionConfig.cmake
[1.627s] -- Symlinking: /home/dxf/Desktop/li/ros2_ws/install/my_robot_description/share/my_robot_description/cmake/my_robot_descriptionConfig-version.cmake
[1.649s] -- Symlinking: /home/dxf/Desktop/li/ros2_ws/install/my_robot_description/share/my_robot_description/package.xml
[1.675s] Invoked command in '/home/dxf/Desktop/li/ros2_ws/build/my_robot_description' returned '0': CMAKE_PREFIX_PATH=${CMAKE_PREFIX_PATH}:/opt/ros/humble /usr/bin/cmake --install /home/dxf/Desktop/li/ros2_ws/build/my_robot_description
