[0.019s] Invoking command in '/home/dxf/Desktop/li/moveit_ws/build/my_robot_description': CMAKE_PREFIX_PATH=${CMAKE_PREFIX_PATH}:/opt/ros/humble /usr/bin/cmake --build /home/dxf/Desktop/li/moveit_ws/build/my_robot_description -- -j6 -l6
[0.102s] Invoked command in '/home/dxf/Desktop/li/moveit_ws/build/my_robot_description' returned '0': CMAKE_PREFIX_PATH=${CMAKE_PREFIX_PATH}:/opt/ros/humble /usr/bin/cmake --build /home/dxf/Desktop/li/moveit_ws/build/my_robot_description -- -j6 -l6
[0.125s] Invoking command in '/home/dxf/Desktop/li/moveit_ws/build/my_robot_description': CMAKE_PREFIX_PATH=${CMAKE_PREFIX_PATH}:/opt/ros/humble /usr/bin/cmake --install /home/dxf/Desktop/li/moveit_ws/build/my_robot_description
[0.142s] -- Install configuration: ""
[0.142s] -- Up-to-date: /home/dxf/Desktop/li/moveit_ws/install/my_robot_description/share/my_robot_description/launch
[0.143s] -- Up-to-date: /home/dxf/Desktop/li/moveit_ws/install/my_robot_description/share/my_robot_description/launch/display.launch
[0.143s] -- Up-to-date: /home/dxf/Desktop/li/moveit_ws/install/my_robot_description/share/my_robot_description/launch/gazebo.launch
[0.143s] -- Up-to-date: /home/dxf/Desktop/li/moveit_ws/install/my_robot_description/share/my_robot_description/meshes
[0.143s] -- Up-to-date: /home/dxf/Desktop/li/moveit_ws/install/my_robot_description/share/my_robot_description/meshes/Link_4.STL
[0.144s] -- Up-to-date: /home/dxf/Desktop/li/moveit_ws/install/my_robot_description/share/my_robot_description/meshes/link_3.STL
[0.144s] -- Up-to-date: /home/dxf/Desktop/li/moveit_ws/install/my_robot_description/share/my_robot_description/meshes/link_1.STL
[0.144s] -- Up-to-date: /home/dxf/Desktop/li/moveit_ws/install/my_robot_description/share/my_robot_description/meshes/link_2.STL
[0.144s] -- Up-to-date: /home/dxf/Desktop/li/moveit_ws/install/my_robot_description/share/my_robot_description/meshes/grab.STL
[0.144s] -- Up-to-date: /home/dxf/Desktop/li/moveit_ws/install/my_robot_description/share/my_robot_description/meshes/base_link.STL
[0.144s] -- Up-to-date: /home/dxf/Desktop/li/moveit_ws/install/my_robot_description/share/my_robot_description/urdf
[0.145s] -- Up-to-date: /home/dxf/Desktop/li/moveit_ws/install/my_robot_description/share/my_robot_description/urdf/my_robot_description.urdf
[0.145s] -- Up-to-date: /home/dxf/Desktop/li/moveit_ws/install/my_robot_description/share/my_robot_description/urdf/my_robot_description.csv
[0.145s] -- Up-to-date: /home/dxf/Desktop/li/moveit_ws/install/my_robot_description/share/my_robot_description/textures
[0.145s] -- Up-to-date: /home/dxf/Desktop/li/moveit_ws/install/my_robot_description/share/ament_index/resource_index/package_run_dependencies/my_robot_description
[0.145s] -- Up-to-date: /home/dxf/Desktop/li/moveit_ws/install/my_robot_description/share/ament_index/resource_index/parent_prefix_path/my_robot_description
[0.145s] -- Up-to-date: /home/dxf/Desktop/li/moveit_ws/install/my_robot_description/share/my_robot_description/environment/ament_prefix_path.sh
[0.146s] -- Up-to-date: /home/dxf/Desktop/li/moveit_ws/install/my_robot_description/share/my_robot_description/environment/ament_prefix_path.dsv
[0.146s] -- Up-to-date: /home/dxf/Desktop/li/moveit_ws/install/my_robot_description/share/my_robot_description/environment/path.sh
[0.146s] -- Up-to-date: /home/dxf/Desktop/li/moveit_ws/install/my_robot_description/share/my_robot_description/environment/path.dsv
[0.146s] -- Up-to-date: /home/dxf/Desktop/li/moveit_ws/install/my_robot_description/share/my_robot_description/local_setup.bash
[0.146s] -- Up-to-date: /home/dxf/Desktop/li/moveit_ws/install/my_robot_description/share/my_robot_description/local_setup.sh
[0.146s] -- Up-to-date: /home/dxf/Desktop/li/moveit_ws/install/my_robot_description/share/my_robot_description/local_setup.zsh
[0.147s] -- Up-to-date: /home/dxf/Desktop/li/moveit_ws/install/my_robot_description/share/my_robot_description/local_setup.dsv
[0.147s] -- Up-to-date: /home/dxf/Desktop/li/moveit_ws/install/my_robot_description/share/my_robot_description/package.dsv
[0.148s] -- Up-to-date: /home/dxf/Desktop/li/moveit_ws/install/my_robot_description/share/ament_index/resource_index/packages/my_robot_description
[0.148s] -- Up-to-date: /home/dxf/Desktop/li/moveit_ws/install/my_robot_description/share/my_robot_description/cmake/my_robot_descriptionConfig.cmake
[0.150s] -- Up-to-date: /home/dxf/Desktop/li/moveit_ws/install/my_robot_description/share/my_robot_description/cmake/my_robot_descriptionConfig-version.cmake
[0.150s] -- Up-to-date: /home/dxf/Desktop/li/moveit_ws/install/my_robot_description/share/my_robot_description/package.xml
[0.151s] Invoked command in '/home/dxf/Desktop/li/moveit_ws/build/my_robot_description' returned '0': CMAKE_PREFIX_PATH=${CMAKE_PREFIX_PATH}:/opt/ros/humble /usr/bin/cmake --install /home/dxf/Desktop/li/moveit_ws/build/my_robot_description
