-- Install configuration: ""
-- Execute custom install script
-- Up-to-date symlink: /home/dxf/Desktop/li/ros2_ws/install/my_robot_description/share/my_robot_description/launch/display.launch
-- Up-to-date symlink: /home/dxf/Desktop/li/ros2_ws/install/my_robot_description/share/my_robot_description/launch/gazebo.launch
-- Up-to-date symlink: /home/dxf/Desktop/li/ros2_ws/install/my_robot_description/share/my_robot_description/meshes/Link_4.STL
-- Up-to-date symlink: /home/dxf/Desktop/li/ros2_ws/install/my_robot_description/share/my_robot_description/meshes/base_link.STL
-- Up-to-date symlink: /home/dxf/Desktop/li/ros2_ws/install/my_robot_description/share/my_robot_description/meshes/grab.STL
-- Up-to-date symlink: /home/dxf/Desktop/li/ros2_ws/install/my_robot_description/share/my_robot_description/meshes/link_1.STL
-- Up-to-date symlink: /home/dxf/Desktop/li/ros2_ws/install/my_robot_description/share/my_robot_description/meshes/link_2.STL
-- Up-to-date symlink: /home/dxf/Desktop/li/ros2_ws/install/my_robot_description/share/my_robot_description/meshes/link_3.STL
-- Symlinking: /home/dxf/Desktop/li/ros2_ws/install/my_robot_description/share/my_robot_description/urdf/my_robot_description.csv
-- Symlinking: /home/dxf/Desktop/li/ros2_ws/install/my_robot_description/share/my_robot_description/urdf/my_robot_description.urdf
-- Up-to-date symlink: /home/dxf/Desktop/li/ros2_ws/install/my_robot_description/share/ament_index/resource_index/package_run_dependencies/my_robot_description
-- Up-to-date symlink: /home/dxf/Desktop/li/ros2_ws/install/my_robot_description/share/ament_index/resource_index/parent_prefix_path/my_robot_description
-- Up-to-date symlink: /home/dxf/Desktop/li/ros2_ws/install/my_robot_description/share/my_robot_description/environment/ament_prefix_path.sh
-- Up-to-date symlink: /home/dxf/Desktop/li/ros2_ws/install/my_robot_description/share/my_robot_description/environment/ament_prefix_path.dsv
-- Up-to-date symlink: /home/dxf/Desktop/li/ros2_ws/install/my_robot_description/share/my_robot_description/environment/path.sh
-- Up-to-date symlink: /home/dxf/Desktop/li/ros2_ws/install/my_robot_description/share/my_robot_description/environment/path.dsv
-- Up-to-date symlink: /home/dxf/Desktop/li/ros2_ws/install/my_robot_description/share/my_robot_description/local_setup.bash
-- Up-to-date symlink: /home/dxf/Desktop/li/ros2_ws/install/my_robot_description/share/my_robot_description/local_setup.sh
-- Up-to-date symlink: /home/dxf/Desktop/li/ros2_ws/install/my_robot_description/share/my_robot_description/local_setup.zsh
-- Up-to-date symlink: /home/dxf/Desktop/li/ros2_ws/install/my_robot_description/share/my_robot_description/local_setup.dsv
-- Symlinking: /home/dxf/Desktop/li/ros2_ws/install/my_robot_description/share/my_robot_description/package.dsv
-- Up-to-date symlink: /home/dxf/Desktop/li/ros2_ws/install/my_robot_description/share/ament_index/resource_index/packages/my_robot_description
-- Up-to-date symlink: /home/dxf/Desktop/li/ros2_ws/install/my_robot_description/share/my_robot_description/cmake/my_robot_descriptionConfig.cmake
-- Up-to-date symlink: /home/dxf/Desktop/li/ros2_ws/install/my_robot_description/share/my_robot_description/cmake/my_robot_descriptionConfig-version.cmake
-- Up-to-date symlink: /home/dxf/Desktop/li/ros2_ws/install/my_robot_description/share/my_robot_description/package.xml
