[0.019s] Invoking command in '/home/dxf/Desktop/li/ros2_ws/build/my_robot_description': CMAKE_PREFIX_PATH=${CMAKE_PREFIX_PATH}:/opt/ros/humble /usr/bin/cmake --build /home/dxf/Desktop/li/ros2_ws/build/my_robot_description -- -j6 -l6
[0.104s] Invoked command in '/home/dxf/Desktop/li/ros2_ws/build/my_robot_description' returned '0': CMAKE_PREFIX_PATH=${CMAKE_PREFIX_PATH}:/opt/ros/humble /usr/bin/cmake --build /home/dxf/Desktop/li/ros2_ws/build/my_robot_description -- -j6 -l6
[0.126s] Invoking command in '/home/dxf/Desktop/li/ros2_ws/build/my_robot_description': CMAKE_PREFIX_PATH=${CMAKE_PREFIX_PATH}:/opt/ros/humble /usr/bin/cmake --install /home/dxf/Desktop/li/ros2_ws/build/my_robot_description
[0.144s] -- Install configuration: ""
[0.145s] -- Execute custom install script
[0.146s] -- Up-to-date symlink: /home/dxf/Desktop/li/ros2_ws/install/my_robot_description/share/my_robot_description/launch/display.launch
[0.147s] -- Up-to-date symlink: /home/dxf/Desktop/li/ros2_ws/install/my_robot_description/share/my_robot_description/launch/gazebo.launch
[0.148s] -- Up-to-date symlink: /home/dxf/Desktop/li/ros2_ws/install/my_robot_description/share/my_robot_description/meshes/Link_4.STL
[0.148s] -- Up-to-date symlink: /home/dxf/Desktop/li/ros2_ws/install/my_robot_description/share/my_robot_description/meshes/base_link.STL
[0.149s] -- Up-to-date symlink: /home/dxf/Desktop/li/ros2_ws/install/my_robot_description/share/my_robot_description/meshes/grab.STL
[0.149s] -- Up-to-date symlink: /home/dxf/Desktop/li/ros2_ws/install/my_robot_description/share/my_robot_description/meshes/link_1.STL
[0.149s] -- Up-to-date symlink: /home/dxf/Desktop/li/ros2_ws/install/my_robot_description/share/my_robot_description/meshes/link_2.STL
[0.150s] -- Up-to-date symlink: /home/dxf/Desktop/li/ros2_ws/install/my_robot_description/share/my_robot_description/meshes/link_3.STL
[0.150s] -- Symlinking: /home/dxf/Desktop/li/ros2_ws/install/my_robot_description/share/my_robot_description/urdf/my_robot_description.csv
[0.170s] -- Symlinking: /home/dxf/Desktop/li/ros2_ws/install/my_robot_description/share/my_robot_description/urdf/my_robot_description.urdf
[0.190s] -- Up-to-date symlink: /home/dxf/Desktop/li/ros2_ws/install/my_robot_description/share/ament_index/resource_index/package_run_dependencies/my_robot_description
[0.190s] -- Up-to-date symlink: /home/dxf/Desktop/li/ros2_ws/install/my_robot_description/share/ament_index/resource_index/parent_prefix_path/my_robot_description
[0.191s] -- Up-to-date symlink: /home/dxf/Desktop/li/ros2_ws/install/my_robot_description/share/my_robot_description/environment/ament_prefix_path.sh
[0.191s] -- Up-to-date symlink: /home/dxf/Desktop/li/ros2_ws/install/my_robot_description/share/my_robot_description/environment/ament_prefix_path.dsv
[0.192s] -- Up-to-date symlink: /home/dxf/Desktop/li/ros2_ws/install/my_robot_description/share/my_robot_description/environment/path.sh
[0.193s] -- Up-to-date symlink: /home/dxf/Desktop/li/ros2_ws/install/my_robot_description/share/my_robot_description/environment/path.dsv
[0.193s] -- Up-to-date symlink: /home/dxf/Desktop/li/ros2_ws/install/my_robot_description/share/my_robot_description/local_setup.bash
[0.194s] -- Up-to-date symlink: /home/dxf/Desktop/li/ros2_ws/install/my_robot_description/share/my_robot_description/local_setup.sh
[0.195s] -- Up-to-date symlink: /home/dxf/Desktop/li/ros2_ws/install/my_robot_description/share/my_robot_description/local_setup.zsh
[0.195s] -- Up-to-date symlink: /home/dxf/Desktop/li/ros2_ws/install/my_robot_description/share/my_robot_description/local_setup.dsv
[0.196s] -- Symlinking: /home/dxf/Desktop/li/ros2_ws/install/my_robot_description/share/my_robot_description/package.dsv
[0.217s] -- Up-to-date symlink: /home/dxf/Desktop/li/ros2_ws/install/my_robot_description/share/ament_index/resource_index/packages/my_robot_description
[0.218s] -- Up-to-date symlink: /home/dxf/Desktop/li/ros2_ws/install/my_robot_description/share/my_robot_description/cmake/my_robot_descriptionConfig.cmake
[0.218s] -- Up-to-date symlink: /home/dxf/Desktop/li/ros2_ws/install/my_robot_description/share/my_robot_description/cmake/my_robot_descriptionConfig-version.cmake
[0.219s] -- Up-to-date symlink: /home/dxf/Desktop/li/ros2_ws/install/my_robot_description/share/my_robot_description/package.xml
[0.225s] Invoked command in '/home/dxf/Desktop/li/ros2_ws/build/my_robot_description' returned '0': CMAKE_PREFIX_PATH=${CMAKE_PREFIX_PATH}:/opt/ros/humble /usr/bin/cmake --install /home/dxf/Desktop/li/ros2_ws/build/my_robot_description
