[0.020s] Invoking command in '/home/dxf/Desktop/li/moveit_ws/build/my_robot_description': CMAKE_PREFIX_PATH=${CMAKE_PREFIX_PATH}:/opt/ros/humble /usr/bin/cmake --build /home/dxf/Desktop/li/moveit_ws/build/my_robot_description -- -j6 -l6
[0.068s] -- Found ament_cmake: 1.3.12 (/opt/ros/humble/share/ament_cmake/cmake)
[0.344s] -- Found urdf: 2.6.1 (/opt/ros/humble/share/urdf/cmake)
[0.576s] -- Configuring done
[0.582s] -- Generating done
[0.586s] -- Build files have been written to: /home/dxf/Desktop/li/moveit_ws/build/my_robot_description
[0.643s] Invoked command in '/home/dxf/Desktop/li/moveit_ws/build/my_robot_description' returned '0': CMAKE_PREFIX_PATH=${CMAKE_PREFIX_PATH}:/opt/ros/humble /usr/bin/cmake --build /home/dxf/Desktop/li/moveit_ws/build/my_robot_description -- -j6 -l6
[0.669s] Invoking command in '/home/dxf/Desktop/li/moveit_ws/build/my_robot_description': CMAKE_PREFIX_PATH=${CMAKE_PREFIX_PATH}:/opt/ros/humble /usr/bin/cmake --install /home/dxf/Desktop/li/moveit_ws/build/my_robot_description
[0.688s] -- Install configuration: ""
[0.689s] -- Up-to-date: /home/dxf/Desktop/li/moveit_ws/install/my_robot_description/share/my_robot_description/launch
[0.689s] -- Up-to-date: /home/dxf/Desktop/li/moveit_ws/install/my_robot_description/share/my_robot_description/launch/display.launch
[0.690s] -- Up-to-date: /home/dxf/Desktop/li/moveit_ws/install/my_robot_description/share/my_robot_description/launch/gazebo.launch
[0.690s] -- Up-to-date: /home/dxf/Desktop/li/moveit_ws/install/my_robot_description/share/my_robot_description/meshes
[0.690s] -- Up-to-date: /home/dxf/Desktop/li/moveit_ws/install/my_robot_description/share/my_robot_description/meshes/Link_4.STL
[0.691s] -- Up-to-date: /home/dxf/Desktop/li/moveit_ws/install/my_robot_description/share/my_robot_description/meshes/link_3.STL
[0.691s] -- Up-to-date: /home/dxf/Desktop/li/moveit_ws/install/my_robot_description/share/my_robot_description/meshes/link_1.STL
[0.691s] -- Up-to-date: /home/dxf/Desktop/li/moveit_ws/install/my_robot_description/share/my_robot_description/meshes/link_2.STL
[0.692s] -- Up-to-date: /home/dxf/Desktop/li/moveit_ws/install/my_robot_description/share/my_robot_description/meshes/grab.STL
[0.692s] -- Up-to-date: /home/dxf/Desktop/li/moveit_ws/install/my_robot_description/share/my_robot_description/meshes/base_link.STL
[0.692s] -- Up-to-date: /home/dxf/Desktop/li/moveit_ws/install/my_robot_description/share/my_robot_description/urdf
[0.693s] -- Up-to-date: /home/dxf/Desktop/li/moveit_ws/install/my_robot_description/share/my_robot_description/urdf/my_robot_description.urdf
[0.693s] -- Up-to-date: /home/dxf/Desktop/li/moveit_ws/install/my_robot_description/share/my_robot_description/urdf/my_robot_description.csv
[0.693s] -- Up-to-date: /home/dxf/Desktop/li/moveit_ws/install/my_robot_description/share/my_robot_description/textures
[0.693s] -- Installing: /home/dxf/Desktop/li/moveit_ws/install/my_robot_description/share/my_robot_description/config
[0.694s] -- Installing: /home/dxf/Desktop/li/moveit_ws/install/my_robot_description/share/my_robot_description/config/joint_names_robotic arm mine.STEP.SLDASM.yaml
[0.694s] -- Up-to-date: /home/dxf/Desktop/li/moveit_ws/install/my_robot_description/share/ament_index/resource_index/package_run_dependencies/my_robot_description
[0.694s] -- Installing: /home/dxf/Desktop/li/moveit_ws/install/my_robot_description/share/ament_index/resource_index/parent_prefix_path/my_robot_description
[0.694s] -- Up-to-date: /home/dxf/Desktop/li/moveit_ws/install/my_robot_description/share/my_robot_description/environment/ament_prefix_path.sh
[0.695s] -- Installing: /home/dxf/Desktop/li/moveit_ws/install/my_robot_description/share/my_robot_description/environment/ament_prefix_path.dsv
[0.696s] -- Up-to-date: /home/dxf/Desktop/li/moveit_ws/install/my_robot_description/share/my_robot_description/environment/path.sh
[0.696s] -- Installing: /home/dxf/Desktop/li/moveit_ws/install/my_robot_description/share/my_robot_description/environment/path.dsv
[0.697s] -- Up-to-date: /home/dxf/Desktop/li/moveit_ws/install/my_robot_description/share/my_robot_description/local_setup.bash
[0.698s] -- Up-to-date: /home/dxf/Desktop/li/moveit_ws/install/my_robot_description/share/my_robot_description/local_setup.sh
[0.699s] -- Up-to-date: /home/dxf/Desktop/li/moveit_ws/install/my_robot_description/share/my_robot_description/local_setup.zsh
[0.699s] -- Installing: /home/dxf/Desktop/li/moveit_ws/install/my_robot_description/share/my_robot_description/local_setup.dsv
[0.700s] -- Installing: /home/dxf/Desktop/li/moveit_ws/install/my_robot_description/share/my_robot_description/package.dsv
[0.700s] -- Up-to-date: /home/dxf/Desktop/li/moveit_ws/install/my_robot_description/share/ament_index/resource_index/packages/my_robot_description
[0.702s] -- Up-to-date: /home/dxf/Desktop/li/moveit_ws/install/my_robot_description/share/my_robot_description/cmake/my_robot_descriptionConfig.cmake
[0.702s] -- Up-to-date: /home/dxf/Desktop/li/moveit_ws/install/my_robot_description/share/my_robot_description/cmake/my_robot_descriptionConfig-version.cmake
[0.703s] -- Up-to-date: /home/dxf/Desktop/li/moveit_ws/install/my_robot_description/share/my_robot_description/package.xml
[0.704s] Invoked command in '/home/dxf/Desktop/li/moveit_ws/build/my_robot_description' returned '0': CMAKE_PREFIX_PATH=${CMAKE_PREFIX_PATH}:/opt/ros/humble /usr/bin/cmake --install /home/dxf/Desktop/li/moveit_ws/build/my_robot_description
