[0.023s] Invoking command in '/home/dxf/Desktop/li/ros2_ws/build/robot_arm_gui': CMAKE_PREFIX_PATH=${CMAKE_PREFIX_PATH}:/opt/ros/humble /usr/bin/cmake /home/dxf/Desktop/li/ros2_ws/src/robot_arm_gui -DCMAKE_INSTALL_PREFIX=/home/dxf/Desktop/li/ros2_ws/install/robot_arm_gui
[0.259s] -- The C compiler identification is GNU 11.4.0
[0.434s] -- The CXX compiler identification is GNU 11.4.0
[0.452s] -- Detecting C compiler ABI info
[0.605s] -- Detecting C compiler ABI info - done
[0.625s] -- Check for working C compiler: /usr/bin/cc - skipped
[0.626s] -- Detecting C compile features
[0.628s] -- Detecting C compile features - done
[0.639s] -- Detecting CXX compiler ABI info
[0.810s] -- Detecting CXX compiler ABI info - done
[0.833s] -- Check for working CXX compiler: /usr/bin/c++ - skipped
[0.834s] -- Detecting CXX compile features
[0.836s] -- Detecting CXX compile features - done
[0.854s] -- Found ament_cmake: 1.3.12 (/opt/ros/humble/share/ament_cmake/cmake)
[1.215s] -- Found Python3: /usr/bin/python3 (found version "3.10.12") found components: Interpreter 
[1.482s] -- Found rclcpp: 16.0.16 (/opt/ros/humble/share/rclcpp/cmake)
[1.609s] -- Found rosidl_generator_c: 3.1.7 (/opt/ros/humble/share/rosidl_generator_c/cmake)
[1.623s] -- Found rosidl_adapter: 3.1.7 (/opt/ros/humble/share/rosidl_adapter/cmake)
[1.646s] -- Found rosidl_generator_cpp: 3.1.7 (/opt/ros/humble/share/rosidl_generator_cpp/cmake)
[1.678s] -- Using all available rosidl_typesupport_c: rosidl_typesupport_fastrtps_c;rosidl_typesupport_introspection_c
[1.719s] -- Using all available rosidl_typesupport_cpp: rosidl_typesupport_fastrtps_cpp;rosidl_typesupport_introspection_cpp
[1.834s] -- Found rmw_implementation_cmake: 6.1.2 (/opt/ros/humble/share/rmw_implementation_cmake/cmake)
[1.841s] -- Found rmw_fastrtps_cpp: 6.2.9 (/opt/ros/humble/share/rmw_fastrtps_cpp/cmake)
[2.035s] -- Found OpenSSL: /usr/lib/aarch64-linux-gnu/libcrypto.so (found version "3.0.2")  
[2.102s] -- Found FastRTPS: /opt/ros/humble/include  
[2.192s] -- Using RMW implementation 'rmw_fastrtps_cpp' as default
[2.218s] -- Looking for pthread.h
[2.384s] -- Looking for pthread.h - found
[2.385s] -- Performing Test CMAKE_HAVE_LIBC_PTHREAD
[2.546s] -- Performing Test CMAKE_HAVE_LIBC_PTHREAD - Success
[2.550s] -- Found Threads: TRUE  
[2.707s] -- Found rviz_common: 11.2.23 (/opt/ros/humble/share/rviz_common/cmake)
[2.764s] -- Setting assimp_DIR to: '/opt/ros/humble/share/rviz_assimp_vendor/cmake/../../../opt/rviz_assimp_vendor/lib/cmake/assimp-4.1'
[2.784s] -- Setting OGRE_DIR to: '/opt/ros/humble/share/rviz_ogre_vendor/cmake/../../../opt/rviz_ogre_vendor/lib/OGRE/cmake'
[2.788s] -- Found OGRE
[2.789s] --   static     : OFF
[2.789s] --   components : HLMS;MeshLodGenerator;Overlay;Paging;Property;RTShaderSystem;Terrain;Volume
[2.789s] --   plugins    : Plugin_BSPSceneManager;Plugin_OctreeSceneManager;Plugin_PCZSceneManager;Plugin_ParticleFX;RenderSystem_GL;RenderSystem_GL3Plus;Codec_STBI
[2.789s] --   media      : /opt/ros/humble/opt/rviz_ogre_vendor/share/OGRE/Media
[2.789s] -- OGRE_LIBRARIES: OgreHLMS;OgreMeshLodGenerator;OgreOverlay;OgrePaging;OgreProperty;OgreRTShaderSystem;OgreTerrain;OgreVolume;OgreMain
[2.790s] -- OGRE_LIBRARY_DIRS: /opt/ros/humble/opt/rviz_ogre_vendor/lib
[2.790s] -- OGRE_PLUGINS: Plugin_BSPSceneManager;Plugin_OctreeSceneManager;Plugin_PCZSceneManager;Plugin_ParticleFX;RenderSystem_GL;RenderSystem_GL3Plus;Codec_STBI
[2.790s] -- OGRE_PLUGIN_DIR: /opt/ros/humble/opt/rviz_ogre_vendor/lib/OGRE
[2.790s] -- rviz_ogre_vendor::OgreOverlay for IMPORTED_LOCATION_RELEASE: /opt/ros/humble/opt/rviz_ogre_vendor/lib/libOgreOverlay.so
[2.790s] -- rviz_ogre_vendor::OgreOverlay for IMPORTED_LOCATION_DEBUG: /opt/ros/humble/opt/rviz_ogre_vendor/lib/libOgreOverlay.so
[2.790s] -- rviz_ogre_vendor::OgreMain for IMPORTED_LOCATION_RELEASE: /opt/ros/humble/opt/rviz_ogre_vendor/lib/libOgreMain.so
[2.791s] -- rviz_ogre_vendor::OgreMain for IMPORTED_LOCATION_DEBUG: /opt/ros/humble/opt/rviz_ogre_vendor/lib/libOgreMain.so
[2.840s] -- Found ZLIB: /usr/lib/aarch64-linux-gnu/libz.so (found version "1.2.11") 
[2.854s] -- Found OpenGL: /usr/lib/aarch64-linux-gnu/libOpenGL.so   
[3.042s] -- Found X11: /usr/include   
[3.043s] -- Looking for XOpenDisplay in /usr/lib/aarch64-linux-gnu/libX11.so;/usr/lib/aarch64-linux-gnu/libXext.so
[3.207s] -- Looking for XOpenDisplay in /usr/lib/aarch64-linux-gnu/libX11.so;/usr/lib/aarch64-linux-gnu/libXext.so - found
[3.208s] -- Looking for gethostbyname
[3.353s] -- Looking for gethostbyname - found
[3.354s] -- Looking for connect
[3.503s] -- Looking for connect - found
[3.504s] -- Looking for remove
[3.652s] -- Looking for remove - found
[3.653s] -- Looking for shmat
[3.803s] -- Looking for shmat - found
[3.804s] -- Looking for IceConnectionNumber in ICE
[3.962s] -- Looking for IceConnectionNumber in ICE - found
[4.179s] -- library: /usr/lib/aarch64-linux-gnu/libcurl.so
[4.393s] -- Found Eigen3: TRUE (found version "3.4.0") 
[4.393s] -- Ensuring Eigen3 include directory is part of orocos-kdl CMake target
[4.657s] -- Found rviz_default_plugins: 11.2.23 (/opt/ros/humble/share/rviz_default_plugins/cmake)
[5.009s] -- Configuring done
[5.274s] -- Generating done
[5.287s] -- Build files have been written to: /home/dxf/Desktop/li/ros2_ws/build/robot_arm_gui
[5.325s] Invoked command in '/home/dxf/Desktop/li/ros2_ws/build/robot_arm_gui' returned '0': CMAKE_PREFIX_PATH=${CMAKE_PREFIX_PATH}:/opt/ros/humble /usr/bin/cmake /home/dxf/Desktop/li/ros2_ws/src/robot_arm_gui -DCMAKE_INSTALL_PREFIX=/home/dxf/Desktop/li/ros2_ws/install/robot_arm_gui
[5.330s] Invoking command in '/home/dxf/Desktop/li/ros2_ws/build/robot_arm_gui': CMAKE_PREFIX_PATH=${CMAKE_PREFIX_PATH}:/opt/ros/humble /usr/bin/cmake --build /home/dxf/Desktop/li/ros2_ws/build/robot_arm_gui -- -j6 -l6
[5.440s] [ 14%] [34m[1mAutomatic MOC and UIC for target robot_arm_gui[0m
[5.522s] [ 14%] Built target robot_arm_gui_autogen
[5.566s] [ 57%] [32mBuilding CXX object CMakeFiles/robot_arm_gui.dir/src/main.cpp.o[0m
[5.566s] [ 57%] [32mBuilding CXX object CMakeFiles/robot_arm_gui.dir/src/main_window.cpp.o[0m
[5.569s] [ 57%] [32mBuilding CXX object CMakeFiles/robot_arm_gui.dir/robot_arm_gui_autogen/mocs_compilation.cpp.o[0m
[5.579s] [ 71%] [32mBuilding CXX object CMakeFiles/robot_arm_gui.dir/src/joint_control_panel.cpp.o[0m
[5.585s] [ 85%] [32mBuilding CXX object CMakeFiles/robot_arm_gui.dir/src/rviz_panel.cpp.o[0m
[16.752s] [01m[K/home/dxf/Desktop/li/ros2_ws/src/robot_arm_gui/src/main_window.cpp:[m[K In member function ‘[01m[Kvoid MainWindow::setupUi()[m[K’:
[16.754s] [01m[K/home/dxf/Desktop/li/ros2_ws/src/robot_arm_gui/src/main_window.cpp:99:14:[m[K [01;35m[Kwarning: [m[Kunused variable ‘[01m[Kreset_view[m[K’ [[01;35m[K]8;;https://gcc.gnu.org/onlinedocs/gcc/Warning-Options.html#index-Wunused-variable-Wunused-variable]8;;[m[K]
[16.755s]    99 |     QAction* [01;35m[Kreset_view[m[K = view_menu->addAction("重置视角(&R)");
[16.756s]       |              [01;35m[K^~~~~~~~~~[m[K
[17.425s] [01m[K/home/dxf/Desktop/li/ros2_ws/src/robot_arm_gui/src/rviz_panel.cpp:[m[K In member function ‘[01m[Kvoid RvizPanel::setupRviz()[m[K’:
[17.426s] [01m[K/home/dxf/Desktop/li/ros2_ws/src/robot_arm_gui/src/rviz_panel.cpp:82:14:[m[K [01;31m[Kerror: [m[Kno matching function for call to ‘[01m[Krviz_common::VisualizationManager::VisualizationManager(rviz_common::RenderPanel*&, rclcpp::Node::SharedPtr&, std::unique_ptr<DummyWindowManager, std::default_delete<DummyWindowManager> >::pointer, std::shared_ptr<rclcpp::Clock>&)[m[K’
[17.426s]    82 |         clock[01;31m[K)[m[K;
[17.427s]       |              [01;31m[K^[m[K
[17.428s] In file included from [01m[K/home/dxf/Desktop/li/ros2_ws/src/robot_arm_gui/include/robot_arm_gui/rviz_panel.hpp:10[m[K,
[17.429s]                  from [01m[K/home/dxf/Desktop/li/ros2_ws/src/robot_arm_gui/src/rviz_panel.cpp:1[m[K:
[17.429s] [01m[K/opt/ros/humble/include/rviz_common/rviz_common/visualization_manager.hpp:103:12:[m[K [01;36m[Knote: [m[Kcandidate: ‘[01m[Krviz_common::VisualizationManager::VisualizationManager(rviz_common::RenderPanel*, rviz_common::ros_integration::RosNodeAbstractionIface::WeakPtr, rviz_common::WindowManagerInterface*, rclcpp::Clock::SharedPtr)[m[K’
[17.429s]   103 |   explicit [01;36m[KVisualizationManager[m[K(
[17.429s]       |            [01;36m[K^~~~~~~~~~~~~~~~~~~~[m[K
[17.429s] [01m[K/opt/ros/humble/include/rviz_common/rviz_common/visualization_manager.hpp:105:55:[m[K [01;36m[Knote: [m[K  no known conversion for argument 2 from ‘[01m[Krclcpp::Node::SharedPtr[m[K’ {aka ‘[01m[Kstd::shared_ptr<rclcpp::Node>[m[K’} to ‘[01m[Krviz_common::ros_integration::RosNodeAbstractionIface::WeakPtr[m[K’ {aka ‘[01m[Kstd::weak_ptr<rviz_common::ros_integration::RosNodeAbstractionIface>[m[K’}
[17.429s]   105 |     [01;36m[Kros_integration::RosNodeAbstractionIface::WeakPtr ros_node_abstraction[m[K,
[17.429s]       |     [01;36m[K~~~~~~~~~~~~~~~~~~~~~~~~~~~~~~~~~~~~~~~~~~~~~~~~~~^~~~~~~~~~~~~~~~~~~~[m[K
[20.219s] gmake[2]: *** [CMakeFiles/robot_arm_gui.dir/build.make:118：CMakeFiles/robot_arm_gui.dir/src/rviz_panel.cpp.o] 错误 1
[20.219s] gmake[2]: *** 正在等待未完成的任务....
[23.303s] gmake[1]: *** [CMakeFiles/Makefile2:138：CMakeFiles/robot_arm_gui.dir/all] 错误 2
[23.304s] gmake: *** [Makefile:146：all] 错误 2
[23.372s] Invoked command in '/home/dxf/Desktop/li/ros2_ws/build/robot_arm_gui' returned '2': CMAKE_PREFIX_PATH=${CMAKE_PREFIX_PATH}:/opt/ros/humble /usr/bin/cmake --build /home/dxf/Desktop/li/ros2_ws/build/robot_arm_gui -- -j6 -l6
