[0.249s] DEBUG:colcon:Command line arguments: ['/usr/bin/colcon', 'build', '--packages-select', 'robot_arm_gui']
[0.249s] DEBUG:colcon:Parsed command line arguments: Namespace(log_base=None, log_level=None, verb_name='build', build_base='build', install_base='install', merge_install=False, symlink_install=False, test_result_base=None, continue_on_error=False, executor='parallel', parallel_workers=6, event_handlers=None, ignore_user_meta=False, metas=['./colcon.meta'], base_paths=['.'], packages_ignore=None, packages_ignore_regex=None, paths=None, packages_up_to=None, packages_up_to_regex=None, packages_above=None, packages_above_and_dependencies=None, packages_above_depth=None, packages_select_by_dep=None, packages_skip_by_dep=None, packages_skip_up_to=None, packages_select_build_failed=False, packages_skip_build_finished=False, packages_select_test_failures=False, packages_skip_test_passed=False, packages_select=['robot_arm_gui'], packages_skip=None, packages_select_regex=None, packages_skip_regex=None, packages_start=None, packages_end=None, allow_overriding=[], cmake_args=None, cmake_target=None, cmake_target_skip_unavailable=False, cmake_clean_cache=False, cmake_clean_first=False, cmake_force_configure=False, ament_cmake_args=None, catkin_cmake_args=None, catkin_skip_building_tests=False, verb_parser=<colcon_defaults.argument_parser.defaults.DefaultArgumentsDecorator object at 0xffff8df20ee0>, verb_extension=<colcon_core.verb.build.BuildVerb object at 0xffff8df209d0>, main=<bound method BuildVerb.main of <colcon_core.verb.build.BuildVerb object at 0xffff8df209d0>>)
[0.646s] Level 1:colcon.colcon_core.package_discovery:discover_packages(colcon_meta) check parameters
[0.647s] Level 1:colcon.colcon_core.package_discovery:discover_packages(recursive) check parameters
[0.647s] Level 1:colcon.colcon_core.package_discovery:discover_packages(ignore) check parameters
[0.648s] Level 1:colcon.colcon_core.package_discovery:discover_packages(path) check parameters
[0.648s] Level 1:colcon.colcon_core.package_discovery:discover_packages(colcon_meta) discover
[0.648s] Level 1:colcon.colcon_core.package_discovery:discover_packages(recursive) discover
[0.648s] INFO:colcon.colcon_core.package_discovery:Crawling recursively for packages in '/home/dxf/Desktop/li/ros2_ws'
[0.649s] Level 1:colcon.colcon_core.package_identification:_identify(.) by extensions ['ignore', 'ignore_ament_install']
[0.649s] Level 1:colcon.colcon_core.package_identification:_identify(.) by extension 'ignore'
[0.650s] Level 1:colcon.colcon_core.package_identification:_identify(.) by extension 'ignore_ament_install'
[0.650s] Level 1:colcon.colcon_core.package_identification:_identify(.) by extensions ['colcon_pkg']
[0.650s] Level 1:colcon.colcon_core.package_identification:_identify(.) by extension 'colcon_pkg'
[0.650s] Level 1:colcon.colcon_core.package_identification:_identify(.) by extensions ['colcon_meta']
[0.651s] Level 1:colcon.colcon_core.package_identification:_identify(.) by extension 'colcon_meta'
[0.651s] Level 1:colcon.colcon_core.package_identification:_identify(.) by extensions ['ros']
[0.651s] Level 1:colcon.colcon_core.package_identification:_identify(.) by extension 'ros'
[0.676s] Level 1:colcon.colcon_core.package_identification:_identify(.) by extensions ['cmake', 'python']
[0.676s] Level 1:colcon.colcon_core.package_identification:_identify(.) by extension 'cmake'
[0.676s] Level 1:colcon.colcon_core.package_identification:_identify(.) by extension 'python'
[0.677s] Level 1:colcon.colcon_core.package_identification:_identify(.) by extensions ['python_setup_py']
[0.677s] Level 1:colcon.colcon_core.package_identification:_identify(.) by extension 'python_setup_py'
[0.677s] Level 1:colcon.colcon_core.package_identification:_identify(build) by extensions ['ignore', 'ignore_ament_install']
[0.677s] Level 1:colcon.colcon_core.package_identification:_identify(build) by extension 'ignore'
[0.677s] Level 1:colcon.colcon_core.package_identification:_identify(build) ignored
[0.678s] Level 1:colcon.colcon_core.package_identification:_identify(install) by extensions ['ignore', 'ignore_ament_install']
[0.678s] Level 1:colcon.colcon_core.package_identification:_identify(install) by extension 'ignore'
[0.678s] Level 1:colcon.colcon_core.package_identification:_identify(install) ignored
[0.678s] Level 1:colcon.colcon_core.package_identification:_identify(log) by extensions ['ignore', 'ignore_ament_install']
[0.678s] Level 1:colcon.colcon_core.package_identification:_identify(log) by extension 'ignore'
[0.679s] Level 1:colcon.colcon_core.package_identification:_identify(log) ignored
[0.679s] Level 1:colcon.colcon_core.package_identification:_identify(src) by extensions ['ignore', 'ignore_ament_install']
[0.679s] Level 1:colcon.colcon_core.package_identification:_identify(src) by extension 'ignore'
[0.679s] Level 1:colcon.colcon_core.package_identification:_identify(src) by extension 'ignore_ament_install'
[0.679s] Level 1:colcon.colcon_core.package_identification:_identify(src) by extensions ['colcon_pkg']
[0.679s] Level 1:colcon.colcon_core.package_identification:_identify(src) by extension 'colcon_pkg'
[0.679s] Level 1:colcon.colcon_core.package_identification:_identify(src) by extensions ['colcon_meta']
[0.680s] Level 1:colcon.colcon_core.package_identification:_identify(src) by extension 'colcon_meta'
[0.680s] Level 1:colcon.colcon_core.package_identification:_identify(src) by extensions ['ros']
[0.680s] Level 1:colcon.colcon_core.package_identification:_identify(src) by extension 'ros'
[0.680s] Level 1:colcon.colcon_core.package_identification:_identify(src) by extensions ['cmake', 'python']
[0.680s] Level 1:colcon.colcon_core.package_identification:_identify(src) by extension 'cmake'
[0.680s] Level 1:colcon.colcon_core.package_identification:_identify(src) by extension 'python'
[0.680s] Level 1:colcon.colcon_core.package_identification:_identify(src) by extensions ['python_setup_py']
[0.680s] Level 1:colcon.colcon_core.package_identification:_identify(src) by extension 'python_setup_py'
[0.680s] Level 1:colcon.colcon_core.package_identification:_identify(src/my_robot_description) by extensions ['ignore', 'ignore_ament_install']
[0.681s] Level 1:colcon.colcon_core.package_identification:_identify(src/my_robot_description) by extension 'ignore'
[0.681s] Level 1:colcon.colcon_core.package_identification:_identify(src/my_robot_description) by extension 'ignore_ament_install'
[0.681s] Level 1:colcon.colcon_core.package_identification:_identify(src/my_robot_description) by extensions ['colcon_pkg']
[0.681s] Level 1:colcon.colcon_core.package_identification:_identify(src/my_robot_description) by extension 'colcon_pkg'
[0.681s] Level 1:colcon.colcon_core.package_identification:_identify(src/my_robot_description) by extensions ['colcon_meta']
[0.681s] Level 1:colcon.colcon_core.package_identification:_identify(src/my_robot_description) by extension 'colcon_meta'
[0.681s] Level 1:colcon.colcon_core.package_identification:_identify(src/my_robot_description) by extensions ['ros']
[0.681s] Level 1:colcon.colcon_core.package_identification:_identify(src/my_robot_description) by extension 'ros'
[0.687s] DEBUG:colcon.colcon_core.package_identification:Package 'src/my_robot_description' with type 'ros.ament_cmake' and name 'my_robot_description'
[0.687s] Level 1:colcon.colcon_core.package_identification:_identify(src/robot_arm_gui) by extensions ['ignore', 'ignore_ament_install']
[0.688s] Level 1:colcon.colcon_core.package_identification:_identify(src/robot_arm_gui) by extension 'ignore'
[0.688s] Level 1:colcon.colcon_core.package_identification:_identify(src/robot_arm_gui) by extension 'ignore_ament_install'
[0.688s] Level 1:colcon.colcon_core.package_identification:_identify(src/robot_arm_gui) by extensions ['colcon_pkg']
[0.688s] Level 1:colcon.colcon_core.package_identification:_identify(src/robot_arm_gui) by extension 'colcon_pkg'
[0.688s] Level 1:colcon.colcon_core.package_identification:_identify(src/robot_arm_gui) by extensions ['colcon_meta']
[0.688s] Level 1:colcon.colcon_core.package_identification:_identify(src/robot_arm_gui) by extension 'colcon_meta'
[0.688s] Level 1:colcon.colcon_core.package_identification:_identify(src/robot_arm_gui) by extensions ['ros']
[0.688s] Level 1:colcon.colcon_core.package_identification:_identify(src/robot_arm_gui) by extension 'ros'
[0.691s] DEBUG:colcon.colcon_core.package_identification:Package 'src/robot_arm_gui' with type 'ros.ament_cmake' and name 'robot_arm_gui'
[0.691s] Level 1:colcon.colcon_core.package_discovery:discover_packages(recursive) using defaults
[0.691s] Level 1:colcon.colcon_core.package_discovery:discover_packages(ignore) discover
[0.691s] Level 1:colcon.colcon_core.package_discovery:discover_packages(ignore) using defaults
[0.691s] Level 1:colcon.colcon_core.package_discovery:discover_packages(path) discover
[0.691s] Level 1:colcon.colcon_core.package_discovery:discover_packages(path) using defaults
[0.767s] INFO:colcon.colcon_core.package_selection:Skipping not selected package 'my_robot_description' in 'src/my_robot_description'
[0.768s] Level 1:colcon.colcon_core.package_discovery:discover_packages(prefix_path) check parameters
[0.768s] Level 1:colcon.colcon_core.package_discovery:discover_packages(prefix_path) discover
[0.775s] DEBUG:colcon.colcon_installed_package_information.package_discovery:Found 397 installed packages in /opt/ros/humble
[0.778s] Level 1:colcon.colcon_core.package_discovery:discover_packages(prefix_path) using defaults
[0.884s] Level 5:colcon.colcon_core.verb:set package 'robot_arm_gui' build argument 'cmake_args' from command line to 'None'
[0.885s] Level 5:colcon.colcon_core.verb:set package 'robot_arm_gui' build argument 'cmake_target' from command line to 'None'
[0.885s] Level 5:colcon.colcon_core.verb:set package 'robot_arm_gui' build argument 'cmake_target_skip_unavailable' from command line to 'False'
[0.885s] Level 5:colcon.colcon_core.verb:set package 'robot_arm_gui' build argument 'cmake_clean_cache' from command line to 'False'
[0.885s] Level 5:colcon.colcon_core.verb:set package 'robot_arm_gui' build argument 'cmake_clean_first' from command line to 'False'
[0.885s] Level 5:colcon.colcon_core.verb:set package 'robot_arm_gui' build argument 'cmake_force_configure' from command line to 'False'
[0.885s] Level 5:colcon.colcon_core.verb:set package 'robot_arm_gui' build argument 'ament_cmake_args' from command line to 'None'
[0.885s] Level 5:colcon.colcon_core.verb:set package 'robot_arm_gui' build argument 'catkin_cmake_args' from command line to 'None'
[0.885s] Level 5:colcon.colcon_core.verb:set package 'robot_arm_gui' build argument 'catkin_skip_building_tests' from command line to 'False'
[0.885s] DEBUG:colcon.colcon_core.verb:Building package 'robot_arm_gui' with the following arguments: {'ament_cmake_args': None, 'build_base': '/home/dxf/Desktop/li/ros2_ws/build/robot_arm_gui', 'catkin_cmake_args': None, 'catkin_skip_building_tests': False, 'cmake_args': None, 'cmake_clean_cache': False, 'cmake_clean_first': False, 'cmake_force_configure': False, 'cmake_target': None, 'cmake_target_skip_unavailable': False, 'install_base': '/home/dxf/Desktop/li/ros2_ws/install/robot_arm_gui', 'merge_install': False, 'path': '/home/dxf/Desktop/li/ros2_ws/src/robot_arm_gui', 'symlink_install': False, 'test_result_base': None}
[0.886s] INFO:colcon.colcon_core.executor:Executing jobs using 'parallel' executor
[0.888s] DEBUG:colcon.colcon_parallel_executor.executor.parallel:run_until_complete
[0.889s] INFO:colcon.colcon_ros.task.ament_cmake.build:Building ROS package in '/home/dxf/Desktop/li/ros2_ws/src/robot_arm_gui' with build type 'ament_cmake'
[0.889s] INFO:colcon.colcon_cmake.task.cmake.build:Building CMake package in '/home/dxf/Desktop/li/ros2_ws/src/robot_arm_gui'
[0.893s] INFO:colcon.colcon_core.plugin_system:Skipping extension 'colcon_core.shell.bat': Not used on non-Windows systems
[0.894s] INFO:colcon.colcon_core.shell:Skip shell extension 'powershell' for command environment: Not usable outside of PowerShell
[0.894s] DEBUG:colcon.colcon_core.shell:Skip shell extension 'dsv' for command environment
[0.912s] DEBUG:colcon.colcon_core.event_handler.log_command:Invoking command in '/home/dxf/Desktop/li/ros2_ws/build/robot_arm_gui': CMAKE_PREFIX_PATH=${CMAKE_PREFIX_PATH}:/opt/ros/humble /usr/bin/cmake --build /home/dxf/Desktop/li/ros2_ws/build/robot_arm_gui -- -j6 -l6
[20.655s] DEBUG:colcon.colcon_core.event_handler.log_command:Invoked command in '/home/dxf/Desktop/li/ros2_ws/build/robot_arm_gui' returned '2': CMAKE_PREFIX_PATH=${CMAKE_PREFIX_PATH}:/opt/ros/humble /usr/bin/cmake --build /home/dxf/Desktop/li/ros2_ws/build/robot_arm_gui -- -j6 -l6
[20.659s] Level 1:colcon.colcon_core.environment:create_environment_scripts_only(robot_arm_gui)
[20.676s] Level 1:colcon.colcon_core.environment:checking '/home/dxf/Desktop/li/ros2_ws/install/robot_arm_gui' for CMake module files
[20.677s] Level 1:colcon.colcon_core.environment:checking '/home/dxf/Desktop/li/ros2_ws/install/robot_arm_gui' for CMake config files
[20.680s] Level 1:colcon.colcon_core.environment:checking '/home/dxf/Desktop/li/ros2_ws/install/robot_arm_gui/bin'
[20.680s] Level 1:colcon.colcon_core.environment:checking '/home/dxf/Desktop/li/ros2_ws/install/robot_arm_gui/lib/pkgconfig/robot_arm_gui.pc'
[20.680s] Level 1:colcon.colcon_core.environment:checking '/home/dxf/Desktop/li/ros2_ws/install/robot_arm_gui/lib/python3.10/site-packages'
[20.681s] Level 1:colcon.colcon_core.environment:checking '/home/dxf/Desktop/li/ros2_ws/install/robot_arm_gui/bin'
[20.682s] INFO:colcon.colcon_core.shell:Creating package script '/home/dxf/Desktop/li/ros2_ws/install/robot_arm_gui/share/robot_arm_gui/package.ps1'
[20.685s] INFO:colcon.colcon_core.shell:Creating package descriptor '/home/dxf/Desktop/li/ros2_ws/install/robot_arm_gui/share/robot_arm_gui/package.dsv'
[20.687s] INFO:colcon.colcon_core.shell:Creating package script '/home/dxf/Desktop/li/ros2_ws/install/robot_arm_gui/share/robot_arm_gui/package.sh'
[20.689s] INFO:colcon.colcon_core.shell:Creating package script '/home/dxf/Desktop/li/ros2_ws/install/robot_arm_gui/share/robot_arm_gui/package.bash'
[20.693s] INFO:colcon.colcon_core.shell:Creating package script '/home/dxf/Desktop/li/ros2_ws/install/robot_arm_gui/share/robot_arm_gui/package.zsh'
[20.696s] Level 1:colcon.colcon_core.environment:create_file_with_runtime_dependencies(/home/dxf/Desktop/li/ros2_ws/install/robot_arm_gui/share/colcon-core/packages/robot_arm_gui)
[20.707s] DEBUG:colcon.colcon_parallel_executor.executor.parallel:closing loop
[20.708s] DEBUG:colcon.colcon_parallel_executor.executor.parallel:loop closed
[20.708s] DEBUG:colcon.colcon_parallel_executor.executor.parallel:run_until_complete finished with '2'
[20.708s] DEBUG:colcon.colcon_core.event_reactor:joining thread
[20.740s] INFO:colcon.colcon_core.plugin_system:Skipping extension 'colcon_notification.desktop_notification.terminal_notifier': Not used on non-Darwin systems
[20.740s] INFO:colcon.colcon_core.plugin_system:Skipping extension 'colcon_notification.desktop_notification.win32': Not used on non-Windows systems
[20.740s] INFO:colcon.colcon_notification.desktop_notification:Sending desktop notification using 'notify2'
[20.800s] DEBUG:colcon.colcon_core.event_reactor:joined thread
[20.802s] INFO:colcon.colcon_core.shell:Creating prefix script '/home/dxf/Desktop/li/ros2_ws/install/local_setup.ps1'
[20.805s] INFO:colcon.colcon_core.shell:Creating prefix util module '/home/dxf/Desktop/li/ros2_ws/install/_local_setup_util_ps1.py'
[20.809s] INFO:colcon.colcon_core.shell:Creating prefix chain script '/home/dxf/Desktop/li/ros2_ws/install/setup.ps1'
[20.812s] INFO:colcon.colcon_core.shell:Creating prefix script '/home/dxf/Desktop/li/ros2_ws/install/local_setup.sh'
[20.814s] INFO:colcon.colcon_core.shell:Creating prefix util module '/home/dxf/Desktop/li/ros2_ws/install/_local_setup_util_sh.py'
[20.815s] INFO:colcon.colcon_core.shell:Creating prefix chain script '/home/dxf/Desktop/li/ros2_ws/install/setup.sh'
[20.817s] INFO:colcon.colcon_core.shell:Creating prefix script '/home/dxf/Desktop/li/ros2_ws/install/local_setup.bash'
[20.819s] INFO:colcon.colcon_core.shell:Creating prefix chain script '/home/dxf/Desktop/li/ros2_ws/install/setup.bash'
[20.821s] INFO:colcon.colcon_core.shell:Creating prefix script '/home/dxf/Desktop/li/ros2_ws/install/local_setup.zsh'
[20.823s] INFO:colcon.colcon_core.shell:Creating prefix chain script '/home/dxf/Desktop/li/ros2_ws/install/setup.zsh'
