[0.027s] Invoking command in '/home/dxf/Desktop/li/ros2_ws/build/robot_arm_gui': CMAKE_PREFIX_PATH=${CMAKE_PREFIX_PATH}:/opt/ros/humble /usr/bin/cmake --build /home/dxf/Desktop/li/ros2_ws/build/robot_arm_gui -- -j6 -l6
[0.269s] [ 14%] [34m[1mAutomatic MOC and UIC for target robot_arm_gui[0m
[0.381s] [ 14%] Built target robot_arm_gui_autogen
[0.429s] [35m[1mConsolidate compiler generated dependencies of target robot_arm_gui[0m
[0.522s] [ 28%] [32mBuilding CXX object CMakeFiles/robot_arm_gui.dir/src/rviz_panel.cpp.o[0m
[12.778s] [ 42%] [32m[1mLinking CXX executable robot_arm_gui[0m
[19.168s] [100%] Built target robot_arm_gui
[19.211s] Invoked command in '/home/dxf/Desktop/li/ros2_ws/build/robot_arm_gui' returned '0': CMAKE_PREFIX_PATH=${CMAKE_PREFIX_PATH}:/opt/ros/humble /usr/bin/cmake --build /home/dxf/Desktop/li/ros2_ws/build/robot_arm_gui -- -j6 -l6
[19.241s] Invoking command in '/home/dxf/Desktop/li/ros2_ws/build/robot_arm_gui': CMAKE_PREFIX_PATH=${CMAKE_PREFIX_PATH}:/opt/ros/humble /usr/bin/cmake --install /home/dxf/Desktop/li/ros2_ws/build/robot_arm_gui
[19.263s] -- Install configuration: ""
[19.265s] -- Installing: /home/dxf/Desktop/li/ros2_ws/install/robot_arm_gui/lib/robot_arm_gui/robot_arm_gui
[19.269s] -- Set runtime path of "/home/dxf/Desktop/li/ros2_ws/install/robot_arm_gui/lib/robot_arm_gui/robot_arm_gui" to ""
[19.269s] -- Up-to-date: /home/dxf/Desktop/li/ros2_ws/install/robot_arm_gui/share/robot_arm_gui/launch
[19.270s] -- Up-to-date: /home/dxf/Desktop/li/ros2_ws/install/robot_arm_gui/share/robot_arm_gui/launch/gui.launch.py
[19.270s] -- Up-to-date: /home/dxf/Desktop/li/ros2_ws/install/robot_arm_gui/share/robot_arm_gui/launch/full.launch.py
[19.271s] -- Up-to-date: /home/dxf/Desktop/li/ros2_ws/install/robot_arm_gui/share/ament_index/resource_index/package_run_dependencies/robot_arm_gui
[19.272s] -- Up-to-date: /home/dxf/Desktop/li/ros2_ws/install/robot_arm_gui/share/ament_index/resource_index/parent_prefix_path/robot_arm_gui
[19.274s] -- Up-to-date: /home/dxf/Desktop/li/ros2_ws/install/robot_arm_gui/share/robot_arm_gui/environment/ament_prefix_path.sh
[19.274s] -- Up-to-date: /home/dxf/Desktop/li/ros2_ws/install/robot_arm_gui/share/robot_arm_gui/environment/ament_prefix_path.dsv
[19.274s] -- Up-to-date: /home/dxf/Desktop/li/ros2_ws/install/robot_arm_gui/share/robot_arm_gui/environment/path.sh
[19.274s] -- Up-to-date: /home/dxf/Desktop/li/ros2_ws/install/robot_arm_gui/share/robot_arm_gui/environment/path.dsv
[19.274s] -- Up-to-date: /home/dxf/Desktop/li/ros2_ws/install/robot_arm_gui/share/robot_arm_gui/local_setup.bash
[19.275s] -- Up-to-date: /home/dxf/Desktop/li/ros2_ws/install/robot_arm_gui/share/robot_arm_gui/local_setup.sh
[19.275s] -- Up-to-date: /home/dxf/Desktop/li/ros2_ws/install/robot_arm_gui/share/robot_arm_gui/local_setup.zsh
[19.275s] -- Up-to-date: /home/dxf/Desktop/li/ros2_ws/install/robot_arm_gui/share/robot_arm_gui/local_setup.dsv
[19.275s] -- Installing: /home/dxf/Desktop/li/ros2_ws/install/robot_arm_gui/share/robot_arm_gui/package.dsv
[19.275s] -- Up-to-date: /home/dxf/Desktop/li/ros2_ws/install/robot_arm_gui/share/ament_index/resource_index/packages/robot_arm_gui
[19.276s] -- Up-to-date: /home/dxf/Desktop/li/ros2_ws/install/robot_arm_gui/share/robot_arm_gui/cmake/robot_arm_guiConfig.cmake
[19.276s] -- Up-to-date: /home/dxf/Desktop/li/ros2_ws/install/robot_arm_gui/share/robot_arm_gui/cmake/robot_arm_guiConfig-version.cmake
[19.276s] -- Up-to-date: /home/dxf/Desktop/li/ros2_ws/install/robot_arm_gui/share/robot_arm_gui/package.xml
[19.282s] Invoked command in '/home/dxf/Desktop/li/ros2_ws/build/robot_arm_gui' returned '0': CMAKE_PREFIX_PATH=${CMAKE_PREFIX_PATH}:/opt/ros/humble /usr/bin/cmake --install /home/dxf/Desktop/li/ros2_ws/build/robot_arm_gui
