[0.024s] Invoking command in '/home/dxf/Desktop/micro_ros_ws/build/micro_ros_msgs': CMAKE_PREFIX_PATH=${CMAKE_PREFIX_PATH}:/opt/ros/humble /usr/bin/cmake /home/dxf/Desktop/micro_ros_ws/src/uros/micro_ros_msgs -DUAGENT_BUILD_EXECUTABLE=OFF -DUAGENT_P2P_PROFILE=OFF --no-warn-unused-cli -DCMAKE_INSTALL_PREFIX=/home/dxf/Desktop/micro_ros_ws/install/micro_ros_msgs
[0.039s] Not searching for unused variables given on the command line.
[0.140s] -- The C compiler identification is GNU 11.4.0
[0.264s] -- The CXX compiler identification is GNU 11.4.0
[0.287s] -- Detecting C compiler ABI info
[0.437s] -- Detecting C compiler ABI info - done
[0.458s] -- Check for working C compiler: /usr/bin/cc - skipped
[0.459s] -- Detecting C compile features
[0.461s] -- Detecting C compile features - done
[0.473s] -- Detecting CXX compiler ABI info
[0.647s] -- Detecting CXX compiler ABI info - done
[0.669s] -- Check for working CXX compiler: /usr/bin/c++ - skipped
[0.670s] -- Detecting CXX compile features
[0.671s] -- Detecting CXX compile features - done
[0.678s] -- Found ament_cmake: 1.3.12 (/opt/ros/humble/share/ament_cmake/cmake)
[1.006s] -- Found Python3: /usr/bin/python3 (found version "3.10.12") found components: Interpreter 
[1.250s] -- Found rosidl_default_generators: 1.2.0 (/opt/ros/humble/share/rosidl_default_generators/cmake)
[1.261s] -- Using all available rosidl_typesupport_c: rosidl_typesupport_fastrtps_c;rosidl_typesupport_introspection_c
[1.284s] -- Found rosidl_adapter: 3.1.7 (/opt/ros/humble/share/rosidl_adapter/cmake)
[1.397s] -- Using all available rosidl_typesupport_cpp: rosidl_typesupport_fastrtps_cpp;rosidl_typesupport_introspection_cpp
[1.482s] -- Found ament_lint_auto: 0.12.14 (/opt/ros/humble/share/ament_lint_auto/cmake)
[2.104s] -- Found ament_cmake_ros: 0.10.0 (/opt/ros/humble/share/ament_cmake_ros/cmake)
[2.588s] -- Using all available rosidl_typesupport_c: rosidl_typesupport_fastrtps_c;rosidl_typesupport_introspection_c
[3.183s] -- Using all available rosidl_typesupport_cpp: rosidl_typesupport_fastrtps_cpp;rosidl_typesupport_introspection_cpp
[3.242s] -- Found PythonInterp: /usr/bin/python3 (found suitable version "3.10.12", minimum required is "3.6") 
[3.251s] -- Found python_cmake_module: 0.10.0 (/opt/ros/humble/share/python_cmake_module/cmake)
[3.326s] -- Found PythonLibs: /usr/lib/aarch64-linux-gnu/libpython3.10.so (found suitable version "3.10.12", minimum required is "3.5") 
[3.327s] -- Using PYTHON_EXECUTABLE: /usr/bin/python3
[3.327s] -- Using PYTHON_INCLUDE_DIRS: /usr/include/python3.10
[3.328s] -- Using PYTHON_LIBRARIES: /usr/lib/aarch64-linux-gnu/libpython3.10.so
[3.375s] -- Found PythonExtra: .so  
[3.468s] -- Added test 'copyright' to check source files copyright and LICENSE
[3.491s] -- Added test 'lint_cmake' to check CMake code style
[3.502s] -- Added test 'xmllint' to check XML markup files
[3.520s] -- Configuring done
[3.596s] -- Generating done
[3.620s] -- Build files have been written to: /home/dxf/Desktop/micro_ros_ws/build/micro_ros_msgs
[3.638s] Invoked command in '/home/dxf/Desktop/micro_ros_ws/build/micro_ros_msgs' returned '0': CMAKE_PREFIX_PATH=${CMAKE_PREFIX_PATH}:/opt/ros/humble /usr/bin/cmake /home/dxf/Desktop/micro_ros_ws/src/uros/micro_ros_msgs -DUAGENT_BUILD_EXECUTABLE=OFF -DUAGENT_P2P_PROFILE=OFF --no-warn-unused-cli -DCMAKE_INSTALL_PREFIX=/home/dxf/Desktop/micro_ros_ws/install/micro_ros_msgs
[3.644s] Invoking command in '/home/dxf/Desktop/micro_ros_ws/build/micro_ros_msgs': CMAKE_PREFIX_PATH=${CMAKE_PREFIX_PATH}:/opt/ros/humble /usr/bin/cmake --build /home/dxf/Desktop/micro_ros_ws/build/micro_ros_msgs -- -j6 -l6
[3.738s] [  2%] [34m[1mGenerating C code for ROS interfaces[0m
[3.757s] [  4%] [34m[1mGenerating C++ code for ROS interfaces[0m
[3.779s] [  4%] Built target ament_cmake_python_copy_micro_ros_msgs
[4.350s] running egg_info
[4.351s] creating micro_ros_msgs.egg-info
[4.352s] writing micro_ros_msgs.egg-info/PKG-INFO
[4.352s] writing dependency_links to micro_ros_msgs.egg-info/dependency_links.txt
[4.352s] writing top-level names to micro_ros_msgs.egg-info/top_level.txt
[4.353s] writing manifest file 'micro_ros_msgs.egg-info/SOURCES.txt'
[4.358s] reading manifest file 'micro_ros_msgs.egg-info/SOURCES.txt'
[4.360s] writing manifest file 'micro_ros_msgs.egg-info/SOURCES.txt'
[4.436s] [  4%] Built target ament_cmake_python_build_micro_ros_msgs_egg
[4.595s] [  4%] Built target micro_ros_msgs__cpp
[4.616s] [  6%] [34m[1mGenerating C++ type support dispatch for ROS interfaces[0m
[4.620s] [  8%] [34m[1mGenerating C++ type support for eProsima Fast-RTPS[0m
[4.627s] [ 10%] [34m[1mGenerating C++ introspection for ROS interfaces[0m
[4.659s] [ 17%] [32mBuilding C object CMakeFiles/micro_ros_msgs__rosidl_generator_c.dir/rosidl_generator_c/micro_ros_msgs/msg/detail/entity__functions.c.o[0m
[4.659s] [ 17%] [32mBuilding C object CMakeFiles/micro_ros_msgs__rosidl_generator_c.dir/rosidl_generator_c/micro_ros_msgs/msg/detail/node__functions.c.o[0m
[4.661s] [ 17%] [32mBuilding C object CMakeFiles/micro_ros_msgs__rosidl_generator_c.dir/rosidl_generator_c/micro_ros_msgs/msg/detail/graph__functions.c.o[0m
[4.821s] [ 19%] [32m[1mLinking C shared library libmicro_ros_msgs__rosidl_generator_c.so[0m
[4.904s] [ 19%] Built target micro_ros_msgs__rosidl_generator_c
[4.930s] [ 21%] [34m[1mGenerating C type support for eProsima Fast-RTPS[0m
[4.948s] [ 25%] [34m[1mGenerating C type support dispatch for ROS interfaces[0m
[4.953s] [ 25%] [34m[1mGenerating C introspection for ROS interfaces[0m
[5.336s] [ 27%] [32mBuilding CXX object CMakeFiles/micro_ros_msgs__rosidl_typesupport_cpp.dir/rosidl_typesupport_cpp/micro_ros_msgs/msg/graph__type_support.cpp.o[0m
[5.580s] [ 29%] [32mBuilding CXX object CMakeFiles/micro_ros_msgs__rosidl_typesupport_fastrtps_cpp.dir/rosidl_typesupport_fastrtps_cpp/micro_ros_msgs/msg/detail/dds_fastrtps/graph__type_support.cpp.o[0m
[5.633s] [ 31%] [32mBuilding CXX object CMakeFiles/micro_ros_msgs__rosidl_typesupport_introspection_cpp.dir/rosidl_typesupport_introspection_cpp/micro_ros_msgs/msg/detail/graph__type_support.cpp.o[0m
[5.827s] [ 34%] [32mBuilding CXX object CMakeFiles/micro_ros_msgs__rosidl_typesupport_c.dir/rosidl_typesupport_c/micro_ros_msgs/msg/graph__type_support.cpp.o[0m
[5.895s] [ 36%] [32mBuilding C object CMakeFiles/micro_ros_msgs__rosidl_typesupport_introspection_c.dir/rosidl_typesupport_introspection_c/micro_ros_msgs/msg/detail/graph__type_support.c.o[0m
[5.926s] [ 38%] [32mBuilding CXX object CMakeFiles/micro_ros_msgs__rosidl_typesupport_c.dir/rosidl_typesupport_c/micro_ros_msgs/msg/node__type_support.cpp.o[0m
[6.002s] [ 40%] [32mBuilding CXX object CMakeFiles/micro_ros_msgs__rosidl_typesupport_fastrtps_c.dir/rosidl_typesupport_fastrtps_c/micro_ros_msgs/msg/detail/graph__type_support_c.cpp.o[0m
[6.018s] [ 42%] [32mBuilding C object CMakeFiles/micro_ros_msgs__rosidl_typesupport_introspection_c.dir/rosidl_typesupport_introspection_c/micro_ros_msgs/msg/detail/node__type_support.c.o[0m
[6.046s] [ 44%] [32mBuilding CXX object CMakeFiles/micro_ros_msgs__rosidl_typesupport_c.dir/rosidl_typesupport_c/micro_ros_msgs/msg/entity__type_support.cpp.o[0m
[6.116s] [ 46%] [32mBuilding CXX object CMakeFiles/micro_ros_msgs__rosidl_typesupport_cpp.dir/rosidl_typesupport_cpp/micro_ros_msgs/msg/node__type_support.cpp.o[0m
[6.137s] [ 48%] [32mBuilding C object CMakeFiles/micro_ros_msgs__rosidl_typesupport_introspection_c.dir/rosidl_typesupport_introspection_c/micro_ros_msgs/msg/detail/entity__type_support.c.o[0m
[6.169s] [ 51%] [32m[1mLinking CXX shared library libmicro_ros_msgs__rosidl_typesupport_c.so[0m
[6.303s] [ 53%] [32m[1mLinking C shared library libmicro_ros_msgs__rosidl_typesupport_introspection_c.so[0m
[6.346s] [ 53%] Built target micro_ros_msgs__rosidl_typesupport_c
[6.367s] [ 55%] [32mBuilding CXX object CMakeFiles/micro_ros_msgs__rosidl_typesupport_cpp.dir/rosidl_typesupport_cpp/micro_ros_msgs/msg/entity__type_support.cpp.o[0m
[6.385s] [ 55%] Built target micro_ros_msgs__rosidl_typesupport_introspection_c
[6.421s] [ 57%] [32mBuilding CXX object CMakeFiles/micro_ros_msgs__rosidl_typesupport_fastrtps_cpp.dir/rosidl_typesupport_fastrtps_cpp/micro_ros_msgs/msg/detail/dds_fastrtps/node__type_support.cpp.o[0m
[6.891s] [ 59%] [32mBuilding CXX object CMakeFiles/micro_ros_msgs__rosidl_typesupport_fastrtps_cpp.dir/rosidl_typesupport_fastrtps_cpp/micro_ros_msgs/msg/detail/dds_fastrtps/entity__type_support.cpp.o[0m
[6.916s] [ 61%] [32mBuilding CXX object CMakeFiles/micro_ros_msgs__rosidl_typesupport_fastrtps_c.dir/rosidl_typesupport_fastrtps_c/micro_ros_msgs/msg/detail/node__type_support_c.cpp.o[0m
[7.027s] [ 63%] [32mBuilding CXX object CMakeFiles/micro_ros_msgs__rosidl_typesupport_introspection_cpp.dir/rosidl_typesupport_introspection_cpp/micro_ros_msgs/msg/detail/node__type_support.cpp.o[0m
[7.066s] [ 65%] [32mBuilding CXX object CMakeFiles/micro_ros_msgs__rosidl_typesupport_introspection_cpp.dir/rosidl_typesupport_introspection_cpp/micro_ros_msgs/msg/detail/entity__type_support.cpp.o[0m
[7.128s] [ 68%] [32m[1mLinking CXX shared library libmicro_ros_msgs__rosidl_typesupport_cpp.so[0m
[7.235s] [ 68%] Built target micro_ros_msgs__rosidl_typesupport_cpp
[7.261s] [ 70%] [32mBuilding CXX object CMakeFiles/micro_ros_msgs__rosidl_typesupport_fastrtps_c.dir/rosidl_typesupport_fastrtps_c/micro_ros_msgs/msg/detail/entity__type_support_c.cpp.o[0m
[8.090s] [ 72%] [32m[1mLinking CXX shared library libmicro_ros_msgs__rosidl_typesupport_fastrtps_c.so[0m
[8.134s] [ 74%] [32m[1mLinking CXX shared library libmicro_ros_msgs__rosidl_typesupport_fastrtps_cpp.so[0m
[8.262s] [ 74%] Built target micro_ros_msgs__rosidl_typesupport_fastrtps_c
[8.293s] [ 76%] [32m[1mLinking CXX shared library libmicro_ros_msgs__rosidl_typesupport_introspection_cpp.so[0m
[8.323s] [ 76%] Built target micro_ros_msgs__rosidl_typesupport_fastrtps_cpp
[8.471s] [ 76%] Built target micro_ros_msgs__rosidl_typesupport_introspection_cpp
[8.520s] [ 76%] Built target micro_ros_msgs
[8.565s] [ 78%] [34m[1mGenerating Python code for ROS interfaces[0m
[9.611s] [ 78%] Built target micro_ros_msgs__py
[9.658s] [ 85%] [32mBuilding C object CMakeFiles/micro_ros_msgs__rosidl_generator_py.dir/rosidl_generator_py/micro_ros_msgs/msg/_entity_s.c.o[0m
[9.658s] [ 85%] [32mBuilding C object CMakeFiles/micro_ros_msgs__rosidl_generator_py.dir/rosidl_generator_py/micro_ros_msgs/msg/_node_s.c.o[0m
[9.659s] [ 85%] [32mBuilding C object CMakeFiles/micro_ros_msgs__rosidl_generator_py.dir/rosidl_generator_py/micro_ros_msgs/msg/_graph_s.c.o[0m
[9.926s] [ 87%] [32m[1mLinking C shared library rosidl_generator_py/micro_ros_msgs/libmicro_ros_msgs__rosidl_generator_py.so[0m
[10.015s] [ 87%] Built target micro_ros_msgs__rosidl_generator_py
[10.061s] [ 91%] [32mBuilding C object CMakeFiles/micro_ros_msgs__rosidl_typesupport_c__pyext.dir/rosidl_generator_py/micro_ros_msgs/_micro_ros_msgs_s.ep.rosidl_typesupport_c.c.o[0m
[10.061s] [ 91%] [32mBuilding C object CMakeFiles/micro_ros_msgs__rosidl_typesupport_fastrtps_c__pyext.dir/rosidl_generator_py/micro_ros_msgs/_micro_ros_msgs_s.ep.rosidl_typesupport_fastrtps_c.c.o[0m
[10.062s] [ 93%] [32mBuilding C object CMakeFiles/micro_ros_msgs__rosidl_typesupport_introspection_c__pyext.dir/rosidl_generator_py/micro_ros_msgs/_micro_ros_msgs_s.ep.rosidl_typesupport_introspection_c.c.o[0m
[10.271s] [ 97%] [32m[1mLinking C shared library rosidl_generator_py/micro_ros_msgs/micro_ros_msgs_s__rosidl_typesupport_c.cpython-310-aarch64-linux-gnu.so[0m
[10.271s] [ 97%] [32m[1mLinking C shared library rosidl_generator_py/micro_ros_msgs/micro_ros_msgs_s__rosidl_typesupport_fastrtps_c.cpython-310-aarch64-linux-gnu.so[0m
[10.272s] [100%] [32m[1mLinking C shared library rosidl_generator_py/micro_ros_msgs/micro_ros_msgs_s__rosidl_typesupport_introspection_c.cpython-310-aarch64-linux-gnu.so[0m
[10.343s] [100%] Built target micro_ros_msgs__rosidl_typesupport_c__pyext
[10.343s] [100%] Built target micro_ros_msgs__rosidl_typesupport_introspection_c__pyext
[10.344s] [100%] Built target micro_ros_msgs__rosidl_typesupport_fastrtps_c__pyext
[10.378s] Invoked command in '/home/dxf/Desktop/micro_ros_ws/build/micro_ros_msgs' returned '0': CMAKE_PREFIX_PATH=${CMAKE_PREFIX_PATH}:/opt/ros/humble /usr/bin/cmake --build /home/dxf/Desktop/micro_ros_ws/build/micro_ros_msgs -- -j6 -l6
[10.406s] Invoking command in '/home/dxf/Desktop/micro_ros_ws/build/micro_ros_msgs': CMAKE_PREFIX_PATH=${CMAKE_PREFIX_PATH}:/opt/ros/humble /usr/bin/cmake --install /home/dxf/Desktop/micro_ros_ws/build/micro_ros_msgs
[10.427s] -- Install configuration: ""
[10.427s] -- Installing: /home/dxf/Desktop/micro_ros_ws/install/micro_ros_msgs/share/ament_index/resource_index/rosidl_interfaces/micro_ros_msgs
[10.428s] -- Installing: /home/dxf/Desktop/micro_ros_ws/install/micro_ros_msgs/include/micro_ros_msgs/micro_ros_msgs
[10.428s] -- Installing: /home/dxf/Desktop/micro_ros_ws/install/micro_ros_msgs/include/micro_ros_msgs/micro_ros_msgs/msg
[10.428s] -- Installing: /home/dxf/Desktop/micro_ros_ws/install/micro_ros_msgs/include/micro_ros_msgs/micro_ros_msgs/msg/rosidl_generator_c__visibility_control.h
[10.429s] -- Installing: /home/dxf/Desktop/micro_ros_ws/install/micro_ros_msgs/include/micro_ros_msgs/micro_ros_msgs/msg/graph.h
[10.429s] -- Installing: /home/dxf/Desktop/micro_ros_ws/install/micro_ros_msgs/include/micro_ros_msgs/micro_ros_msgs/msg/detail
[10.429s] -- Installing: /home/dxf/Desktop/micro_ros_ws/install/micro_ros_msgs/include/micro_ros_msgs/micro_ros_msgs/msg/detail/graph__struct.h
[10.429s] -- Installing: /home/dxf/Desktop/micro_ros_ws/install/micro_ros_msgs/include/micro_ros_msgs/micro_ros_msgs/msg/detail/graph__functions.h
[10.430s] -- Installing: /home/dxf/Desktop/micro_ros_ws/install/micro_ros_msgs/include/micro_ros_msgs/micro_ros_msgs/msg/detail/entity__type_support.h
[10.430s] -- Installing: /home/dxf/Desktop/micro_ros_ws/install/micro_ros_msgs/include/micro_ros_msgs/micro_ros_msgs/msg/detail/node__struct.h
[10.430s] -- Installing: /home/dxf/Desktop/micro_ros_ws/install/micro_ros_msgs/include/micro_ros_msgs/micro_ros_msgs/msg/detail/node__functions.c
[10.430s] -- Installing: /home/dxf/Desktop/micro_ros_ws/install/micro_ros_msgs/include/micro_ros_msgs/micro_ros_msgs/msg/detail/graph__type_support.h
[10.430s] -- Installing: /home/dxf/Desktop/micro_ros_ws/install/micro_ros_msgs/include/micro_ros_msgs/micro_ros_msgs/msg/detail/entity__functions.h
[10.431s] -- Installing: /home/dxf/Desktop/micro_ros_ws/install/micro_ros_msgs/include/micro_ros_msgs/micro_ros_msgs/msg/detail/entity__struct.h
[10.431s] -- Installing: /home/dxf/Desktop/micro_ros_ws/install/micro_ros_msgs/include/micro_ros_msgs/micro_ros_msgs/msg/detail/graph__functions.c
[10.431s] -- Installing: /home/dxf/Desktop/micro_ros_ws/install/micro_ros_msgs/include/micro_ros_msgs/micro_ros_msgs/msg/detail/node__type_support.h
[10.431s] -- Installing: /home/dxf/Desktop/micro_ros_ws/install/micro_ros_msgs/include/micro_ros_msgs/micro_ros_msgs/msg/detail/node__functions.h
[10.432s] -- Installing: /home/dxf/Desktop/micro_ros_ws/install/micro_ros_msgs/include/micro_ros_msgs/micro_ros_msgs/msg/detail/entity__functions.c
[10.432s] -- Installing: /home/dxf/Desktop/micro_ros_ws/install/micro_ros_msgs/include/micro_ros_msgs/micro_ros_msgs/msg/node.h
[10.432s] -- Installing: /home/dxf/Desktop/micro_ros_ws/install/micro_ros_msgs/include/micro_ros_msgs/micro_ros_msgs/msg/entity.h
[10.433s] -- Installing: /home/dxf/Desktop/micro_ros_ws/install/micro_ros_msgs/share/micro_ros_msgs/environment/library_path.sh
[10.433s] -- Installing: /home/dxf/Desktop/micro_ros_ws/install/micro_ros_msgs/share/micro_ros_msgs/environment/library_path.dsv
[10.433s] -- Installing: /home/dxf/Desktop/micro_ros_ws/install/micro_ros_msgs/lib/libmicro_ros_msgs__rosidl_generator_c.so
[10.435s] -- Set runtime path of "/home/dxf/Desktop/micro_ros_ws/install/micro_ros_msgs/lib/libmicro_ros_msgs__rosidl_generator_c.so" to ""
[10.435s] -- Up-to-date: /home/dxf/Desktop/micro_ros_ws/install/micro_ros_msgs/include/micro_ros_msgs/micro_ros_msgs
[10.435s] -- Up-to-date: /home/dxf/Desktop/micro_ros_ws/install/micro_ros_msgs/include/micro_ros_msgs/micro_ros_msgs/msg
[10.436s] -- Installing: /home/dxf/Desktop/micro_ros_ws/install/micro_ros_msgs/include/micro_ros_msgs/micro_ros_msgs/msg/rosidl_typesupport_fastrtps_c__visibility_control.h
[10.436s] -- Up-to-date: /home/dxf/Desktop/micro_ros_ws/install/micro_ros_msgs/include/micro_ros_msgs/micro_ros_msgs/msg/detail
[10.436s] -- Installing: /home/dxf/Desktop/micro_ros_ws/install/micro_ros_msgs/include/micro_ros_msgs/micro_ros_msgs/msg/detail/node__rosidl_typesupport_fastrtps_c.h
[10.436s] -- Installing: /home/dxf/Desktop/micro_ros_ws/install/micro_ros_msgs/include/micro_ros_msgs/micro_ros_msgs/msg/detail/graph__rosidl_typesupport_fastrtps_c.h
[10.436s] -- Installing: /home/dxf/Desktop/micro_ros_ws/install/micro_ros_msgs/include/micro_ros_msgs/micro_ros_msgs/msg/detail/entity__rosidl_typesupport_fastrtps_c.h
[10.437s] -- Installing: /home/dxf/Desktop/micro_ros_ws/install/micro_ros_msgs/lib/libmicro_ros_msgs__rosidl_typesupport_fastrtps_c.so
[10.438s] -- Set runtime path of "/home/dxf/Desktop/micro_ros_ws/install/micro_ros_msgs/lib/libmicro_ros_msgs__rosidl_typesupport_fastrtps_c.so" to ""
[10.438s] -- Up-to-date: /home/dxf/Desktop/micro_ros_ws/install/micro_ros_msgs/include/micro_ros_msgs/micro_ros_msgs
[10.438s] -- Up-to-date: /home/dxf/Desktop/micro_ros_ws/install/micro_ros_msgs/include/micro_ros_msgs/micro_ros_msgs/msg
[10.438s] -- Up-to-date: /home/dxf/Desktop/micro_ros_ws/install/micro_ros_msgs/include/micro_ros_msgs/micro_ros_msgs/msg/detail
[10.438s] -- Installing: /home/dxf/Desktop/micro_ros_ws/install/micro_ros_msgs/include/micro_ros_msgs/micro_ros_msgs/msg/detail/node__type_support.c
[10.439s] -- Installing: /home/dxf/Desktop/micro_ros_ws/install/micro_ros_msgs/include/micro_ros_msgs/micro_ros_msgs/msg/detail/node__rosidl_typesupport_introspection_c.h
[10.439s] -- Installing: /home/dxf/Desktop/micro_ros_ws/install/micro_ros_msgs/include/micro_ros_msgs/micro_ros_msgs/msg/detail/entity__type_support.c
[10.439s] -- Installing: /home/dxf/Desktop/micro_ros_ws/install/micro_ros_msgs/include/micro_ros_msgs/micro_ros_msgs/msg/detail/graph__rosidl_typesupport_introspection_c.h
[10.439s] -- Installing: /home/dxf/Desktop/micro_ros_ws/install/micro_ros_msgs/include/micro_ros_msgs/micro_ros_msgs/msg/detail/graph__type_support.c
[10.439s] -- Installing: /home/dxf/Desktop/micro_ros_ws/install/micro_ros_msgs/include/micro_ros_msgs/micro_ros_msgs/msg/detail/entity__rosidl_typesupport_introspection_c.h
[10.440s] -- Installing: /home/dxf/Desktop/micro_ros_ws/install/micro_ros_msgs/include/micro_ros_msgs/micro_ros_msgs/msg/rosidl_typesupport_introspection_c__visibility_control.h
[10.440s] -- Installing: /home/dxf/Desktop/micro_ros_ws/install/micro_ros_msgs/lib/libmicro_ros_msgs__rosidl_typesupport_introspection_c.so
[10.441s] -- Set runtime path of "/home/dxf/Desktop/micro_ros_ws/install/micro_ros_msgs/lib/libmicro_ros_msgs__rosidl_typesupport_introspection_c.so" to ""
[10.441s] -- Installing: /home/dxf/Desktop/micro_ros_ws/install/micro_ros_msgs/lib/libmicro_ros_msgs__rosidl_typesupport_c.so
[10.441s] -- Set runtime path of "/home/dxf/Desktop/micro_ros_ws/install/micro_ros_msgs/lib/libmicro_ros_msgs__rosidl_typesupport_c.so" to ""
[10.442s] -- Up-to-date: /home/dxf/Desktop/micro_ros_ws/install/micro_ros_msgs/include/micro_ros_msgs/micro_ros_msgs
[10.442s] -- Up-to-date: /home/dxf/Desktop/micro_ros_ws/install/micro_ros_msgs/include/micro_ros_msgs/micro_ros_msgs/msg
[10.442s] -- Installing: /home/dxf/Desktop/micro_ros_ws/install/micro_ros_msgs/include/micro_ros_msgs/micro_ros_msgs/msg/node.hpp
[10.442s] -- Installing: /home/dxf/Desktop/micro_ros_ws/install/micro_ros_msgs/include/micro_ros_msgs/micro_ros_msgs/msg/rosidl_generator_cpp__visibility_control.hpp
[10.442s] -- Installing: /home/dxf/Desktop/micro_ros_ws/install/micro_ros_msgs/include/micro_ros_msgs/micro_ros_msgs/msg/graph.hpp
[10.443s] -- Installing: /home/dxf/Desktop/micro_ros_ws/install/micro_ros_msgs/include/micro_ros_msgs/micro_ros_msgs/msg/entity.hpp
[10.443s] -- Up-to-date: /home/dxf/Desktop/micro_ros_ws/install/micro_ros_msgs/include/micro_ros_msgs/micro_ros_msgs/msg/detail
[10.443s] -- Installing: /home/dxf/Desktop/micro_ros_ws/install/micro_ros_msgs/include/micro_ros_msgs/micro_ros_msgs/msg/detail/node__type_support.hpp
[10.443s] -- Installing: /home/dxf/Desktop/micro_ros_ws/install/micro_ros_msgs/include/micro_ros_msgs/micro_ros_msgs/msg/detail/node__builder.hpp
[10.443s] -- Installing: /home/dxf/Desktop/micro_ros_ws/install/micro_ros_msgs/include/micro_ros_msgs/micro_ros_msgs/msg/detail/graph__traits.hpp
[10.444s] -- Installing: /home/dxf/Desktop/micro_ros_ws/install/micro_ros_msgs/include/micro_ros_msgs/micro_ros_msgs/msg/detail/entity__traits.hpp
[10.444s] -- Installing: /home/dxf/Desktop/micro_ros_ws/install/micro_ros_msgs/include/micro_ros_msgs/micro_ros_msgs/msg/detail/graph__builder.hpp
[10.444s] -- Installing: /home/dxf/Desktop/micro_ros_ws/install/micro_ros_msgs/include/micro_ros_msgs/micro_ros_msgs/msg/detail/entity__type_support.hpp
[10.444s] -- Installing: /home/dxf/Desktop/micro_ros_ws/install/micro_ros_msgs/include/micro_ros_msgs/micro_ros_msgs/msg/detail/node__traits.hpp
[10.444s] -- Installing: /home/dxf/Desktop/micro_ros_ws/install/micro_ros_msgs/include/micro_ros_msgs/micro_ros_msgs/msg/detail/node__struct.hpp
[10.445s] -- Installing: /home/dxf/Desktop/micro_ros_ws/install/micro_ros_msgs/include/micro_ros_msgs/micro_ros_msgs/msg/detail/graph__type_support.hpp
[10.445s] -- Installing: /home/dxf/Desktop/micro_ros_ws/install/micro_ros_msgs/include/micro_ros_msgs/micro_ros_msgs/msg/detail/entity__builder.hpp
[10.445s] -- Installing: /home/dxf/Desktop/micro_ros_ws/install/micro_ros_msgs/include/micro_ros_msgs/micro_ros_msgs/msg/detail/entity__struct.hpp
[10.445s] -- Installing: /home/dxf/Desktop/micro_ros_ws/install/micro_ros_msgs/include/micro_ros_msgs/micro_ros_msgs/msg/detail/graph__struct.hpp
[10.446s] -- Up-to-date: /home/dxf/Desktop/micro_ros_ws/install/micro_ros_msgs/include/micro_ros_msgs/micro_ros_msgs
[10.446s] -- Up-to-date: /home/dxf/Desktop/micro_ros_ws/install/micro_ros_msgs/include/micro_ros_msgs/micro_ros_msgs/msg
[10.446s] -- Installing: /home/dxf/Desktop/micro_ros_ws/install/micro_ros_msgs/include/micro_ros_msgs/micro_ros_msgs/msg/rosidl_typesupport_fastrtps_cpp__visibility_control.h
[10.446s] -- Up-to-date: /home/dxf/Desktop/micro_ros_ws/install/micro_ros_msgs/include/micro_ros_msgs/micro_ros_msgs/msg/detail
[10.446s] -- Installing: /home/dxf/Desktop/micro_ros_ws/install/micro_ros_msgs/include/micro_ros_msgs/micro_ros_msgs/msg/detail/dds_fastrtps
[10.447s] -- Installing: /home/dxf/Desktop/micro_ros_ws/install/micro_ros_msgs/include/micro_ros_msgs/micro_ros_msgs/msg/detail/node__rosidl_typesupport_fastrtps_cpp.hpp
[10.447s] -- Installing: /home/dxf/Desktop/micro_ros_ws/install/micro_ros_msgs/include/micro_ros_msgs/micro_ros_msgs/msg/detail/entity__rosidl_typesupport_fastrtps_cpp.hpp
[10.447s] -- Installing: /home/dxf/Desktop/micro_ros_ws/install/micro_ros_msgs/include/micro_ros_msgs/micro_ros_msgs/msg/detail/graph__rosidl_typesupport_fastrtps_cpp.hpp
[10.447s] -- Installing: /home/dxf/Desktop/micro_ros_ws/install/micro_ros_msgs/lib/libmicro_ros_msgs__rosidl_typesupport_fastrtps_cpp.so
[10.448s] -- Set runtime path of "/home/dxf/Desktop/micro_ros_ws/install/micro_ros_msgs/lib/libmicro_ros_msgs__rosidl_typesupport_fastrtps_cpp.so" to ""
[10.448s] -- Up-to-date: /home/dxf/Desktop/micro_ros_ws/install/micro_ros_msgs/include/micro_ros_msgs/micro_ros_msgs
[10.449s] -- Up-to-date: /home/dxf/Desktop/micro_ros_ws/install/micro_ros_msgs/include/micro_ros_msgs/micro_ros_msgs/msg
[10.449s] -- Up-to-date: /home/dxf/Desktop/micro_ros_ws/install/micro_ros_msgs/include/micro_ros_msgs/micro_ros_msgs/msg/detail
[10.449s] -- Installing: /home/dxf/Desktop/micro_ros_ws/install/micro_ros_msgs/include/micro_ros_msgs/micro_ros_msgs/msg/detail/graph__type_support.cpp
[10.449s] -- Installing: /home/dxf/Desktop/micro_ros_ws/install/micro_ros_msgs/include/micro_ros_msgs/micro_ros_msgs/msg/detail/graph__rosidl_typesupport_introspection_cpp.hpp
[10.449s] -- Installing: /home/dxf/Desktop/micro_ros_ws/install/micro_ros_msgs/include/micro_ros_msgs/micro_ros_msgs/msg/detail/node__type_support.cpp
[10.449s] -- Installing: /home/dxf/Desktop/micro_ros_ws/install/micro_ros_msgs/include/micro_ros_msgs/micro_ros_msgs/msg/detail/node__rosidl_typesupport_introspection_cpp.hpp
[10.450s] -- Installing: /home/dxf/Desktop/micro_ros_ws/install/micro_ros_msgs/include/micro_ros_msgs/micro_ros_msgs/msg/detail/entity__rosidl_typesupport_introspection_cpp.hpp
[10.450s] -- Installing: /home/dxf/Desktop/micro_ros_ws/install/micro_ros_msgs/include/micro_ros_msgs/micro_ros_msgs/msg/detail/entity__type_support.cpp
[10.450s] -- Installing: /home/dxf/Desktop/micro_ros_ws/install/micro_ros_msgs/lib/libmicro_ros_msgs__rosidl_typesupport_introspection_cpp.so
[10.451s] -- Set runtime path of "/home/dxf/Desktop/micro_ros_ws/install/micro_ros_msgs/lib/libmicro_ros_msgs__rosidl_typesupport_introspection_cpp.so" to ""
[10.451s] -- Installing: /home/dxf/Desktop/micro_ros_ws/install/micro_ros_msgs/lib/libmicro_ros_msgs__rosidl_typesupport_cpp.so
[10.452s] -- Set runtime path of "/home/dxf/Desktop/micro_ros_ws/install/micro_ros_msgs/lib/libmicro_ros_msgs__rosidl_typesupport_cpp.so" to ""
[10.452s] -- Installing: /home/dxf/Desktop/micro_ros_ws/install/micro_ros_msgs/share/micro_ros_msgs/environment/pythonpath.sh
[10.453s] -- Installing: /home/dxf/Desktop/micro_ros_ws/install/micro_ros_msgs/share/micro_ros_msgs/environment/pythonpath.dsv
[10.453s] -- Installing: /home/dxf/Desktop/micro_ros_ws/install/micro_ros_msgs/local/lib/python3.10/dist-packages/micro_ros_msgs-3.0.1-py3.10.egg-info
[10.453s] -- Installing: /home/dxf/Desktop/micro_ros_ws/install/micro_ros_msgs/local/lib/python3.10/dist-packages/micro_ros_msgs-3.0.1-py3.10.egg-info/dependency_links.txt
[10.454s] -- Installing: /home/dxf/Desktop/micro_ros_ws/install/micro_ros_msgs/local/lib/python3.10/dist-packages/micro_ros_msgs-3.0.1-py3.10.egg-info/PKG-INFO
[10.454s] -- Installing: /home/dxf/Desktop/micro_ros_ws/install/micro_ros_msgs/local/lib/python3.10/dist-packages/micro_ros_msgs-3.0.1-py3.10.egg-info/top_level.txt
[10.454s] -- Installing: /home/dxf/Desktop/micro_ros_ws/install/micro_ros_msgs/local/lib/python3.10/dist-packages/micro_ros_msgs-3.0.1-py3.10.egg-info/SOURCES.txt
[10.454s] -- Installing: /home/dxf/Desktop/micro_ros_ws/install/micro_ros_msgs/local/lib/python3.10/dist-packages/micro_ros_msgs
[10.455s] -- Installing: /home/dxf/Desktop/micro_ros_ws/install/micro_ros_msgs/local/lib/python3.10/dist-packages/micro_ros_msgs/__init__.py
[10.455s] -- Installing: /home/dxf/Desktop/micro_ros_ws/install/micro_ros_msgs/local/lib/python3.10/dist-packages/micro_ros_msgs/micro_ros_msgs_s__rosidl_typesupport_introspection_c.cpython-310-aarch64-linux-gnu.so
[10.456s] -- Installing: /home/dxf/Desktop/micro_ros_ws/install/micro_ros_msgs/local/lib/python3.10/dist-packages/micro_ros_msgs/micro_ros_msgs_s__rosidl_typesupport_fastrtps_c.cpython-310-aarch64-linux-gnu.so
[10.456s] -- Installing: /home/dxf/Desktop/micro_ros_ws/install/micro_ros_msgs/local/lib/python3.10/dist-packages/micro_ros_msgs/_micro_ros_msgs_s.ep.rosidl_typesupport_c.c
[10.456s] -- Installing: /home/dxf/Desktop/micro_ros_ws/install/micro_ros_msgs/local/lib/python3.10/dist-packages/micro_ros_msgs/msg
[10.456s] -- Installing: /home/dxf/Desktop/micro_ros_ws/install/micro_ros_msgs/local/lib/python3.10/dist-packages/micro_ros_msgs/msg/_graph_s.c
[10.457s] -- Installing: /home/dxf/Desktop/micro_ros_ws/install/micro_ros_msgs/local/lib/python3.10/dist-packages/micro_ros_msgs/msg/_entity_s.c
[10.457s] -- Installing: /home/dxf/Desktop/micro_ros_ws/install/micro_ros_msgs/local/lib/python3.10/dist-packages/micro_ros_msgs/msg/_node.py
[10.457s] -- Installing: /home/dxf/Desktop/micro_ros_ws/install/micro_ros_msgs/local/lib/python3.10/dist-packages/micro_ros_msgs/msg/__init__.py
[10.457s] -- Installing: /home/dxf/Desktop/micro_ros_ws/install/micro_ros_msgs/local/lib/python3.10/dist-packages/micro_ros_msgs/msg/_graph.py
[10.457s] -- Installing: /home/dxf/Desktop/micro_ros_ws/install/micro_ros_msgs/local/lib/python3.10/dist-packages/micro_ros_msgs/msg/_entity.py
[10.458s] -- Installing: /home/dxf/Desktop/micro_ros_ws/install/micro_ros_msgs/local/lib/python3.10/dist-packages/micro_ros_msgs/msg/_node_s.c
[10.458s] -- Installing: /home/dxf/Desktop/micro_ros_ws/install/micro_ros_msgs/local/lib/python3.10/dist-packages/micro_ros_msgs/micro_ros_msgs_s__rosidl_typesupport_c.cpython-310-aarch64-linux-gnu.so
[10.458s] -- Installing: /home/dxf/Desktop/micro_ros_ws/install/micro_ros_msgs/local/lib/python3.10/dist-packages/micro_ros_msgs/_micro_ros_msgs_s.ep.rosidl_typesupport_introspection_c.c
[10.458s] -- Installing: /home/dxf/Desktop/micro_ros_ws/install/micro_ros_msgs/local/lib/python3.10/dist-packages/micro_ros_msgs/_micro_ros_msgs_s.ep.rosidl_typesupport_fastrtps_c.c
[10.458s] -- Installing: /home/dxf/Desktop/micro_ros_ws/install/micro_ros_msgs/local/lib/python3.10/dist-packages/micro_ros_msgs/libmicro_ros_msgs__rosidl_generator_py.so
[10.536s] Listing '/home/dxf/Desktop/micro_ros_ws/install/micro_ros_msgs/local/lib/python3.10/dist-packages/micro_ros_msgs'...
[10.536s] Compiling '/home/dxf/Desktop/micro_ros_ws/install/micro_ros_msgs/local/lib/python3.10/dist-packages/micro_ros_msgs/__init__.py'...
[10.536s] Listing '/home/dxf/Desktop/micro_ros_ws/install/micro_ros_msgs/local/lib/python3.10/dist-packages/micro_ros_msgs/msg'...
[10.536s] Compiling '/home/dxf/Desktop/micro_ros_ws/install/micro_ros_msgs/local/lib/python3.10/dist-packages/micro_ros_msgs/msg/__init__.py'...
[10.537s] Compiling '/home/dxf/Desktop/micro_ros_ws/install/micro_ros_msgs/local/lib/python3.10/dist-packages/micro_ros_msgs/msg/_entity.py'...
[10.537s] Compiling '/home/dxf/Desktop/micro_ros_ws/install/micro_ros_msgs/local/lib/python3.10/dist-packages/micro_ros_msgs/msg/_graph.py'...
[10.537s] Compiling '/home/dxf/Desktop/micro_ros_ws/install/micro_ros_msgs/local/lib/python3.10/dist-packages/micro_ros_msgs/msg/_node.py'...
[10.551s] -- Installing: /home/dxf/Desktop/micro_ros_ws/install/micro_ros_msgs/local/lib/python3.10/dist-packages/micro_ros_msgs/micro_ros_msgs_s__rosidl_typesupport_fastrtps_c.cpython-310-aarch64-linux-gnu.so
[10.551s] -- Set runtime path of "/home/dxf/Desktop/micro_ros_ws/install/micro_ros_msgs/local/lib/python3.10/dist-packages/micro_ros_msgs/micro_ros_msgs_s__rosidl_typesupport_fastrtps_c.cpython-310-aarch64-linux-gnu.so" to ""
[10.552s] -- Installing: /home/dxf/Desktop/micro_ros_ws/install/micro_ros_msgs/local/lib/python3.10/dist-packages/micro_ros_msgs/micro_ros_msgs_s__rosidl_typesupport_introspection_c.cpython-310-aarch64-linux-gnu.so
[10.552s] -- Set runtime path of "/home/dxf/Desktop/micro_ros_ws/install/micro_ros_msgs/local/lib/python3.10/dist-packages/micro_ros_msgs/micro_ros_msgs_s__rosidl_typesupport_introspection_c.cpython-310-aarch64-linux-gnu.so" to ""
[10.553s] -- Installing: /home/dxf/Desktop/micro_ros_ws/install/micro_ros_msgs/local/lib/python3.10/dist-packages/micro_ros_msgs/micro_ros_msgs_s__rosidl_typesupport_c.cpython-310-aarch64-linux-gnu.so
[10.553s] -- Set runtime path of "/home/dxf/Desktop/micro_ros_ws/install/micro_ros_msgs/local/lib/python3.10/dist-packages/micro_ros_msgs/micro_ros_msgs_s__rosidl_typesupport_c.cpython-310-aarch64-linux-gnu.so" to ""
[10.554s] -- Installing: /home/dxf/Desktop/micro_ros_ws/install/micro_ros_msgs/lib/libmicro_ros_msgs__rosidl_generator_py.so
[10.554s] -- Set runtime path of "/home/dxf/Desktop/micro_ros_ws/install/micro_ros_msgs/lib/libmicro_ros_msgs__rosidl_generator_py.so" to ""
[10.554s] -- Installing: /home/dxf/Desktop/micro_ros_ws/install/micro_ros_msgs/share/micro_ros_msgs/msg/Graph.idl
[10.555s] -- Installing: /home/dxf/Desktop/micro_ros_ws/install/micro_ros_msgs/share/micro_ros_msgs/msg/Node.idl
[10.555s] -- Installing: /home/dxf/Desktop/micro_ros_ws/install/micro_ros_msgs/share/micro_ros_msgs/msg/Entity.idl
[10.555s] -- Installing: /home/dxf/Desktop/micro_ros_ws/install/micro_ros_msgs/share/micro_ros_msgs/msg/Graph.msg
[10.556s] -- Installing: /home/dxf/Desktop/micro_ros_ws/install/micro_ros_msgs/share/micro_ros_msgs/msg/Node.msg
[10.556s] -- Installing: /home/dxf/Desktop/micro_ros_ws/install/micro_ros_msgs/share/micro_ros_msgs/msg/Entity.msg
[10.556s] -- Installing: /home/dxf/Desktop/micro_ros_ws/install/micro_ros_msgs/share/ament_index/resource_index/package_run_dependencies/micro_ros_msgs
[10.557s] -- Installing: /home/dxf/Desktop/micro_ros_ws/install/micro_ros_msgs/share/ament_index/resource_index/parent_prefix_path/micro_ros_msgs
[10.557s] -- Installing: /home/dxf/Desktop/micro_ros_ws/install/micro_ros_msgs/share/micro_ros_msgs/environment/ament_prefix_path.sh
[10.558s] -- Installing: /home/dxf/Desktop/micro_ros_ws/install/micro_ros_msgs/share/micro_ros_msgs/environment/ament_prefix_path.dsv
[10.558s] -- Installing: /home/dxf/Desktop/micro_ros_ws/install/micro_ros_msgs/share/micro_ros_msgs/environment/path.sh
[10.559s] -- Installing: /home/dxf/Desktop/micro_ros_ws/install/micro_ros_msgs/share/micro_ros_msgs/environment/path.dsv
[10.559s] -- Installing: /home/dxf/Desktop/micro_ros_ws/install/micro_ros_msgs/share/micro_ros_msgs/local_setup.bash
[10.559s] -- Installing: /home/dxf/Desktop/micro_ros_ws/install/micro_ros_msgs/share/micro_ros_msgs/local_setup.sh
[10.559s] -- Installing: /home/dxf/Desktop/micro_ros_ws/install/micro_ros_msgs/share/micro_ros_msgs/local_setup.zsh
[10.560s] -- Installing: /home/dxf/Desktop/micro_ros_ws/install/micro_ros_msgs/share/micro_ros_msgs/local_setup.dsv
[10.560s] -- Installing: /home/dxf/Desktop/micro_ros_ws/install/micro_ros_msgs/share/micro_ros_msgs/package.dsv
[10.561s] -- Installing: /home/dxf/Desktop/micro_ros_ws/install/micro_ros_msgs/share/ament_index/resource_index/packages/micro_ros_msgs
[10.561s] -- Installing: /home/dxf/Desktop/micro_ros_ws/install/micro_ros_msgs/share/micro_ros_msgs/cmake/export_micro_ros_msgs__rosidl_generator_cExport.cmake
[10.561s] -- Installing: /home/dxf/Desktop/micro_ros_ws/install/micro_ros_msgs/share/micro_ros_msgs/cmake/export_micro_ros_msgs__rosidl_generator_cExport-noconfig.cmake
[10.562s] -- Installing: /home/dxf/Desktop/micro_ros_ws/install/micro_ros_msgs/share/micro_ros_msgs/cmake/export_micro_ros_msgs__rosidl_typesupport_fastrtps_cExport.cmake
[10.562s] -- Installing: /home/dxf/Desktop/micro_ros_ws/install/micro_ros_msgs/share/micro_ros_msgs/cmake/export_micro_ros_msgs__rosidl_typesupport_fastrtps_cExport-noconfig.cmake
[10.563s] -- Installing: /home/dxf/Desktop/micro_ros_ws/install/micro_ros_msgs/share/micro_ros_msgs/cmake/micro_ros_msgs__rosidl_typesupport_introspection_cExport.cmake
[10.563s] -- Installing: /home/dxf/Desktop/micro_ros_ws/install/micro_ros_msgs/share/micro_ros_msgs/cmake/micro_ros_msgs__rosidl_typesupport_introspection_cExport-noconfig.cmake
[10.563s] -- Installing: /home/dxf/Desktop/micro_ros_ws/install/micro_ros_msgs/share/micro_ros_msgs/cmake/micro_ros_msgs__rosidl_typesupport_cExport.cmake
[10.564s] -- Installing: /home/dxf/Desktop/micro_ros_ws/install/micro_ros_msgs/share/micro_ros_msgs/cmake/micro_ros_msgs__rosidl_typesupport_cExport-noconfig.cmake
[10.564s] -- Installing: /home/dxf/Desktop/micro_ros_ws/install/micro_ros_msgs/share/micro_ros_msgs/cmake/export_micro_ros_msgs__rosidl_generator_cppExport.cmake
[10.564s] -- Installing: /home/dxf/Desktop/micro_ros_ws/install/micro_ros_msgs/share/micro_ros_msgs/cmake/export_micro_ros_msgs__rosidl_typesupport_fastrtps_cppExport.cmake
[10.565s] -- Installing: /home/dxf/Desktop/micro_ros_ws/install/micro_ros_msgs/share/micro_ros_msgs/cmake/export_micro_ros_msgs__rosidl_typesupport_fastrtps_cppExport-noconfig.cmake
[10.565s] -- Installing: /home/dxf/Desktop/micro_ros_ws/install/micro_ros_msgs/share/micro_ros_msgs/cmake/micro_ros_msgs__rosidl_typesupport_introspection_cppExport.cmake
[10.565s] -- Installing: /home/dxf/Desktop/micro_ros_ws/install/micro_ros_msgs/share/micro_ros_msgs/cmake/micro_ros_msgs__rosidl_typesupport_introspection_cppExport-noconfig.cmake
[10.566s] -- Installing: /home/dxf/Desktop/micro_ros_ws/install/micro_ros_msgs/share/micro_ros_msgs/cmake/micro_ros_msgs__rosidl_typesupport_cppExport.cmake
[10.566s] -- Installing: /home/dxf/Desktop/micro_ros_ws/install/micro_ros_msgs/share/micro_ros_msgs/cmake/micro_ros_msgs__rosidl_typesupport_cppExport-noconfig.cmake
[10.567s] -- Installing: /home/dxf/Desktop/micro_ros_ws/install/micro_ros_msgs/share/micro_ros_msgs/cmake/export_micro_ros_msgs__rosidl_generator_pyExport.cmake
[10.567s] -- Installing: /home/dxf/Desktop/micro_ros_ws/install/micro_ros_msgs/share/micro_ros_msgs/cmake/export_micro_ros_msgs__rosidl_generator_pyExport-noconfig.cmake
[10.567s] -- Installing: /home/dxf/Desktop/micro_ros_ws/install/micro_ros_msgs/share/micro_ros_msgs/cmake/rosidl_cmake-extras.cmake
[10.567s] -- Installing: /home/dxf/Desktop/micro_ros_ws/install/micro_ros_msgs/share/micro_ros_msgs/cmake/ament_cmake_export_include_directories-extras.cmake
[10.568s] -- Installing: /home/dxf/Desktop/micro_ros_ws/install/micro_ros_msgs/share/micro_ros_msgs/cmake/ament_cmake_export_libraries-extras.cmake
[10.568s] -- Installing: /home/dxf/Desktop/micro_ros_ws/install/micro_ros_msgs/share/micro_ros_msgs/cmake/ament_cmake_export_targets-extras.cmake
[10.569s] -- Installing: /home/dxf/Desktop/micro_ros_ws/install/micro_ros_msgs/share/micro_ros_msgs/cmake/rosidl_cmake_export_typesupport_targets-extras.cmake
[10.569s] -- Installing: /home/dxf/Desktop/micro_ros_ws/install/micro_ros_msgs/share/micro_ros_msgs/cmake/ament_cmake_export_dependencies-extras.cmake
[10.569s] -- Installing: /home/dxf/Desktop/micro_ros_ws/install/micro_ros_msgs/share/micro_ros_msgs/cmake/rosidl_cmake_export_typesupport_libraries-extras.cmake
[10.570s] -- Installing: /home/dxf/Desktop/micro_ros_ws/install/micro_ros_msgs/share/micro_ros_msgs/cmake/micro_ros_msgsConfig.cmake
[10.570s] -- Installing: /home/dxf/Desktop/micro_ros_ws/install/micro_ros_msgs/share/micro_ros_msgs/cmake/micro_ros_msgsConfig-version.cmake
[10.570s] -- Installing: /home/dxf/Desktop/micro_ros_ws/install/micro_ros_msgs/share/micro_ros_msgs/package.xml
[10.577s] Invoked command in '/home/dxf/Desktop/micro_ros_ws/build/micro_ros_msgs' returned '0': CMAKE_PREFIX_PATH=${CMAKE_PREFIX_PATH}:/opt/ros/humble /usr/bin/cmake --install /home/dxf/Desktop/micro_ros_ws/build/micro_ros_msgs
