[0.223s] DEBUG:colcon:Command line arguments: ['/usr/bin/colcon', 'build']
[0.224s] DEBUG:colcon:Parsed command line arguments: Namespace(log_base=None, log_level=None, verb_name='build', build_base='build', install_base='install', merge_install=False, symlink_install=False, test_result_base=None, continue_on_error=False, executor='parallel', parallel_workers=6, event_handlers=None, ignore_user_meta=False, metas=['./colcon.meta'], base_paths=['.'], packages_ignore=None, packages_ignore_regex=None, paths=None, packages_up_to=None, packages_up_to_regex=None, packages_above=None, packages_above_and_dependencies=None, packages_above_depth=None, packages_select_by_dep=None, packages_skip_by_dep=None, packages_skip_up_to=None, packages_select_build_failed=False, packages_skip_build_finished=False, packages_select_test_failures=False, packages_skip_test_passed=False, packages_select=None, packages_skip=None, packages_select_regex=None, packages_skip_regex=None, packages_start=None, packages_end=None, allow_overriding=[], cmake_args=None, cmake_target=None, cmake_target_skip_unavailable=False, cmake_clean_cache=False, cmake_clean_first=False, cmake_force_configure=False, ament_cmake_args=None, catkin_cmake_args=None, catkin_skip_building_tests=False, verb_parser=<colcon_defaults.argument_parser.defaults.DefaultArgumentsDecorator object at 0xffffb4818d90>, verb_extension=<colcon_core.verb.build.BuildVerb object at 0xffffb4818880>, main=<bound method BuildVerb.main of <colcon_core.verb.build.BuildVerb object at 0xffffb4818880>>)
[0.600s] Level 1:colcon.colcon_core.package_discovery:discover_packages(colcon_meta) check parameters
[0.600s] Level 1:colcon.colcon_core.package_discovery:discover_packages(recursive) check parameters
[0.600s] Level 1:colcon.colcon_core.package_discovery:discover_packages(ignore) check parameters
[0.600s] Level 1:colcon.colcon_core.package_discovery:discover_packages(path) check parameters
[0.600s] Level 1:colcon.colcon_core.package_discovery:discover_packages(colcon_meta) discover
[0.600s] Level 1:colcon.colcon_core.package_discovery:discover_packages(recursive) discover
[0.601s] INFO:colcon.colcon_core.package_discovery:Crawling recursively for packages in '/home/dxf/Desktop/li/moveit_ws'
[0.601s] Level 1:colcon.colcon_core.package_identification:_identify(.) by extensions ['ignore', 'ignore_ament_install']
[0.601s] Level 1:colcon.colcon_core.package_identification:_identify(.) by extension 'ignore'
[0.601s] Level 1:colcon.colcon_core.package_identification:_identify(.) by extension 'ignore_ament_install'
[0.602s] Level 1:colcon.colcon_core.package_identification:_identify(.) by extensions ['colcon_pkg']
[0.602s] Level 1:colcon.colcon_core.package_identification:_identify(.) by extension 'colcon_pkg'
[0.602s] Level 1:colcon.colcon_core.package_identification:_identify(.) by extensions ['colcon_meta']
[0.602s] Level 1:colcon.colcon_core.package_identification:_identify(.) by extension 'colcon_meta'
[0.602s] Level 1:colcon.colcon_core.package_identification:_identify(.) by extensions ['ros']
[0.602s] Level 1:colcon.colcon_core.package_identification:_identify(.) by extension 'ros'
[0.625s] Level 1:colcon.colcon_core.package_identification:_identify(.) by extensions ['cmake', 'python']
[0.625s] Level 1:colcon.colcon_core.package_identification:_identify(.) by extension 'cmake'
[0.625s] Level 1:colcon.colcon_core.package_identification:_identify(.) by extension 'python'
[0.625s] Level 1:colcon.colcon_core.package_identification:_identify(.) by extensions ['python_setup_py']
[0.625s] Level 1:colcon.colcon_core.package_identification:_identify(.) by extension 'python_setup_py'
[0.625s] Level 1:colcon.colcon_core.package_identification:_identify(build) by extensions ['ignore', 'ignore_ament_install']
[0.626s] Level 1:colcon.colcon_core.package_identification:_identify(build) by extension 'ignore'
[0.626s] Level 1:colcon.colcon_core.package_identification:_identify(build) ignored
[0.626s] Level 1:colcon.colcon_core.package_identification:_identify(install) by extensions ['ignore', 'ignore_ament_install']
[0.626s] Level 1:colcon.colcon_core.package_identification:_identify(install) by extension 'ignore'
[0.626s] Level 1:colcon.colcon_core.package_identification:_identify(install) ignored
[0.627s] Level 1:colcon.colcon_core.package_identification:_identify(log) by extensions ['ignore', 'ignore_ament_install']
[0.627s] Level 1:colcon.colcon_core.package_identification:_identify(log) by extension 'ignore'
[0.627s] Level 1:colcon.colcon_core.package_identification:_identify(log) ignored
[0.627s] Level 1:colcon.colcon_core.package_identification:_identify(src) by extensions ['ignore', 'ignore_ament_install']
[0.627s] Level 1:colcon.colcon_core.package_identification:_identify(src) by extension 'ignore'
[0.627s] Level 1:colcon.colcon_core.package_identification:_identify(src) by extension 'ignore_ament_install'
[0.628s] Level 1:colcon.colcon_core.package_identification:_identify(src) by extensions ['colcon_pkg']
[0.628s] Level 1:colcon.colcon_core.package_identification:_identify(src) by extension 'colcon_pkg'
[0.628s] Level 1:colcon.colcon_core.package_identification:_identify(src) by extensions ['colcon_meta']
[0.628s] Level 1:colcon.colcon_core.package_identification:_identify(src) by extension 'colcon_meta'
[0.628s] Level 1:colcon.colcon_core.package_identification:_identify(src) by extensions ['ros']
[0.628s] Level 1:colcon.colcon_core.package_identification:_identify(src) by extension 'ros'
[0.628s] Level 1:colcon.colcon_core.package_identification:_identify(src) by extensions ['cmake', 'python']
[0.628s] Level 1:colcon.colcon_core.package_identification:_identify(src) by extension 'cmake'
[0.628s] Level 1:colcon.colcon_core.package_identification:_identify(src) by extension 'python'
[0.628s] Level 1:colcon.colcon_core.package_identification:_identify(src) by extensions ['python_setup_py']
[0.629s] Level 1:colcon.colcon_core.package_identification:_identify(src) by extension 'python_setup_py'
[0.629s] Level 1:colcon.colcon_core.package_identification:_identify(src/micro_urdf) by extensions ['ignore', 'ignore_ament_install']
[0.629s] Level 1:colcon.colcon_core.package_identification:_identify(src/micro_urdf) by extension 'ignore'
[0.629s] Level 1:colcon.colcon_core.package_identification:_identify(src/micro_urdf) by extension 'ignore_ament_install'
[0.629s] Level 1:colcon.colcon_core.package_identification:_identify(src/micro_urdf) by extensions ['colcon_pkg']
[0.629s] Level 1:colcon.colcon_core.package_identification:_identify(src/micro_urdf) by extension 'colcon_pkg'
[0.629s] Level 1:colcon.colcon_core.package_identification:_identify(src/micro_urdf) by extensions ['colcon_meta']
[0.629s] Level 1:colcon.colcon_core.package_identification:_identify(src/micro_urdf) by extension 'colcon_meta'
[0.629s] Level 1:colcon.colcon_core.package_identification:_identify(src/micro_urdf) by extensions ['ros']
[0.630s] Level 1:colcon.colcon_core.package_identification:_identify(src/micro_urdf) by extension 'ros'
[0.635s] DEBUG:colcon.colcon_core.package_identification:Package 'src/micro_urdf' with type 'ros.ament_cmake' and name 'micro_urdf'
[0.635s] Level 1:colcon.colcon_core.package_identification:_identify(src/my_robot_description) by extensions ['ignore', 'ignore_ament_install']
[0.636s] Level 1:colcon.colcon_core.package_identification:_identify(src/my_robot_description) by extension 'ignore'
[0.636s] Level 1:colcon.colcon_core.package_identification:_identify(src/my_robot_description) by extension 'ignore_ament_install'
[0.636s] Level 1:colcon.colcon_core.package_identification:_identify(src/my_robot_description) by extensions ['colcon_pkg']
[0.636s] Level 1:colcon.colcon_core.package_identification:_identify(src/my_robot_description) by extension 'colcon_pkg'
[0.636s] Level 1:colcon.colcon_core.package_identification:_identify(src/my_robot_description) by extensions ['colcon_meta']
[0.636s] Level 1:colcon.colcon_core.package_identification:_identify(src/my_robot_description) by extension 'colcon_meta'
[0.636s] Level 1:colcon.colcon_core.package_identification:_identify(src/my_robot_description) by extensions ['ros']
[0.636s] Level 1:colcon.colcon_core.package_identification:_identify(src/my_robot_description) by extension 'ros'
[0.637s] DEBUG:colcon.colcon_core.package_identification:Package 'src/my_robot_description' with type 'ros.ament_cmake' and name 'my_robot_description'
[0.637s] Level 1:colcon.colcon_core.package_discovery:discover_packages(recursive) using defaults
[0.638s] Level 1:colcon.colcon_core.package_discovery:discover_packages(ignore) discover
[0.638s] Level 1:colcon.colcon_core.package_discovery:discover_packages(ignore) using defaults
[0.638s] Level 1:colcon.colcon_core.package_discovery:discover_packages(path) discover
[0.638s] Level 1:colcon.colcon_core.package_discovery:discover_packages(path) using defaults
[0.707s] Level 1:colcon.colcon_core.package_discovery:discover_packages(prefix_path) check parameters
[0.707s] Level 1:colcon.colcon_core.package_discovery:discover_packages(prefix_path) discover
[0.711s] DEBUG:colcon.colcon_installed_package_information.package_discovery:Found 2 installed packages in /home/dxf/Desktop/li/moveit_ws/install
[0.714s] DEBUG:colcon.colcon_installed_package_information.package_discovery:Found 396 installed packages in /opt/ros/humble
[0.718s] Level 1:colcon.colcon_core.package_discovery:discover_packages(prefix_path) using defaults
[0.819s] Level 5:colcon.colcon_core.verb:set package 'my_robot_description' build argument 'cmake_args' from command line to 'None'
[0.819s] Level 5:colcon.colcon_core.verb:set package 'my_robot_description' build argument 'cmake_target' from command line to 'None'
[0.819s] Level 5:colcon.colcon_core.verb:set package 'my_robot_description' build argument 'cmake_target_skip_unavailable' from command line to 'False'
[0.819s] Level 5:colcon.colcon_core.verb:set package 'my_robot_description' build argument 'cmake_clean_cache' from command line to 'False'
[0.819s] Level 5:colcon.colcon_core.verb:set package 'my_robot_description' build argument 'cmake_clean_first' from command line to 'False'
[0.819s] Level 5:colcon.colcon_core.verb:set package 'my_robot_description' build argument 'cmake_force_configure' from command line to 'False'
[0.819s] Level 5:colcon.colcon_core.verb:set package 'my_robot_description' build argument 'ament_cmake_args' from command line to 'None'
[0.819s] Level 5:colcon.colcon_core.verb:set package 'my_robot_description' build argument 'catkin_cmake_args' from command line to 'None'
[0.819s] Level 5:colcon.colcon_core.verb:set package 'my_robot_description' build argument 'catkin_skip_building_tests' from command line to 'False'
[0.819s] DEBUG:colcon.colcon_core.verb:Building package 'my_robot_description' with the following arguments: {'ament_cmake_args': None, 'build_base': '/home/dxf/Desktop/li/moveit_ws/build/my_robot_description', 'catkin_cmake_args': None, 'catkin_skip_building_tests': False, 'cmake_args': None, 'cmake_clean_cache': False, 'cmake_clean_first': False, 'cmake_force_configure': False, 'cmake_target': None, 'cmake_target_skip_unavailable': False, 'install_base': '/home/dxf/Desktop/li/moveit_ws/install/my_robot_description', 'merge_install': False, 'path': '/home/dxf/Desktop/li/moveit_ws/src/my_robot_description', 'symlink_install': False, 'test_result_base': None}
[0.820s] Level 5:colcon.colcon_core.verb:set package 'micro_urdf' build argument 'cmake_args' from command line to 'None'
[0.820s] Level 5:colcon.colcon_core.verb:set package 'micro_urdf' build argument 'cmake_target' from command line to 'None'
[0.820s] Level 5:colcon.colcon_core.verb:set package 'micro_urdf' build argument 'cmake_target_skip_unavailable' from command line to 'False'
[0.820s] Level 5:colcon.colcon_core.verb:set package 'micro_urdf' build argument 'cmake_clean_cache' from command line to 'False'
[0.820s] Level 5:colcon.colcon_core.verb:set package 'micro_urdf' build argument 'cmake_clean_first' from command line to 'False'
[0.821s] Level 5:colcon.colcon_core.verb:set package 'micro_urdf' build argument 'cmake_force_configure' from command line to 'False'
[0.821s] Level 5:colcon.colcon_core.verb:set package 'micro_urdf' build argument 'ament_cmake_args' from command line to 'None'
[0.821s] Level 5:colcon.colcon_core.verb:set package 'micro_urdf' build argument 'catkin_cmake_args' from command line to 'None'
[0.821s] Level 5:colcon.colcon_core.verb:set package 'micro_urdf' build argument 'catkin_skip_building_tests' from command line to 'False'
[0.821s] DEBUG:colcon.colcon_core.verb:Building package 'micro_urdf' with the following arguments: {'ament_cmake_args': None, 'build_base': '/home/dxf/Desktop/li/moveit_ws/build/micro_urdf', 'catkin_cmake_args': None, 'catkin_skip_building_tests': False, 'cmake_args': None, 'cmake_clean_cache': False, 'cmake_clean_first': False, 'cmake_force_configure': False, 'cmake_target': None, 'cmake_target_skip_unavailable': False, 'install_base': '/home/dxf/Desktop/li/moveit_ws/install/micro_urdf', 'merge_install': False, 'path': '/home/dxf/Desktop/li/moveit_ws/src/micro_urdf', 'symlink_install': False, 'test_result_base': None}
[0.821s] INFO:colcon.colcon_core.executor:Executing jobs using 'parallel' executor
[0.823s] DEBUG:colcon.colcon_parallel_executor.executor.parallel:run_until_complete
[0.824s] INFO:colcon.colcon_ros.task.ament_cmake.build:Building ROS package in '/home/dxf/Desktop/li/moveit_ws/src/my_robot_description' with build type 'ament_cmake'
[0.824s] INFO:colcon.colcon_cmake.task.cmake.build:Building CMake package in '/home/dxf/Desktop/li/moveit_ws/src/my_robot_description'
[0.828s] INFO:colcon.colcon_core.plugin_system:Skipping extension 'colcon_core.shell.bat': Not used on non-Windows systems
[0.828s] INFO:colcon.colcon_core.shell:Skip shell extension 'powershell' for command environment: Not usable outside of PowerShell
[0.829s] DEBUG:colcon.colcon_core.shell:Skip shell extension 'dsv' for command environment
[0.848s] DEBUG:colcon.colcon_core.event_handler.log_command:Invoking command in '/home/dxf/Desktop/li/moveit_ws/build/my_robot_description': CMAKE_PREFIX_PATH=${CMAKE_PREFIX_PATH}:/opt/ros/humble /usr/bin/cmake --build /home/dxf/Desktop/li/moveit_ws/build/my_robot_description -- -j6 -l6
[0.933s] DEBUG:colcon.colcon_core.event_handler.log_command:Invoked command in '/home/dxf/Desktop/li/moveit_ws/build/my_robot_description' returned '0': CMAKE_PREFIX_PATH=${CMAKE_PREFIX_PATH}:/opt/ros/humble /usr/bin/cmake --build /home/dxf/Desktop/li/moveit_ws/build/my_robot_description -- -j6 -l6
[0.956s] DEBUG:colcon.colcon_core.event_handler.log_command:Invoking command in '/home/dxf/Desktop/li/moveit_ws/build/my_robot_description': CMAKE_PREFIX_PATH=${CMAKE_PREFIX_PATH}:/opt/ros/humble /usr/bin/cmake --install /home/dxf/Desktop/li/moveit_ws/build/my_robot_description
[0.980s] Level 1:colcon.colcon_core.environment:create_environment_scripts_only(my_robot_description)
[0.990s] DEBUG:colcon.colcon_core.event_handler.log_command:Invoked command in '/home/dxf/Desktop/li/moveit_ws/build/my_robot_description' returned '0': CMAKE_PREFIX_PATH=${CMAKE_PREFIX_PATH}:/opt/ros/humble /usr/bin/cmake --install /home/dxf/Desktop/li/moveit_ws/build/my_robot_description
[0.994s] Level 1:colcon.colcon_core.environment:checking '/home/dxf/Desktop/li/moveit_ws/install/my_robot_description' for CMake module files
[0.996s] Level 1:colcon.colcon_core.environment:checking '/home/dxf/Desktop/li/moveit_ws/install/my_robot_description' for CMake config files
[0.997s] Level 1:colcon.colcon_core.shell:create_environment_hook('my_robot_description', 'cmake_prefix_path')
[0.998s] INFO:colcon.colcon_core.shell:Creating environment hook '/home/dxf/Desktop/li/moveit_ws/install/my_robot_description/share/my_robot_description/hook/cmake_prefix_path.ps1'
[1.001s] INFO:colcon.colcon_core.shell:Creating environment descriptor '/home/dxf/Desktop/li/moveit_ws/install/my_robot_description/share/my_robot_description/hook/cmake_prefix_path.dsv'
[1.002s] INFO:colcon.colcon_core.shell:Creating environment hook '/home/dxf/Desktop/li/moveit_ws/install/my_robot_description/share/my_robot_description/hook/cmake_prefix_path.sh'
[1.005s] Level 1:colcon.colcon_core.environment:checking '/home/dxf/Desktop/li/moveit_ws/install/my_robot_description/bin'
[1.005s] Level 1:colcon.colcon_core.environment:checking '/home/dxf/Desktop/li/moveit_ws/install/my_robot_description/lib/pkgconfig/my_robot_description.pc'
[1.006s] Level 1:colcon.colcon_core.environment:checking '/home/dxf/Desktop/li/moveit_ws/install/my_robot_description/lib/python3.10/site-packages'
[1.007s] Level 1:colcon.colcon_core.environment:checking '/home/dxf/Desktop/li/moveit_ws/install/my_robot_description/bin'
[1.008s] INFO:colcon.colcon_core.shell:Creating package script '/home/dxf/Desktop/li/moveit_ws/install/my_robot_description/share/my_robot_description/package.ps1'
[1.010s] INFO:colcon.colcon_core.shell:Creating package descriptor '/home/dxf/Desktop/li/moveit_ws/install/my_robot_description/share/my_robot_description/package.dsv'
[1.012s] INFO:colcon.colcon_core.shell:Creating package script '/home/dxf/Desktop/li/moveit_ws/install/my_robot_description/share/my_robot_description/package.sh'
[1.014s] INFO:colcon.colcon_core.shell:Creating package script '/home/dxf/Desktop/li/moveit_ws/install/my_robot_description/share/my_robot_description/package.bash'
[1.016s] INFO:colcon.colcon_core.shell:Creating package script '/home/dxf/Desktop/li/moveit_ws/install/my_robot_description/share/my_robot_description/package.zsh'
[1.017s] Level 1:colcon.colcon_core.environment:create_file_with_runtime_dependencies(/home/dxf/Desktop/li/moveit_ws/install/my_robot_description/share/colcon-core/packages/my_robot_description)
[1.019s] Level 1:colcon.colcon_core.environment:create_environment_scripts_only(my_robot_description)
[1.020s] Level 1:colcon.colcon_core.environment:checking '/home/dxf/Desktop/li/moveit_ws/install/my_robot_description' for CMake module files
[1.021s] Level 1:colcon.colcon_core.environment:checking '/home/dxf/Desktop/li/moveit_ws/install/my_robot_description' for CMake config files
[1.021s] Level 1:colcon.colcon_core.shell:create_environment_hook('my_robot_description', 'cmake_prefix_path')
[1.022s] INFO:colcon.colcon_core.shell:Creating environment hook '/home/dxf/Desktop/li/moveit_ws/install/my_robot_description/share/my_robot_description/hook/cmake_prefix_path.ps1'
[1.024s] INFO:colcon.colcon_core.shell:Creating environment descriptor '/home/dxf/Desktop/li/moveit_ws/install/my_robot_description/share/my_robot_description/hook/cmake_prefix_path.dsv'
[1.025s] INFO:colcon.colcon_core.shell:Creating environment hook '/home/dxf/Desktop/li/moveit_ws/install/my_robot_description/share/my_robot_description/hook/cmake_prefix_path.sh'
[1.026s] Level 1:colcon.colcon_core.environment:checking '/home/dxf/Desktop/li/moveit_ws/install/my_robot_description/bin'
[1.027s] Level 1:colcon.colcon_core.environment:checking '/home/dxf/Desktop/li/moveit_ws/install/my_robot_description/lib/pkgconfig/my_robot_description.pc'
[1.027s] Level 1:colcon.colcon_core.environment:checking '/home/dxf/Desktop/li/moveit_ws/install/my_robot_description/lib/python3.10/site-packages'
[1.028s] Level 1:colcon.colcon_core.environment:checking '/home/dxf/Desktop/li/moveit_ws/install/my_robot_description/bin'
[1.029s] INFO:colcon.colcon_core.shell:Creating package script '/home/dxf/Desktop/li/moveit_ws/install/my_robot_description/share/my_robot_description/package.ps1'
[1.031s] INFO:colcon.colcon_core.shell:Creating package descriptor '/home/dxf/Desktop/li/moveit_ws/install/my_robot_description/share/my_robot_description/package.dsv'
[1.032s] INFO:colcon.colcon_core.shell:Creating package script '/home/dxf/Desktop/li/moveit_ws/install/my_robot_description/share/my_robot_description/package.sh'
[1.034s] INFO:colcon.colcon_core.shell:Creating package script '/home/dxf/Desktop/li/moveit_ws/install/my_robot_description/share/my_robot_description/package.bash'
[1.035s] INFO:colcon.colcon_core.shell:Creating package script '/home/dxf/Desktop/li/moveit_ws/install/my_robot_description/share/my_robot_description/package.zsh'
[1.036s] Level 1:colcon.colcon_core.environment:create_file_with_runtime_dependencies(/home/dxf/Desktop/li/moveit_ws/install/my_robot_description/share/colcon-core/packages/my_robot_description)
[1.037s] INFO:colcon.colcon_ros.task.ament_cmake.build:Building ROS package in '/home/dxf/Desktop/li/moveit_ws/src/micro_urdf' with build type 'ament_cmake'
[1.037s] INFO:colcon.colcon_cmake.task.cmake.build:Building CMake package in '/home/dxf/Desktop/li/moveit_ws/src/micro_urdf'
[1.038s] INFO:colcon.colcon_core.shell:Skip shell extension 'powershell' for command environment: Not usable outside of PowerShell
[1.039s] DEBUG:colcon.colcon_core.shell:Skip shell extension 'dsv' for command environment
[1.061s] DEBUG:colcon.colcon_core.event_handler.log_command:Invoking command in '/home/dxf/Desktop/li/moveit_ws/build/micro_urdf': CMAKE_PREFIX_PATH=${CMAKE_PREFIX_PATH}/opt/ros/humble /usr/bin/cmake --build /home/dxf/Desktop/li/moveit_ws/build/micro_urdf -- -j6 -l6
[1.142s] DEBUG:colcon.colcon_core.event_handler.log_command:Invoked command in '/home/dxf/Desktop/li/moveit_ws/build/micro_urdf' returned '0': CMAKE_PREFIX_PATH=${CMAKE_PREFIX_PATH}/opt/ros/humble /usr/bin/cmake --build /home/dxf/Desktop/li/moveit_ws/build/micro_urdf -- -j6 -l6
[1.147s] DEBUG:colcon.colcon_core.event_handler.log_command:Invoking command in '/home/dxf/Desktop/li/moveit_ws/build/micro_urdf': CMAKE_PREFIX_PATH=${CMAKE_PREFIX_PATH}/opt/ros/humble /usr/bin/cmake --install /home/dxf/Desktop/li/moveit_ws/build/micro_urdf
[1.172s] Level 1:colcon.colcon_core.environment:create_environment_scripts_only(micro_urdf)
[1.173s] Level 1:colcon.colcon_core.environment:checking '/home/dxf/Desktop/li/moveit_ws/install/micro_urdf' for CMake module files
[1.175s] DEBUG:colcon.colcon_core.event_handler.log_command:Invoked command in '/home/dxf/Desktop/li/moveit_ws/build/micro_urdf' returned '0': CMAKE_PREFIX_PATH=${CMAKE_PREFIX_PATH}/opt/ros/humble /usr/bin/cmake --install /home/dxf/Desktop/li/moveit_ws/build/micro_urdf
[1.176s] Level 1:colcon.colcon_core.environment:checking '/home/dxf/Desktop/li/moveit_ws/install/micro_urdf' for CMake config files
[1.177s] Level 1:colcon.colcon_core.shell:create_environment_hook('micro_urdf', 'cmake_prefix_path')
[1.178s] INFO:colcon.colcon_core.shell:Creating environment hook '/home/dxf/Desktop/li/moveit_ws/install/micro_urdf/share/micro_urdf/hook/cmake_prefix_path.ps1'
[1.180s] INFO:colcon.colcon_core.shell:Creating environment descriptor '/home/dxf/Desktop/li/moveit_ws/install/micro_urdf/share/micro_urdf/hook/cmake_prefix_path.dsv'
[1.181s] INFO:colcon.colcon_core.shell:Creating environment hook '/home/dxf/Desktop/li/moveit_ws/install/micro_urdf/share/micro_urdf/hook/cmake_prefix_path.sh'
[1.183s] Level 1:colcon.colcon_core.environment:checking '/home/dxf/Desktop/li/moveit_ws/install/micro_urdf/bin'
[1.183s] Level 1:colcon.colcon_core.environment:checking '/home/dxf/Desktop/li/moveit_ws/install/micro_urdf/lib/pkgconfig/micro_urdf.pc'
[1.184s] Level 1:colcon.colcon_core.environment:checking '/home/dxf/Desktop/li/moveit_ws/install/micro_urdf/lib/python3.10/site-packages'
[1.185s] Level 1:colcon.colcon_core.environment:checking '/home/dxf/Desktop/li/moveit_ws/install/micro_urdf/bin'
[1.187s] INFO:colcon.colcon_core.shell:Creating package script '/home/dxf/Desktop/li/moveit_ws/install/micro_urdf/share/micro_urdf/package.ps1'
[1.188s] INFO:colcon.colcon_core.shell:Creating package descriptor '/home/dxf/Desktop/li/moveit_ws/install/micro_urdf/share/micro_urdf/package.dsv'
[1.190s] INFO:colcon.colcon_core.shell:Creating package script '/home/dxf/Desktop/li/moveit_ws/install/micro_urdf/share/micro_urdf/package.sh'
[1.191s] INFO:colcon.colcon_core.shell:Creating package script '/home/dxf/Desktop/li/moveit_ws/install/micro_urdf/share/micro_urdf/package.bash'
[1.193s] INFO:colcon.colcon_core.shell:Creating package script '/home/dxf/Desktop/li/moveit_ws/install/micro_urdf/share/micro_urdf/package.zsh'
[1.195s] Level 1:colcon.colcon_core.environment:create_file_with_runtime_dependencies(/home/dxf/Desktop/li/moveit_ws/install/micro_urdf/share/colcon-core/packages/micro_urdf)
[1.197s] Level 1:colcon.colcon_core.environment:create_environment_scripts_only(micro_urdf)
[1.197s] Level 1:colcon.colcon_core.environment:checking '/home/dxf/Desktop/li/moveit_ws/install/micro_urdf' for CMake module files
[1.199s] Level 1:colcon.colcon_core.environment:checking '/home/dxf/Desktop/li/moveit_ws/install/micro_urdf' for CMake config files
[1.200s] Level 1:colcon.colcon_core.shell:create_environment_hook('micro_urdf', 'cmake_prefix_path')
[1.200s] INFO:colcon.colcon_core.shell:Creating environment hook '/home/dxf/Desktop/li/moveit_ws/install/micro_urdf/share/micro_urdf/hook/cmake_prefix_path.ps1'
[1.202s] INFO:colcon.colcon_core.shell:Creating environment descriptor '/home/dxf/Desktop/li/moveit_ws/install/micro_urdf/share/micro_urdf/hook/cmake_prefix_path.dsv'
[1.203s] INFO:colcon.colcon_core.shell:Creating environment hook '/home/dxf/Desktop/li/moveit_ws/install/micro_urdf/share/micro_urdf/hook/cmake_prefix_path.sh'
[1.205s] Level 1:colcon.colcon_core.environment:checking '/home/dxf/Desktop/li/moveit_ws/install/micro_urdf/bin'
[1.205s] Level 1:colcon.colcon_core.environment:checking '/home/dxf/Desktop/li/moveit_ws/install/micro_urdf/lib/pkgconfig/micro_urdf.pc'
[1.206s] Level 1:colcon.colcon_core.environment:checking '/home/dxf/Desktop/li/moveit_ws/install/micro_urdf/lib/python3.10/site-packages'
[1.208s] Level 1:colcon.colcon_core.environment:checking '/home/dxf/Desktop/li/moveit_ws/install/micro_urdf/bin'
[1.209s] INFO:colcon.colcon_core.shell:Creating package script '/home/dxf/Desktop/li/moveit_ws/install/micro_urdf/share/micro_urdf/package.ps1'
[1.211s] INFO:colcon.colcon_core.shell:Creating package descriptor '/home/dxf/Desktop/li/moveit_ws/install/micro_urdf/share/micro_urdf/package.dsv'
[1.213s] INFO:colcon.colcon_core.shell:Creating package script '/home/dxf/Desktop/li/moveit_ws/install/micro_urdf/share/micro_urdf/package.sh'
[1.214s] INFO:colcon.colcon_core.shell:Creating package script '/home/dxf/Desktop/li/moveit_ws/install/micro_urdf/share/micro_urdf/package.bash'
[1.216s] INFO:colcon.colcon_core.shell:Creating package script '/home/dxf/Desktop/li/moveit_ws/install/micro_urdf/share/micro_urdf/package.zsh'
[1.217s] Level 1:colcon.colcon_core.environment:create_file_with_runtime_dependencies(/home/dxf/Desktop/li/moveit_ws/install/micro_urdf/share/colcon-core/packages/micro_urdf)
[1.218s] DEBUG:colcon.colcon_parallel_executor.executor.parallel:closing loop
[1.219s] DEBUG:colcon.colcon_parallel_executor.executor.parallel:loop closed
[1.219s] DEBUG:colcon.colcon_parallel_executor.executor.parallel:run_until_complete finished with '0'
[1.219s] DEBUG:colcon.colcon_core.event_reactor:joining thread
[1.237s] INFO:colcon.colcon_core.plugin_system:Skipping extension 'colcon_notification.desktop_notification.terminal_notifier': Not used on non-Darwin systems
[1.237s] INFO:colcon.colcon_core.plugin_system:Skipping extension 'colcon_notification.desktop_notification.win32': Not used on non-Windows systems
[1.238s] INFO:colcon.colcon_notification.desktop_notification:Sending desktop notification using 'notify2'
[1.275s] DEBUG:colcon.colcon_core.event_reactor:joined thread
[1.277s] INFO:colcon.colcon_core.shell:Creating prefix script '/home/dxf/Desktop/li/moveit_ws/install/local_setup.ps1'
[1.281s] INFO:colcon.colcon_core.shell:Creating prefix util module '/home/dxf/Desktop/li/moveit_ws/install/_local_setup_util_ps1.py'
[1.287s] INFO:colcon.colcon_core.shell:Creating prefix chain script '/home/dxf/Desktop/li/moveit_ws/install/setup.ps1'
[1.291s] INFO:colcon.colcon_core.shell:Creating prefix script '/home/dxf/Desktop/li/moveit_ws/install/local_setup.sh'
[1.293s] INFO:colcon.colcon_core.shell:Creating prefix util module '/home/dxf/Desktop/li/moveit_ws/install/_local_setup_util_sh.py'
[1.295s] INFO:colcon.colcon_core.shell:Creating prefix chain script '/home/dxf/Desktop/li/moveit_ws/install/setup.sh'
[1.299s] INFO:colcon.colcon_core.shell:Creating prefix script '/home/dxf/Desktop/li/moveit_ws/install/local_setup.bash'
[1.301s] INFO:colcon.colcon_core.shell:Creating prefix chain script '/home/dxf/Desktop/li/moveit_ws/install/setup.bash'
[1.305s] INFO:colcon.colcon_core.shell:Creating prefix script '/home/dxf/Desktop/li/moveit_ws/install/local_setup.zsh'
[1.307s] INFO:colcon.colcon_core.shell:Creating prefix chain script '/home/dxf/Desktop/li/moveit_ws/install/setup.zsh'
